[0.155s] Invoking command in '/home/molen/Documents/sp_vision_tutorial_27/lecture4/build/turtlesim': CMAKE_PREFIX_PATH=/opt/ros/humble /usr/bin/cmake /home/molen/Documents/sp_vision_tutorial_27/lecture4/src/ep2/ros_tutorials/turtlesim -DCMAKE_INSTALL_PREFIX=/home/molen/Documents/sp_vision_tutorial_27/lecture4/install/turtlesim
[0.198s] -- The C compiler identification is GNU 11.4.0
[0.241s] -- The CXX compiler identification is GNU 11.4.0
[0.252s] -- Detecting C compiler ABI info
[0.315s] -- Detecting C compiler ABI info - done
[0.316s] -- Check for working C compiler: /usr/bin/cc - skipped
[0.316s] -- Detecting C compile features
[0.316s] -- Detecting C compile features - done
[0.318s] -- Detecting CXX compiler ABI info
[0.378s] -- Detecting CXX compiler ABI info - done
[0.382s] -- Check for working CXX compiler: /usr/bin/c++ - skipped
[0.383s] -- Detecting CXX compile features
[0.383s] -- Detecting CXX compile features - done
[0.384s] -- Found ament_cmake: 1.3.14 (/opt/ros/humble/share/ament_cmake/cmake)
[0.477s] -- Found Python3: /usr/bin/python3 (found version "3.10.12") found components: Interpreter 
[0.557s] -- Found ament_index_cpp: 1.4.1 (/opt/ros/humble/share/ament_index_cpp/cmake)
[0.560s] -- Found geometry_msgs: 4.9.2 (/opt/ros/humble/share/geometry_msgs/cmake)
[0.593s] -- Found rosidl_generator_c: 3.1.9 (/opt/ros/humble/share/rosidl_generator_c/cmake)
[0.596s] -- Found rosidl_adapter: 3.1.9 (/opt/ros/humble/share/rosidl_adapter/cmake)
[0.602s] -- Found rosidl_generator_cpp: 3.1.9 (/opt/ros/humble/share/rosidl_generator_cpp/cmake)
[0.614s] -- Using all available rosidl_typesupport_c: rosidl_typesupport_fastrtps_c;rosidl_typesupport_introspection_c
[0.623s] -- Using all available rosidl_typesupport_cpp: rosidl_typesupport_fastrtps_cpp;rosidl_typesupport_introspection_cpp
[0.689s] -- Found rclcpp: 16.0.21 (/opt/ros/humble/share/rclcpp/cmake)
[0.708s] -- Found rmw_implementation_cmake: 6.1.4 (/opt/ros/humble/share/rmw_implementation_cmake/cmake)
[0.709s] -- Found rmw_fastrtps_cpp: 6.2.10 (/opt/ros/humble/share/rmw_fastrtps_cpp/cmake)
[0.764s] -- Found OpenSSL: /usr/lib/x86_64-linux-gnu/libcrypto.so (found version "3.0.2")  
[0.778s] -- Found FastRTPS: /opt/ros/humble/include  
[0.800s] -- Using RMW implementation 'rmw_fastrtps_cpp' as default
[0.804s] -- Looking for pthread.h
[0.867s] -- Looking for pthread.h - found
[0.867s] -- Performing Test CMAKE_HAVE_LIBC_PTHREAD
[0.916s] -- Performing Test CMAKE_HAVE_LIBC_PTHREAD - Success
[0.916s] -- Found Threads: TRUE  
[0.959s] -- Found rclcpp_action: 16.0.21 (/opt/ros/humble/share/rclcpp_action/cmake)
[0.994s] -- Found rosidl_default_generators: 1.2.1 (/opt/ros/humble/share/rosidl_default_generators/cmake)
[1.003s] -- Found std_srvs: 4.9.2 (/opt/ros/humble/share/std_srvs/cmake)
[1.195s] -- Found ament_cmake_ros: 0.10.1 (/opt/ros/humble/share/ament_cmake_ros/cmake)
[1.400s] -- Using all available rosidl_typesupport_c: rosidl_typesupport_fastrtps_c;rosidl_typesupport_introspection_c
[1.559s] -- Using all available rosidl_typesupport_cpp: rosidl_typesupport_fastrtps_cpp;rosidl_typesupport_introspection_cpp
[1.602s] -- Found PythonInterp: /usr/bin/python3 (found suitable version "3.10.12", minimum required is "3.6") 
[1.603s] -- Found python_cmake_module: 0.10.0 (/opt/ros/humble/share/python_cmake_module/cmake)
[1.638s] -- Found PythonLibs: /usr/lib/x86_64-linux-gnu/libpython3.10.so (found suitable version "3.10.12", minimum required is "3.5") 
[1.638s] -- Using PYTHON_EXECUTABLE: /usr/bin/python3
[1.638s] -- Using PYTHON_INCLUDE_DIRS: /usr/include/python3.10
[1.638s] -- Using PYTHON_LIBRARIES: /usr/lib/x86_64-linux-gnu/libpython3.10.so
[1.669s] -- Found PythonExtra: .so  
[1.806s] -- Configuring done
[1.872s] -- Generating done
[1.900s] -- Build files have been written to: /home/molen/Documents/sp_vision_tutorial_27/lecture4/build/turtlesim
[1.935s] Invoked command in '/home/molen/Documents/sp_vision_tutorial_27/lecture4/build/turtlesim' returned '0': CMAKE_PREFIX_PATH=/opt/ros/humble /usr/bin/cmake /home/molen/Documents/sp_vision_tutorial_27/lecture4/src/ep2/ros_tutorials/turtlesim -DCMAKE_INSTALL_PREFIX=/home/molen/Documents/sp_vision_tutorial_27/lecture4/install/turtlesim
[1.936s] Invoking command in '/home/molen/Documents/sp_vision_tutorial_27/lecture4/build/turtlesim': CMAKE_PREFIX_PATH=/opt/ros/humble /usr/bin/cmake --build /home/molen/Documents/sp_vision_tutorial_27/lecture4/build/turtlesim -- -j8 -l8
[2.066s] [  1%] [34m[1mGenerating C code for ROS interfaces[0m
[2.074s] [  2%] [34m[1mGenerating Rust code for ROS interfaces[0m
[2.098s] [  3%] [34m[1mGenerating C++ code for ROS interfaces[0m
[2.111s] [  3%] Built target ament_cmake_python_copy_turtlesim
[2.260s] running egg_info
[2.265s] creating turtlesim.egg-info
[2.265s] writing turtlesim.egg-info/PKG-INFO
[2.265s] writing dependency_links to turtlesim.egg-info/dependency_links.txt
[2.265s] writing top-level names to turtlesim.egg-info/top_level.txt
[2.265s] writing manifest file 'turtlesim.egg-info/SOURCES.txt'
[2.265s] reading manifest file 'turtlesim.egg-info/SOURCES.txt'
[2.265s] writing manifest file 'turtlesim.egg-info/SOURCES.txt'
[2.278s] [  3%] Built target ament_cmake_python_build_turtlesim_egg
[2.454s] [  3%] Built target turtlesim__rs
[2.875s] [  3%] Built target turtlesim__cpp
[2.879s] [  4%] [32mBuilding C object CMakeFiles/turtlesim__rosidl_generator_c.dir/rosidl_generator_c/turtlesim/srv/detail/kill__functions.c.o[0m
[2.886s] [  5%] [32mBuilding C object CMakeFiles/turtlesim__rosidl_generator_c.dir/rosidl_generator_c/turtlesim/msg/detail/pose__functions.c.o[0m
[2.887s] [  6%] [32mBuilding C object CMakeFiles/turtlesim__rosidl_generator_c.dir/rosidl_generator_c/turtlesim/srv/detail/spawn__functions.c.o[0m
[2.888s] [  7%] [32mBuilding C object CMakeFiles/turtlesim__rosidl_generator_c.dir/rosidl_generator_c/turtlesim/action/detail/rotate_absolute__functions.c.o[0m
[2.888s] [  8%] [32mBuilding C object CMakeFiles/turtlesim__rosidl_generator_c.dir/rosidl_generator_c/turtlesim/msg/detail/color__functions.c.o[0m
[2.892s] [  9%] [34m[1mGenerating C++ type support for eProsima Fast-RTPS[0m
[2.892s] [ 11%] [32mBuilding C object CMakeFiles/turtlesim__rosidl_generator_c.dir/rosidl_generator_c/turtlesim/srv/detail/set_pen__functions.c.o[0m
[2.896s] [ 11%] [34m[1mGenerating C++ introspection for ROS interfaces[0m
[2.965s] [ 12%] [32mBuilding C object CMakeFiles/turtlesim__rosidl_generator_c.dir/rosidl_generator_c/turtlesim/srv/detail/teleport_relative__functions.c.o[0m
[2.965s] [ 13%] [32mBuilding C object CMakeFiles/turtlesim__rosidl_generator_c.dir/rosidl_generator_c/turtlesim/srv/detail/teleport_absolute__functions.c.o[0m
[2.968s] [ 14%] [34m[1mGenerating C++ type support dispatch for ROS interfaces[0m
[3.098s] [ 15%] [32m[1mLinking C shared library libturtlesim__rosidl_generator_c.so[0m
[3.197s] [ 15%] Built target turtlesim__rosidl_generator_c
[3.217s] [ 16%] [34m[1mGenerating C type support dispatch for ROS interfaces[0m
[3.219s] [ 17%] [34m[1mGenerating C type support for eProsima Fast-RTPS[0m
[3.243s] [ 18%] [34m[1mGenerating C introspection for ROS interfaces[0m
[3.363s] [ 19%] [32mBuilding CXX object CMakeFiles/turtlesim__rosidl_typesupport_cpp.dir/rosidl_typesupport_cpp/turtlesim/action/rotate_absolute__type_support.cpp.o[0m
[3.382s] [ 20%] [32mBuilding CXX object CMakeFiles/turtlesim__rosidl_typesupport_cpp.dir/rosidl_typesupport_cpp/turtlesim/msg/color__type_support.cpp.o[0m
[3.448s] [ 21%] [32mBuilding CXX object CMakeFiles/turtlesim__rosidl_typesupport_introspection_cpp.dir/rosidl_typesupport_introspection_cpp/turtlesim/action/detail/rotate_absolute__type_support.cpp.o[0m
[3.510s] [ 22%] [32mBuilding CXX object CMakeFiles/turtlesim__rosidl_typesupport_cpp.dir/rosidl_typesupport_cpp/turtlesim/msg/pose__type_support.cpp.o[0m
[3.583s] [ 23%] [32mBuilding CXX object CMakeFiles/turtlesim__rosidl_typesupport_fastrtps_cpp.dir/rosidl_typesupport_fastrtps_cpp/turtlesim/action/detail/dds_fastrtps/rotate_absolute__type_support.cpp.o[0m
[3.909s] [ 24%] [32mBuilding CXX object CMakeFiles/turtlesim__rosidl_typesupport_c.dir/rosidl_typesupport_c/turtlesim/action/rotate_absolute__type_support.cpp.o[0m
[4.027s] [ 25%] [32mBuilding CXX object CMakeFiles/turtlesim__rosidl_typesupport_introspection_cpp.dir/rosidl_typesupport_introspection_cpp/turtlesim/msg/detail/color__type_support.cpp.o[0m
[4.047s] [ 26%] [32mBuilding CXX object CMakeFiles/turtlesim__rosidl_typesupport_c.dir/rosidl_typesupport_c/turtlesim/msg/color__type_support.cpp.o[0m
[4.092s] [ 27%] [32mBuilding CXX object CMakeFiles/turtlesim__rosidl_typesupport_c.dir/rosidl_typesupport_c/turtlesim/msg/pose__type_support.cpp.o[0m
[4.146s] [ 28%] [32mBuilding CXX object CMakeFiles/turtlesim__rosidl_typesupport_c.dir/rosidl_typesupport_c/turtlesim/srv/set_pen__type_support.cpp.o[0m
[4.147s] [ 29%] [32mBuilding CXX object CMakeFiles/turtlesim__rosidl_typesupport_c.dir/rosidl_typesupport_c/turtlesim/srv/kill__type_support.cpp.o[0m
[4.215s] [ 31%] [32mBuilding CXX object CMakeFiles/turtlesim__rosidl_typesupport_fastrtps_c.dir/rosidl_typesupport_fastrtps_c/turtlesim/action/detail/rotate_absolute__type_support_c.cpp.o[0m
[4.215s] [ 31%] [32mBuilding CXX object CMakeFiles/turtlesim__rosidl_typesupport_fastrtps_c.dir/rosidl_typesupport_fastrtps_c/turtlesim/msg/detail/color__type_support_c.cpp.o[0m
[4.223s] [ 32%] [32mBuilding CXX object CMakeFiles/turtlesim__rosidl_typesupport_c.dir/rosidl_typesupport_c/turtlesim/srv/spawn__type_support.cpp.o[0m
[4.249s] [ 33%] [32mBuilding CXX object CMakeFiles/turtlesim__rosidl_typesupport_cpp.dir/rosidl_typesupport_cpp/turtlesim/srv/kill__type_support.cpp.o[0m
[4.282s] [ 34%] [32mBuilding C object CMakeFiles/turtlesim__rosidl_typesupport_introspection_c.dir/rosidl_typesupport_introspection_c/turtlesim/action/detail/rotate_absolute__type_support.c.o[0m
[4.285s] [ 35%] [32mBuilding CXX object CMakeFiles/turtlesim__rosidl_typesupport_c.dir/rosidl_typesupport_c/turtlesim/srv/teleport_absolute__type_support.cpp.o[0m
[4.328s] [ 36%] [32mBuilding CXX object CMakeFiles/turtlesim__rosidl_typesupport_c.dir/rosidl_typesupport_c/turtlesim/srv/teleport_relative__type_support.cpp.o[0m
[4.375s] [ 37%] [32m[1mLinking CXX shared library libturtlesim__rosidl_typesupport_c.so[0m
[4.467s] [ 38%] [32mBuilding C object CMakeFiles/turtlesim__rosidl_typesupport_introspection_c.dir/rosidl_typesupport_introspection_c/turtlesim/msg/detail/color__type_support.c.o[0m
[4.520s] [ 38%] Built target turtlesim__rosidl_typesupport_c
[4.527s] [ 39%] [32mBuilding CXX object CMakeFiles/turtlesim__rosidl_typesupport_introspection_cpp.dir/rosidl_typesupport_introspection_cpp/turtlesim/msg/detail/pose__type_support.cpp.o[0m
[4.550s] [ 40%] [32mBuilding CXX object CMakeFiles/turtlesim__rosidl_typesupport_introspection_cpp.dir/rosidl_typesupport_introspection_cpp/turtlesim/srv/detail/kill__type_support.cpp.o[0m
[4.556s] [ 41%] [32mBuilding C object CMakeFiles/turtlesim__rosidl_typesupport_introspection_c.dir/rosidl_typesupport_introspection_c/turtlesim/msg/detail/pose__type_support.c.o[0m
[4.596s] [ 42%] [32mBuilding CXX object CMakeFiles/turtlesim__rosidl_typesupport_fastrtps_cpp.dir/rosidl_typesupport_fastrtps_cpp/turtlesim/msg/detail/dds_fastrtps/color__type_support.cpp.o[0m
[4.621s] [ 43%] [32mBuilding C object CMakeFiles/turtlesim__rosidl_typesupport_introspection_c.dir/rosidl_typesupport_introspection_c/turtlesim/srv/detail/kill__type_support.c.o[0m
[4.676s] [ 44%] [32mBuilding CXX object CMakeFiles/turtlesim__rosidl_typesupport_cpp.dir/rosidl_typesupport_cpp/turtlesim/srv/set_pen__type_support.cpp.o[0m
[4.682s] [ 45%] [32mBuilding C object CMakeFiles/turtlesim__rosidl_typesupport_introspection_c.dir/rosidl_typesupport_introspection_c/turtlesim/srv/detail/set_pen__type_support.c.o[0m
[4.697s] [ 46%] [32mBuilding CXX object CMakeFiles/turtlesim__rosidl_typesupport_cpp.dir/rosidl_typesupport_cpp/turtlesim/srv/spawn__type_support.cpp.o[0m
[4.709s] [ 47%] [32mBuilding C object CMakeFiles/turtlesim__rosidl_typesupport_introspection_c.dir/rosidl_typesupport_introspection_c/turtlesim/srv/detail/spawn__type_support.c.o[0m
[4.746s] [ 48%] [32mBuilding C object CMakeFiles/turtlesim__rosidl_typesupport_introspection_c.dir/rosidl_typesupport_introspection_c/turtlesim/srv/detail/teleport_absolute__type_support.c.o[0m
[4.755s] [ 49%] [32mBuilding C object CMakeFiles/turtlesim__rosidl_typesupport_introspection_c.dir/rosidl_typesupport_introspection_c/turtlesim/srv/detail/teleport_relative__type_support.c.o[0m
[4.803s] [ 50%] [32mBuilding CXX object CMakeFiles/turtlesim__rosidl_typesupport_fastrtps_c.dir/rosidl_typesupport_fastrtps_c/turtlesim/msg/detail/pose__type_support_c.cpp.o[0m
[4.818s] [ 51%] [32m[1mLinking C shared library libturtlesim__rosidl_typesupport_introspection_c.so[0m
[4.854s] [ 52%] [32mBuilding CXX object CMakeFiles/turtlesim__rosidl_typesupport_fastrtps_c.dir/rosidl_typesupport_fastrtps_c/turtlesim/srv/detail/kill__type_support_c.cpp.o[0m
[4.887s] [ 52%] Built target turtlesim__rosidl_typesupport_introspection_c
[4.892s] [ 53%] [32mBuilding CXX object CMakeFiles/turtlesim__rosidl_typesupport_cpp.dir/rosidl_typesupport_cpp/turtlesim/srv/teleport_absolute__type_support.cpp.o[0m
[4.903s] [ 54%] [32mBuilding CXX object CMakeFiles/turtlesim__rosidl_typesupport_introspection_cpp.dir/rosidl_typesupport_introspection_cpp/turtlesim/srv/detail/set_pen__type_support.cpp.o[0m
[4.932s] [ 55%] [32mBuilding CXX object CMakeFiles/turtlesim__rosidl_typesupport_introspection_cpp.dir/rosidl_typesupport_introspection_cpp/turtlesim/srv/detail/spawn__type_support.cpp.o[0m
[4.936s] [ 56%] [32mBuilding CXX object CMakeFiles/turtlesim__rosidl_typesupport_fastrtps_cpp.dir/rosidl_typesupport_fastrtps_cpp/turtlesim/msg/detail/dds_fastrtps/pose__type_support.cpp.o[0m
[4.938s] [ 57%] [32mBuilding CXX object CMakeFiles/turtlesim__rosidl_typesupport_introspection_cpp.dir/rosidl_typesupport_introspection_cpp/turtlesim/srv/detail/teleport_absolute__type_support.cpp.o[0m
[5.025s] [ 58%] [32mBuilding CXX object CMakeFiles/turtlesim__rosidl_typesupport_cpp.dir/rosidl_typesupport_cpp/turtlesim/srv/teleport_relative__type_support.cpp.o[0m
[5.106s] [ 59%] [32mBuilding CXX object CMakeFiles/turtlesim__rosidl_typesupport_fastrtps_cpp.dir/rosidl_typesupport_fastrtps_cpp/turtlesim/srv/detail/dds_fastrtps/kill__type_support.cpp.o[0m
[5.118s] [ 60%] [32mBuilding CXX object CMakeFiles/turtlesim__rosidl_typesupport_introspection_cpp.dir/rosidl_typesupport_introspection_cpp/turtlesim/srv/detail/teleport_relative__type_support.cpp.o[0m
[5.157s] [ 61%] [32mBuilding CXX object CMakeFiles/turtlesim__rosidl_typesupport_fastrtps_cpp.dir/rosidl_typesupport_fastrtps_cpp/turtlesim/srv/detail/dds_fastrtps/set_pen__type_support.cpp.o[0m
[5.254s] [ 62%] [32m[1mLinking CXX shared library libturtlesim__rosidl_typesupport_cpp.so[0m
[5.278s] [ 63%] [32mBuilding CXX object CMakeFiles/turtlesim__rosidl_typesupport_fastrtps_cpp.dir/rosidl_typesupport_fastrtps_cpp/turtlesim/srv/detail/dds_fastrtps/spawn__type_support.cpp.o[0m
[5.280s] [ 64%] [32mBuilding CXX object CMakeFiles/turtlesim__rosidl_typesupport_fastrtps_c.dir/rosidl_typesupport_fastrtps_c/turtlesim/srv/detail/set_pen__type_support_c.cpp.o[0m
[5.318s] [ 64%] Built target turtlesim__rosidl_typesupport_cpp
[5.337s] [ 65%] [32mBuilding CXX object CMakeFiles/turtlesim__rosidl_typesupport_fastrtps_c.dir/rosidl_typesupport_fastrtps_c/turtlesim/srv/detail/spawn__type_support_c.cpp.o[0m
[5.341s] [ 66%] [34m[1mGenerating include/turtlesim/moc_turtle_frame.cpp[0m
[5.364s] [ 67%] [32mBuilding CXX object CMakeFiles/turtlesim__rosidl_typesupport_fastrtps_cpp.dir/rosidl_typesupport_fastrtps_cpp/turtlesim/srv/detail/dds_fastrtps/teleport_absolute__type_support.cpp.o[0m
[5.454s] [ 68%] [32m[1mLinking CXX shared library libturtlesim__rosidl_typesupport_introspection_cpp.so[0m
[5.496s] [ 69%] [32mBuilding CXX object CMakeFiles/turtlesim_node.dir/src/turtlesim.cpp.o[0m
[5.514s] [ 70%] [32mBuilding CXX object CMakeFiles/turtlesim__rosidl_typesupport_fastrtps_cpp.dir/rosidl_typesupport_fastrtps_cpp/turtlesim/srv/detail/dds_fastrtps/teleport_relative__type_support.cpp.o[0m
[5.535s] [ 71%] [32mBuilding CXX object CMakeFiles/turtlesim__rosidl_typesupport_fastrtps_c.dir/rosidl_typesupport_fastrtps_c/turtlesim/srv/detail/teleport_absolute__type_support_c.cpp.o[0m
[5.562s] [ 72%] [32mBuilding CXX object CMakeFiles/turtlesim_node.dir/src/turtle.cpp.o[0m
[5.581s] [ 72%] Built target turtlesim__rosidl_typesupport_introspection_cpp
[5.606s] [ 73%] [32mBuilding CXX object CMakeFiles/turtle_teleop_key.dir/tutorials/teleop_turtle_key.cpp.o[0m
[5.645s] [ 74%] [32mBuilding CXX object CMakeFiles/turtlesim__rosidl_typesupport_fastrtps_c.dir/rosidl_typesupport_fastrtps_c/turtlesim/srv/detail/teleport_relative__type_support_c.cpp.o[0m
[5.674s] [ 75%] [32mBuilding CXX object CMakeFiles/draw_square.dir/tutorials/draw_square.cpp.o[0m
[5.697s] [ 76%] [32mBuilding CXX object CMakeFiles/turtlesim_node.dir/src/turtle_frame.cpp.o[0m
[5.848s] [ 77%] [32m[1mLinking CXX shared library libturtlesim__rosidl_typesupport_fastrtps_cpp.so[0m
[5.894s] [ 78%] [32m[1mLinking CXX shared library libturtlesim__rosidl_typesupport_fastrtps_c.so[0m
[5.903s] [ 79%] [32mBuilding CXX object CMakeFiles/mimic.dir/tutorials/mimic.cpp.o[0m
[5.936s] [ 79%] Built target turtlesim__rosidl_typesupport_fastrtps_cpp
[5.950s] [ 80%] [32mBuilding CXX object CMakeFiles/turtlesim_node.dir/include/turtlesim/moc_turtle_frame.cpp.o[0m
[5.988s] [ 80%] Built target turtlesim__rosidl_typesupport_fastrtps_c
[6.025s] [ 80%] Built target turtlesim
[6.055s] [ 81%] [34m[1mGenerating Python code for ROS interfaces[0m
[7.180s] [ 81%] Built target turtlesim__py
[7.256s] [ 82%] [32mBuilding C object CMakeFiles/turtlesim__rosidl_generator_py.dir/rosidl_generator_py/turtlesim/action/_rotate_absolute_s.c.o[0m
[7.678s] [ 83%] [32mBuilding C object CMakeFiles/turtlesim__rosidl_generator_py.dir/rosidl_generator_py/turtlesim/msg/_color_s.c.o[0m
[7.989s] [ 84%] [32mBuilding C object CMakeFiles/turtlesim__rosidl_generator_py.dir/rosidl_generator_py/turtlesim/msg/_pose_s.c.o[0m
[8.245s] [ 85%] [32mBuilding C object CMakeFiles/turtlesim__rosidl_generator_py.dir/rosidl_generator_py/turtlesim/srv/_kill_s.c.o[0m
[8.470s] [ 86%] [32mBuilding C object CMakeFiles/turtlesim__rosidl_generator_py.dir/rosidl_generator_py/turtlesim/srv/_set_pen_s.c.o[0m
[8.535s] [ 87%] [32mBuilding C object CMakeFiles/turtlesim__rosidl_generator_py.dir/rosidl_generator_py/turtlesim/srv/_spawn_s.c.o[0m
[8.649s] [ 88%] [32mBuilding C object CMakeFiles/turtlesim__rosidl_generator_py.dir/rosidl_generator_py/turtlesim/srv/_teleport_absolute_s.c.o[0m
[8.899s] [ 89%] [32mBuilding C object CMakeFiles/turtlesim__rosidl_generator_py.dir/rosidl_generator_py/turtlesim/srv/_teleport_relative_s.c.o[0m
[9.071s] [ 90%] [32m[1mLinking C shared library rosidl_generator_py/turtlesim/libturtlesim__rosidl_generator_py.so[0m
[9.167s] [ 90%] Built target turtlesim__rosidl_generator_py
[9.252s] [ 91%] [32mBuilding C object CMakeFiles/turtlesim__rosidl_typesupport_fastrtps_c__pyext.dir/rosidl_generator_py/turtlesim/_turtlesim_s.ep.rosidl_typesupport_fastrtps_c.c.o[0m
[9.712s] [ 92%] [32m[1mLinking C shared library rosidl_generator_py/turtlesim/turtlesim_s__rosidl_typesupport_fastrtps_c.cpython-310-x86_64-linux-gnu.so[0m
[9.879s] [ 92%] Built target turtlesim__rosidl_typesupport_fastrtps_c__pyext
[9.959s] [ 93%] [32mBuilding C object CMakeFiles/turtlesim__rosidl_typesupport_introspection_c__pyext.dir/rosidl_generator_py/turtlesim/_turtlesim_s.ep.rosidl_typesupport_introspection_c.c.o[0m
[10.152s] [ 94%] [32mBuilding C object CMakeFiles/turtlesim__rosidl_typesupport_c__pyext.dir/rosidl_generator_py/turtlesim/_turtlesim_s.ep.rosidl_typesupport_c.c.o[0m
[10.180s] [ 95%] [32m[1mLinking C shared library rosidl_generator_py/turtlesim/turtlesim_s__rosidl_typesupport_introspection_c.cpython-310-x86_64-linux-gnu.so[0m
[10.241s] [ 95%] Built target turtlesim__rosidl_typesupport_introspection_c__pyext
[10.289s] [ 96%] [32m[1mLinking C shared library rosidl_generator_py/turtlesim/turtlesim_s__rosidl_typesupport_c.cpython-310-x86_64-linux-gnu.so[0m
[10.361s] [ 96%] Built target turtlesim__rosidl_typesupport_c__pyext
[11.671s] [ 97%] [32m[1mLinking CXX executable turtle_teleop_key[0m
[11.851s] [ 97%] Built target turtle_teleop_key
[12.859s] [ 98%] [32m[1mLinking CXX executable mimic[0m
[13.104s] [ 98%] Built target mimic
[13.331s] [ 99%] [32m[1mLinking CXX executable draw_square[0m
[13.593s] [ 99%] Built target draw_square
[14.794s] [100%] [32m[1mLinking CXX executable turtlesim_node[0m
[15.875s] [100%] Built target turtlesim_node
[15.883s] Invoked command in '/home/molen/Documents/sp_vision_tutorial_27/lecture4/build/turtlesim' returned '0': CMAKE_PREFIX_PATH=/opt/ros/humble /usr/bin/cmake --build /home/molen/Documents/sp_vision_tutorial_27/lecture4/build/turtlesim -- -j8 -l8
[15.884s] Invoking command in '/home/molen/Documents/sp_vision_tutorial_27/lecture4/build/turtlesim': CMAKE_PREFIX_PATH=/opt/ros/humble /usr/bin/cmake --install /home/molen/Documents/sp_vision_tutorial_27/lecture4/build/turtlesim
[15.891s] -- Install configuration: ""
[15.891s] -- Installing: /home/molen/Documents/sp_vision_tutorial_27/lecture4/install/turtlesim/share/ament_index/resource_index/rosidl_interfaces/turtlesim
[15.891s] -- Installing: /home/molen/Documents/sp_vision_tutorial_27/lecture4/install/turtlesim/include/turtlesim/turtlesim
[15.891s] -- Installing: /home/molen/Documents/sp_vision_tutorial_27/lecture4/install/turtlesim/include/turtlesim/turtlesim/msg
[15.891s] -- Installing: /home/molen/Documents/sp_vision_tutorial_27/lecture4/install/turtlesim/include/turtlesim/turtlesim/msg/rosidl_generator_c__visibility_control.h
[15.891s] -- Installing: /home/molen/Documents/sp_vision_tutorial_27/lecture4/install/turtlesim/include/turtlesim/turtlesim/msg/pose.h
[15.891s] -- Installing: /home/molen/Documents/sp_vision_tutorial_27/lecture4/install/turtlesim/include/turtlesim/turtlesim/msg/color.h
[15.891s] -- Installing: /home/molen/Documents/sp_vision_tutorial_27/lecture4/install/turtlesim/include/turtlesim/turtlesim/msg/detail
[15.891s] -- Installing: /home/molen/Documents/sp_vision_tutorial_27/lecture4/install/turtlesim/include/turtlesim/turtlesim/msg/detail/color__type_support.h
[15.892s] -- Installing: /home/molen/Documents/sp_vision_tutorial_27/lecture4/install/turtlesim/include/turtlesim/turtlesim/msg/detail/pose__functions.c
[15.892s] -- Installing: /home/molen/Documents/sp_vision_tutorial_27/lecture4/install/turtlesim/include/turtlesim/turtlesim/msg/detail/pose__functions.h
[15.892s] -- Installing: /home/molen/Documents/sp_vision_tutorial_27/lecture4/install/turtlesim/include/turtlesim/turtlesim/msg/detail/color__struct.h
[15.892s] -- Installing: /home/molen/Documents/sp_vision_tutorial_27/lecture4/install/turtlesim/include/turtlesim/turtlesim/msg/detail/pose__struct.h
[15.892s] -- Installing: /home/molen/Documents/sp_vision_tutorial_27/lecture4/install/turtlesim/include/turtlesim/turtlesim/msg/detail/color__functions.c
[15.892s] -- Installing: /home/molen/Documents/sp_vision_tutorial_27/lecture4/install/turtlesim/include/turtlesim/turtlesim/msg/detail/color__functions.h
[15.892s] -- Installing: /home/molen/Documents/sp_vision_tutorial_27/lecture4/install/turtlesim/include/turtlesim/turtlesim/msg/detail/pose__type_support.h
[15.892s] -- Installing: /home/molen/Documents/sp_vision_tutorial_27/lecture4/install/turtlesim/include/turtlesim/turtlesim/srv
[15.892s] -- Installing: /home/molen/Documents/sp_vision_tutorial_27/lecture4/install/turtlesim/include/turtlesim/turtlesim/srv/teleport_absolute.h
[15.892s] -- Installing: /home/molen/Documents/sp_vision_tutorial_27/lecture4/install/turtlesim/include/turtlesim/turtlesim/srv/spawn.h
[15.892s] -- Installing: /home/molen/Documents/sp_vision_tutorial_27/lecture4/install/turtlesim/include/turtlesim/turtlesim/srv/detail
[15.893s] -- Installing: /home/molen/Documents/sp_vision_tutorial_27/lecture4/install/turtlesim/include/turtlesim/turtlesim/srv/detail/set_pen__functions.h
[15.893s] -- Installing: /home/molen/Documents/sp_vision_tutorial_27/lecture4/install/turtlesim/include/turtlesim/turtlesim/srv/detail/teleport_relative__type_support.h
[15.893s] -- Installing: /home/molen/Documents/sp_vision_tutorial_27/lecture4/install/turtlesim/include/turtlesim/turtlesim/srv/detail/kill__functions.h
[15.893s] -- Installing: /home/molen/Documents/sp_vision_tutorial_27/lecture4/install/turtlesim/include/turtlesim/turtlesim/srv/detail/spawn__struct.h
[15.893s] -- Installing: /home/molen/Documents/sp_vision_tutorial_27/lecture4/install/turtlesim/include/turtlesim/turtlesim/srv/detail/teleport_absolute__struct.h
[15.893s] -- Installing: /home/molen/Documents/sp_vision_tutorial_27/lecture4/install/turtlesim/include/turtlesim/turtlesim/srv/detail/spawn__type_support.h
[15.893s] -- Installing: /home/molen/Documents/sp_vision_tutorial_27/lecture4/install/turtlesim/include/turtlesim/turtlesim/srv/detail/kill__functions.c
[15.893s] -- Installing: /home/molen/Documents/sp_vision_tutorial_27/lecture4/install/turtlesim/include/turtlesim/turtlesim/srv/detail/spawn__functions.c
[15.893s] -- Installing: /home/molen/Documents/sp_vision_tutorial_27/lecture4/install/turtlesim/include/turtlesim/turtlesim/srv/detail/teleport_absolute__type_support.h
[15.893s] -- Installing: /home/molen/Documents/sp_vision_tutorial_27/lecture4/install/turtlesim/include/turtlesim/turtlesim/srv/detail/set_pen__struct.h
[15.893s] -- Installing: /home/molen/Documents/sp_vision_tutorial_27/lecture4/install/turtlesim/include/turtlesim/turtlesim/srv/detail/teleport_absolute__functions.h
[15.894s] -- Installing: /home/molen/Documents/sp_vision_tutorial_27/lecture4/install/turtlesim/include/turtlesim/turtlesim/srv/detail/set_pen__type_support.h
[15.894s] -- Installing: /home/molen/Documents/sp_vision_tutorial_27/lecture4/install/turtlesim/include/turtlesim/turtlesim/srv/detail/teleport_relative__functions.h
[15.894s] -- Installing: /home/molen/Documents/sp_vision_tutorial_27/lecture4/install/turtlesim/include/turtlesim/turtlesim/srv/detail/set_pen__functions.c
[15.894s] -- Installing: /home/molen/Documents/sp_vision_tutorial_27/lecture4/install/turtlesim/include/turtlesim/turtlesim/srv/detail/kill__type_support.h
[15.894s] -- Installing: /home/molen/Documents/sp_vision_tutorial_27/lecture4/install/turtlesim/include/turtlesim/turtlesim/srv/detail/kill__struct.h
[15.894s] -- Installing: /home/molen/Documents/sp_vision_tutorial_27/lecture4/install/turtlesim/include/turtlesim/turtlesim/srv/detail/spawn__functions.h
[15.894s] -- Installing: /home/molen/Documents/sp_vision_tutorial_27/lecture4/install/turtlesim/include/turtlesim/turtlesim/srv/detail/teleport_absolute__functions.c
[15.894s] -- Installing: /home/molen/Documents/sp_vision_tutorial_27/lecture4/install/turtlesim/include/turtlesim/turtlesim/srv/detail/teleport_relative__struct.h
[15.894s] -- Installing: /home/molen/Documents/sp_vision_tutorial_27/lecture4/install/turtlesim/include/turtlesim/turtlesim/srv/detail/teleport_relative__functions.c
[15.894s] -- Installing: /home/molen/Documents/sp_vision_tutorial_27/lecture4/install/turtlesim/include/turtlesim/turtlesim/srv/kill.h
[15.894s] -- Installing: /home/molen/Documents/sp_vision_tutorial_27/lecture4/install/turtlesim/include/turtlesim/turtlesim/srv/teleport_relative.h
[15.894s] -- Installing: /home/molen/Documents/sp_vision_tutorial_27/lecture4/install/turtlesim/include/turtlesim/turtlesim/srv/set_pen.h
[15.894s] -- Installing: /home/molen/Documents/sp_vision_tutorial_27/lecture4/install/turtlesim/include/turtlesim/turtlesim/action
[15.894s] -- Installing: /home/molen/Documents/sp_vision_tutorial_27/lecture4/install/turtlesim/include/turtlesim/turtlesim/action/rotate_absolute.h
[15.894s] -- Installing: /home/molen/Documents/sp_vision_tutorial_27/lecture4/install/turtlesim/include/turtlesim/turtlesim/action/detail
[15.894s] -- Installing: /home/molen/Documents/sp_vision_tutorial_27/lecture4/install/turtlesim/include/turtlesim/turtlesim/action/detail/rotate_absolute__functions.c
[15.895s] -- Installing: /home/molen/Documents/sp_vision_tutorial_27/lecture4/install/turtlesim/include/turtlesim/turtlesim/action/detail/rotate_absolute__type_support.h
[15.895s] -- Installing: /home/molen/Documents/sp_vision_tutorial_27/lecture4/install/turtlesim/include/turtlesim/turtlesim/action/detail/rotate_absolute__functions.h
[15.895s] -- Installing: /home/molen/Documents/sp_vision_tutorial_27/lecture4/install/turtlesim/include/turtlesim/turtlesim/action/detail/rotate_absolute__struct.h
[15.895s] -- Installing: /home/molen/Documents/sp_vision_tutorial_27/lecture4/install/turtlesim/share/turtlesim/environment/library_path.sh
[15.895s] -- Installing: /home/molen/Documents/sp_vision_tutorial_27/lecture4/install/turtlesim/share/turtlesim/environment/library_path.dsv
[15.895s] -- Installing: /home/molen/Documents/sp_vision_tutorial_27/lecture4/install/turtlesim/lib/libturtlesim__rosidl_generator_c.so
[15.895s] -- Set runtime path of "/home/molen/Documents/sp_vision_tutorial_27/lecture4/install/turtlesim/lib/libturtlesim__rosidl_generator_c.so" to ""
[15.895s] -- Up-to-date: /home/molen/Documents/sp_vision_tutorial_27/lecture4/install/turtlesim/include/turtlesim/turtlesim
[15.895s] -- Up-to-date: /home/molen/Documents/sp_vision_tutorial_27/lecture4/install/turtlesim/include/turtlesim/turtlesim/msg
[15.895s] -- Installing: /home/molen/Documents/sp_vision_tutorial_27/lecture4/install/turtlesim/include/turtlesim/turtlesim/msg/rosidl_typesupport_fastrtps_c__visibility_control.h
[15.895s] -- Up-to-date: /home/molen/Documents/sp_vision_tutorial_27/lecture4/install/turtlesim/include/turtlesim/turtlesim/msg/detail
[15.895s] -- Installing: /home/molen/Documents/sp_vision_tutorial_27/lecture4/install/turtlesim/include/turtlesim/turtlesim/msg/detail/color__rosidl_typesupport_fastrtps_c.h
[15.895s] -- Installing: /home/molen/Documents/sp_vision_tutorial_27/lecture4/install/turtlesim/include/turtlesim/turtlesim/msg/detail/pose__rosidl_typesupport_fastrtps_c.h
[15.895s] -- Up-to-date: /home/molen/Documents/sp_vision_tutorial_27/lecture4/install/turtlesim/include/turtlesim/turtlesim/srv
[15.896s] -- Up-to-date: /home/molen/Documents/sp_vision_tutorial_27/lecture4/install/turtlesim/include/turtlesim/turtlesim/srv/detail
[15.896s] -- Installing: /home/molen/Documents/sp_vision_tutorial_27/lecture4/install/turtlesim/include/turtlesim/turtlesim/srv/detail/spawn__rosidl_typesupport_fastrtps_c.h
[15.896s] -- Installing: /home/molen/Documents/sp_vision_tutorial_27/lecture4/install/turtlesim/include/turtlesim/turtlesim/srv/detail/teleport_relative__rosidl_typesupport_fastrtps_c.h
[15.896s] -- Installing: /home/molen/Documents/sp_vision_tutorial_27/lecture4/install/turtlesim/include/turtlesim/turtlesim/srv/detail/set_pen__rosidl_typesupport_fastrtps_c.h
[15.896s] -- Installing: /home/molen/Documents/sp_vision_tutorial_27/lecture4/install/turtlesim/include/turtlesim/turtlesim/srv/detail/teleport_absolute__rosidl_typesupport_fastrtps_c.h
[15.896s] -- Installing: /home/molen/Documents/sp_vision_tutorial_27/lecture4/install/turtlesim/include/turtlesim/turtlesim/srv/detail/kill__rosidl_typesupport_fastrtps_c.h
[15.896s] -- Up-to-date: /home/molen/Documents/sp_vision_tutorial_27/lecture4/install/turtlesim/include/turtlesim/turtlesim/action
[15.896s] -- Up-to-date: /home/molen/Documents/sp_vision_tutorial_27/lecture4/install/turtlesim/include/turtlesim/turtlesim/action/detail
[15.896s] -- Installing: /home/molen/Documents/sp_vision_tutorial_27/lecture4/install/turtlesim/include/turtlesim/turtlesim/action/detail/rotate_absolute__rosidl_typesupport_fastrtps_c.h
[15.896s] -- Installing: /home/molen/Documents/sp_vision_tutorial_27/lecture4/install/turtlesim/lib/libturtlesim__rosidl_typesupport_fastrtps_c.so
[15.896s] -- Set runtime path of "/home/molen/Documents/sp_vision_tutorial_27/lecture4/install/turtlesim/lib/libturtlesim__rosidl_typesupport_fastrtps_c.so" to ""
[15.896s] -- Up-to-date: /home/molen/Documents/sp_vision_tutorial_27/lecture4/install/turtlesim/include/turtlesim/turtlesim
[15.896s] -- Up-to-date: /home/molen/Documents/sp_vision_tutorial_27/lecture4/install/turtlesim/include/turtlesim/turtlesim/msg
[15.896s] -- Installing: /home/molen/Documents/sp_vision_tutorial_27/lecture4/install/turtlesim/include/turtlesim/turtlesim/msg/rosidl_generator_cpp__visibility_control.hpp
[15.897s] -- Installing: /home/molen/Documents/sp_vision_tutorial_27/lecture4/install/turtlesim/include/turtlesim/turtlesim/msg/pose.hpp
[15.897s] -- Installing: /home/molen/Documents/sp_vision_tutorial_27/lecture4/install/turtlesim/include/turtlesim/turtlesim/msg/color.hpp
[15.897s] -- Up-to-date: /home/molen/Documents/sp_vision_tutorial_27/lecture4/install/turtlesim/include/turtlesim/turtlesim/msg/detail
[15.897s] -- Installing: /home/molen/Documents/sp_vision_tutorial_27/lecture4/install/turtlesim/include/turtlesim/turtlesim/msg/detail/color__struct.hpp
[15.897s] -- Installing: /home/molen/Documents/sp_vision_tutorial_27/lecture4/install/turtlesim/include/turtlesim/turtlesim/msg/detail/pose__type_support.hpp
[15.897s] -- Installing: /home/molen/Documents/sp_vision_tutorial_27/lecture4/install/turtlesim/include/turtlesim/turtlesim/msg/detail/pose__struct.hpp
[15.897s] -- Installing: /home/molen/Documents/sp_vision_tutorial_27/lecture4/install/turtlesim/include/turtlesim/turtlesim/msg/detail/pose__builder.hpp
[15.897s] -- Installing: /home/molen/Documents/sp_vision_tutorial_27/lecture4/install/turtlesim/include/turtlesim/turtlesim/msg/detail/color__traits.hpp
[15.897s] -- Installing: /home/molen/Documents/sp_vision_tutorial_27/lecture4/install/turtlesim/include/turtlesim/turtlesim/msg/detail/color__builder.hpp
[15.897s] -- Installing: /home/molen/Documents/sp_vision_tutorial_27/lecture4/install/turtlesim/include/turtlesim/turtlesim/msg/detail/pose__traits.hpp
[15.897s] -- Installing: /home/molen/Documents/sp_vision_tutorial_27/lecture4/install/turtlesim/include/turtlesim/turtlesim/msg/detail/color__type_support.hpp
[15.897s] -- Up-to-date: /home/molen/Documents/sp_vision_tutorial_27/lecture4/install/turtlesim/include/turtlesim/turtlesim/srv
[15.898s] -- Installing: /home/molen/Documents/sp_vision_tutorial_27/lecture4/install/turtlesim/include/turtlesim/turtlesim/srv/kill.hpp
[15.898s] -- Installing: /home/molen/Documents/sp_vision_tutorial_27/lecture4/install/turtlesim/include/turtlesim/turtlesim/srv/spawn.hpp
[15.898s] -- Installing: /home/molen/Documents/sp_vision_tutorial_27/lecture4/install/turtlesim/include/turtlesim/turtlesim/srv/set_pen.hpp
[15.898s] -- Installing: /home/molen/Documents/sp_vision_tutorial_27/lecture4/install/turtlesim/include/turtlesim/turtlesim/srv/teleport_absolute.hpp
[15.898s] -- Installing: /home/molen/Documents/sp_vision_tutorial_27/lecture4/install/turtlesim/include/turtlesim/turtlesim/srv/teleport_relative.hpp
[15.898s] -- Up-to-date: /home/molen/Documents/sp_vision_tutorial_27/lecture4/install/turtlesim/include/turtlesim/turtlesim/srv/detail
[15.898s] -- Installing: /home/molen/Documents/sp_vision_tutorial_27/lecture4/install/turtlesim/include/turtlesim/turtlesim/srv/detail/spawn__builder.hpp
[15.898s] -- Installing: /home/molen/Documents/sp_vision_tutorial_27/lecture4/install/turtlesim/include/turtlesim/turtlesim/srv/detail/kill__struct.hpp
[15.898s] -- Installing: /home/molen/Documents/sp_vision_tutorial_27/lecture4/install/turtlesim/include/turtlesim/turtlesim/srv/detail/spawn__type_support.hpp
[15.898s] -- Installing: /home/molen/Documents/sp_vision_tutorial_27/lecture4/install/turtlesim/include/turtlesim/turtlesim/srv/detail/set_pen__type_support.hpp
[15.898s] -- Installing: /home/molen/Documents/sp_vision_tutorial_27/lecture4/install/turtlesim/include/turtlesim/turtlesim/srv/detail/kill__builder.hpp
[15.898s] -- Installing: /home/molen/Documents/sp_vision_tutorial_27/lecture4/install/turtlesim/include/turtlesim/turtlesim/srv/detail/spawn__traits.hpp
[15.898s] -- Installing: /home/molen/Documents/sp_vision_tutorial_27/lecture4/install/turtlesim/include/turtlesim/turtlesim/srv/detail/kill__type_support.hpp
[15.899s] -- Installing: /home/molen/Documents/sp_vision_tutorial_27/lecture4/install/turtlesim/include/turtlesim/turtlesim/srv/detail/set_pen__traits.hpp
[15.899s] -- Installing: /home/molen/Documents/sp_vision_tutorial_27/lecture4/install/turtlesim/include/turtlesim/turtlesim/srv/detail/teleport_relative__type_support.hpp
[15.899s] -- Installing: /home/molen/Documents/sp_vision_tutorial_27/lecture4/install/turtlesim/include/turtlesim/turtlesim/srv/detail/teleport_relative__struct.hpp
[15.899s] -- Installing: /home/molen/Documents/sp_vision_tutorial_27/lecture4/install/turtlesim/include/turtlesim/turtlesim/srv/detail/teleport_absolute__builder.hpp
[15.899s] -- Installing: /home/molen/Documents/sp_vision_tutorial_27/lecture4/install/turtlesim/include/turtlesim/turtlesim/srv/detail/teleport_absolute__type_support.hpp
[15.899s] -- Installing: /home/molen/Documents/sp_vision_tutorial_27/lecture4/install/turtlesim/include/turtlesim/turtlesim/srv/detail/spawn__struct.hpp
[15.899s] -- Installing: /home/molen/Documents/sp_vision_tutorial_27/lecture4/install/turtlesim/include/turtlesim/turtlesim/srv/detail/teleport_absolute__struct.hpp
[15.899s] -- Installing: /home/molen/Documents/sp_vision_tutorial_27/lecture4/install/turtlesim/include/turtlesim/turtlesim/srv/detail/set_pen__builder.hpp
[15.899s] -- Installing: /home/molen/Documents/sp_vision_tutorial_27/lecture4/install/turtlesim/include/turtlesim/turtlesim/srv/detail/teleport_relative__builder.hpp
[15.899s] -- Installing: /home/molen/Documents/sp_vision_tutorial_27/lecture4/install/turtlesim/include/turtlesim/turtlesim/srv/detail/teleport_absolute__traits.hpp
[15.899s] -- Installing: /home/molen/Documents/sp_vision_tutorial_27/lecture4/install/turtlesim/include/turtlesim/turtlesim/srv/detail/kill__traits.hpp
[15.899s] -- Installing: /home/molen/Documents/sp_vision_tutorial_27/lecture4/install/turtlesim/include/turtlesim/turtlesim/srv/detail/teleport_relative__traits.hpp
[15.900s] -- Installing: /home/molen/Documents/sp_vision_tutorial_27/lecture4/install/turtlesim/include/turtlesim/turtlesim/srv/detail/set_pen__struct.hpp
[15.900s] -- Up-to-date: /home/molen/Documents/sp_vision_tutorial_27/lecture4/install/turtlesim/include/turtlesim/turtlesim/action
[15.900s] -- Up-to-date: /home/molen/Documents/sp_vision_tutorial_27/lecture4/install/turtlesim/include/turtlesim/turtlesim/action/detail
[15.900s] -- Installing: /home/molen/Documents/sp_vision_tutorial_27/lecture4/install/turtlesim/include/turtlesim/turtlesim/action/detail/rotate_absolute__builder.hpp
[15.900s] -- Installing: /home/molen/Documents/sp_vision_tutorial_27/lecture4/install/turtlesim/include/turtlesim/turtlesim/action/detail/rotate_absolute__struct.hpp
[15.900s] -- Installing: /home/molen/Documents/sp_vision_tutorial_27/lecture4/install/turtlesim/include/turtlesim/turtlesim/action/detail/rotate_absolute__traits.hpp
[15.900s] -- Installing: /home/molen/Documents/sp_vision_tutorial_27/lecture4/install/turtlesim/include/turtlesim/turtlesim/action/detail/rotate_absolute__type_support.hpp
[15.900s] -- Installing: /home/molen/Documents/sp_vision_tutorial_27/lecture4/install/turtlesim/include/turtlesim/turtlesim/action/rotate_absolute.hpp
[15.900s] -- Up-to-date: /home/molen/Documents/sp_vision_tutorial_27/lecture4/install/turtlesim/include/turtlesim/turtlesim
[15.900s] -- Up-to-date: /home/molen/Documents/sp_vision_tutorial_27/lecture4/install/turtlesim/include/turtlesim/turtlesim/msg
[15.900s] -- Installing: /home/molen/Documents/sp_vision_tutorial_27/lecture4/install/turtlesim/include/turtlesim/turtlesim/msg/rosidl_typesupport_fastrtps_cpp__visibility_control.h
[15.900s] -- Up-to-date: /home/molen/Documents/sp_vision_tutorial_27/lecture4/install/turtlesim/include/turtlesim/turtlesim/msg/detail
[15.900s] -- Installing: /home/molen/Documents/sp_vision_tutorial_27/lecture4/install/turtlesim/include/turtlesim/turtlesim/msg/detail/color__rosidl_typesupport_fastrtps_cpp.hpp
[15.900s] -- Installing: /home/molen/Documents/sp_vision_tutorial_27/lecture4/install/turtlesim/include/turtlesim/turtlesim/msg/detail/pose__rosidl_typesupport_fastrtps_cpp.hpp
[15.900s] -- Installing: /home/molen/Documents/sp_vision_tutorial_27/lecture4/install/turtlesim/include/turtlesim/turtlesim/msg/detail/dds_fastrtps
[15.900s] -- Up-to-date: /home/molen/Documents/sp_vision_tutorial_27/lecture4/install/turtlesim/include/turtlesim/turtlesim/srv
[15.900s] -- Up-to-date: /home/molen/Documents/sp_vision_tutorial_27/lecture4/install/turtlesim/include/turtlesim/turtlesim/srv/detail
[15.901s] -- Installing: /home/molen/Documents/sp_vision_tutorial_27/lecture4/install/turtlesim/include/turtlesim/turtlesim/srv/detail/set_pen__rosidl_typesupport_fastrtps_cpp.hpp
[15.901s] -- Installing: /home/molen/Documents/sp_vision_tutorial_27/lecture4/install/turtlesim/include/turtlesim/turtlesim/srv/detail/teleport_relative__rosidl_typesupport_fastrtps_cpp.hpp
[15.901s] -- Installing: /home/molen/Documents/sp_vision_tutorial_27/lecture4/install/turtlesim/include/turtlesim/turtlesim/srv/detail/teleport_absolute__rosidl_typesupport_fastrtps_cpp.hpp
[15.901s] -- Installing: /home/molen/Documents/sp_vision_tutorial_27/lecture4/install/turtlesim/include/turtlesim/turtlesim/srv/detail/spawn__rosidl_typesupport_fastrtps_cpp.hpp
[15.901s] -- Installing: /home/molen/Documents/sp_vision_tutorial_27/lecture4/install/turtlesim/include/turtlesim/turtlesim/srv/detail/kill__rosidl_typesupport_fastrtps_cpp.hpp
[15.901s] -- Installing: /home/molen/Documents/sp_vision_tutorial_27/lecture4/install/turtlesim/include/turtlesim/turtlesim/srv/detail/dds_fastrtps
[15.901s] -- Up-to-date: /home/molen/Documents/sp_vision_tutorial_27/lecture4/install/turtlesim/include/turtlesim/turtlesim/action
[15.901s] -- Up-to-date: /home/molen/Documents/sp_vision_tutorial_27/lecture4/install/turtlesim/include/turtlesim/turtlesim/action/detail
[15.901s] -- Installing: /home/molen/Documents/sp_vision_tutorial_27/lecture4/install/turtlesim/include/turtlesim/turtlesim/action/detail/rotate_absolute__rosidl_typesupport_fastrtps_cpp.hpp
[15.901s] -- Installing: /home/molen/Documents/sp_vision_tutorial_27/lecture4/install/turtlesim/include/turtlesim/turtlesim/action/detail/dds_fastrtps
[15.901s] -- Installing: /home/molen/Documents/sp_vision_tutorial_27/lecture4/install/turtlesim/lib/libturtlesim__rosidl_typesupport_fastrtps_cpp.so
[15.901s] -- Set runtime path of "/home/molen/Documents/sp_vision_tutorial_27/lecture4/install/turtlesim/lib/libturtlesim__rosidl_typesupport_fastrtps_cpp.so" to ""
[15.901s] -- Up-to-date: /home/molen/Documents/sp_vision_tutorial_27/lecture4/install/turtlesim/include/turtlesim/turtlesim
[15.901s] -- Up-to-date: /home/molen/Documents/sp_vision_tutorial_27/lecture4/install/turtlesim/include/turtlesim/turtlesim/msg
[15.901s] -- Installing: /home/molen/Documents/sp_vision_tutorial_27/lecture4/install/turtlesim/include/turtlesim/turtlesim/msg/rosidl_typesupport_introspection_c__visibility_control.h
[15.901s] -- Up-to-date: /home/molen/Documents/sp_vision_tutorial_27/lecture4/install/turtlesim/include/turtlesim/turtlesim/msg/detail
[15.902s] -- Installing: /home/molen/Documents/sp_vision_tutorial_27/lecture4/install/turtlesim/include/turtlesim/turtlesim/msg/detail/color__type_support.c
[15.902s] -- Installing: /home/molen/Documents/sp_vision_tutorial_27/lecture4/install/turtlesim/include/turtlesim/turtlesim/msg/detail/pose__type_support.c
[15.902s] -- Installing: /home/molen/Documents/sp_vision_tutorial_27/lecture4/install/turtlesim/include/turtlesim/turtlesim/msg/detail/color__rosidl_typesupport_introspection_c.h
[15.902s] -- Installing: /home/molen/Documents/sp_vision_tutorial_27/lecture4/install/turtlesim/include/turtlesim/turtlesim/msg/detail/pose__rosidl_typesupport_introspection_c.h
[15.902s] -- Up-to-date: /home/molen/Documents/sp_vision_tutorial_27/lecture4/install/turtlesim/include/turtlesim/turtlesim/srv
[15.902s] -- Up-to-date: /home/molen/Documents/sp_vision_tutorial_27/lecture4/install/turtlesim/include/turtlesim/turtlesim/srv/detail
[15.902s] -- Installing: /home/molen/Documents/sp_vision_tutorial_27/lecture4/install/turtlesim/include/turtlesim/turtlesim/srv/detail/kill__rosidl_typesupport_introspection_c.h
[15.902s] -- Installing: /home/molen/Documents/sp_vision_tutorial_27/lecture4/install/turtlesim/include/turtlesim/turtlesim/srv/detail/spawn__type_support.c
[15.902s] -- Installing: /home/molen/Documents/sp_vision_tutorial_27/lecture4/install/turtlesim/include/turtlesim/turtlesim/srv/detail/teleport_relative__type_support.c
[15.902s] -- Installing: /home/molen/Documents/sp_vision_tutorial_27/lecture4/install/turtlesim/include/turtlesim/turtlesim/srv/detail/kill__type_support.c
[15.902s] -- Installing: /home/molen/Documents/sp_vision_tutorial_27/lecture4/install/turtlesim/include/turtlesim/turtlesim/srv/detail/set_pen__rosidl_typesupport_introspection_c.h
[15.902s] -- Installing: /home/molen/Documents/sp_vision_tutorial_27/lecture4/install/turtlesim/include/turtlesim/turtlesim/srv/detail/teleport_relative__rosidl_typesupport_introspection_c.h
[15.903s] -- Installing: /home/molen/Documents/sp_vision_tutorial_27/lecture4/install/turtlesim/include/turtlesim/turtlesim/srv/detail/teleport_absolute__type_support.c
[15.903s] -- Installing: /home/molen/Documents/sp_vision_tutorial_27/lecture4/install/turtlesim/include/turtlesim/turtlesim/srv/detail/spawn__rosidl_typesupport_introspection_c.h
[15.903s] -- Installing: /home/molen/Documents/sp_vision_tutorial_27/lecture4/install/turtlesim/include/turtlesim/turtlesim/srv/detail/set_pen__type_support.c
[15.903s] -- Installing: /home/molen/Documents/sp_vision_tutorial_27/lecture4/install/turtlesim/include/turtlesim/turtlesim/srv/detail/teleport_absolute__rosidl_typesupport_introspection_c.h
[15.903s] -- Up-to-date: /home/molen/Documents/sp_vision_tutorial_27/lecture4/install/turtlesim/include/turtlesim/turtlesim/action
[15.903s] -- Up-to-date: /home/molen/Documents/sp_vision_tutorial_27/lecture4/install/turtlesim/include/turtlesim/turtlesim/action/detail
[15.903s] -- Installing: /home/molen/Documents/sp_vision_tutorial_27/lecture4/install/turtlesim/include/turtlesim/turtlesim/action/detail/rotate_absolute__type_support.c
[15.903s] -- Installing: /home/molen/Documents/sp_vision_tutorial_27/lecture4/install/turtlesim/include/turtlesim/turtlesim/action/detail/rotate_absolute__rosidl_typesupport_introspection_c.h
[15.903s] -- Installing: /home/molen/Documents/sp_vision_tutorial_27/lecture4/install/turtlesim/lib/libturtlesim__rosidl_typesupport_introspection_c.so
[15.903s] -- Set runtime path of "/home/molen/Documents/sp_vision_tutorial_27/lecture4/install/turtlesim/lib/libturtlesim__rosidl_typesupport_introspection_c.so" to ""
[15.903s] -- Installing: /home/molen/Documents/sp_vision_tutorial_27/lecture4/install/turtlesim/lib/libturtlesim__rosidl_typesupport_c.so
[15.903s] -- Set runtime path of "/home/molen/Documents/sp_vision_tutorial_27/lecture4/install/turtlesim/lib/libturtlesim__rosidl_typesupport_c.so" to ""
[15.903s] -- Up-to-date: /home/molen/Documents/sp_vision_tutorial_27/lecture4/install/turtlesim/include/turtlesim/turtlesim
[15.903s] -- Up-to-date: /home/molen/Documents/sp_vision_tutorial_27/lecture4/install/turtlesim/include/turtlesim/turtlesim/msg
[15.903s] -- Up-to-date: /home/molen/Documents/sp_vision_tutorial_27/lecture4/install/turtlesim/include/turtlesim/turtlesim/msg/detail
[15.903s] -- Installing: /home/molen/Documents/sp_vision_tutorial_27/lecture4/install/turtlesim/include/turtlesim/turtlesim/msg/detail/pose__type_support.cpp
[15.903s] -- Installing: /home/molen/Documents/sp_vision_tutorial_27/lecture4/install/turtlesim/include/turtlesim/turtlesim/msg/detail/color__rosidl_typesupport_introspection_cpp.hpp
[15.904s] -- Installing: /home/molen/Documents/sp_vision_tutorial_27/lecture4/install/turtlesim/include/turtlesim/turtlesim/msg/detail/color__type_support.cpp
[15.904s] -- Installing: /home/molen/Documents/sp_vision_tutorial_27/lecture4/install/turtlesim/include/turtlesim/turtlesim/msg/detail/pose__rosidl_typesupport_introspection_cpp.hpp
[15.904s] -- Up-to-date: /home/molen/Documents/sp_vision_tutorial_27/lecture4/install/turtlesim/include/turtlesim/turtlesim/srv
[15.904s] -- Up-to-date: /home/molen/Documents/sp_vision_tutorial_27/lecture4/install/turtlesim/include/turtlesim/turtlesim/srv/detail
[15.904s] -- Installing: /home/molen/Documents/sp_vision_tutorial_27/lecture4/install/turtlesim/include/turtlesim/turtlesim/srv/detail/kill__type_support.cpp
[15.904s] -- Installing: /home/molen/Documents/sp_vision_tutorial_27/lecture4/install/turtlesim/include/turtlesim/turtlesim/srv/detail/teleport_absolute__rosidl_typesupport_introspection_cpp.hpp
[15.904s] -- Installing: /home/molen/Documents/sp_vision_tutorial_27/lecture4/install/turtlesim/include/turtlesim/turtlesim/srv/detail/spawn__type_support.cpp
[15.904s] -- Installing: /home/molen/Documents/sp_vision_tutorial_27/lecture4/install/turtlesim/include/turtlesim/turtlesim/srv/detail/teleport_relative__type_support.cpp
[15.904s] -- Installing: /home/molen/Documents/sp_vision_tutorial_27/lecture4/install/turtlesim/include/turtlesim/turtlesim/srv/detail/teleport_relative__rosidl_typesupport_introspection_cpp.hpp
[15.904s] -- Installing: /home/molen/Documents/sp_vision_tutorial_27/lecture4/install/turtlesim/include/turtlesim/turtlesim/srv/detail/set_pen__type_support.cpp
[15.904s] -- Installing: /home/molen/Documents/sp_vision_tutorial_27/lecture4/install/turtlesim/include/turtlesim/turtlesim/srv/detail/spawn__rosidl_typesupport_introspection_cpp.hpp
[15.904s] -- Installing: /home/molen/Documents/sp_vision_tutorial_27/lecture4/install/turtlesim/include/turtlesim/turtlesim/srv/detail/set_pen__rosidl_typesupport_introspection_cpp.hpp
[15.904s] -- Installing: /home/molen/Documents/sp_vision_tutorial_27/lecture4/install/turtlesim/include/turtlesim/turtlesim/srv/detail/kill__rosidl_typesupport_introspection_cpp.hpp
[15.904s] -- Installing: /home/molen/Documents/sp_vision_tutorial_27/lecture4/install/turtlesim/include/turtlesim/turtlesim/srv/detail/teleport_absolute__type_support.cpp
[15.904s] -- Up-to-date: /home/molen/Documents/sp_vision_tutorial_27/lecture4/install/turtlesim/include/turtlesim/turtlesim/action
[15.905s] -- Up-to-date: /home/molen/Documents/sp_vision_tutorial_27/lecture4/install/turtlesim/include/turtlesim/turtlesim/action/detail
[15.905s] -- Installing: /home/molen/Documents/sp_vision_tutorial_27/lecture4/install/turtlesim/include/turtlesim/turtlesim/action/detail/rotate_absolute__rosidl_typesupport_introspection_cpp.hpp
[15.905s] -- Installing: /home/molen/Documents/sp_vision_tutorial_27/lecture4/install/turtlesim/include/turtlesim/turtlesim/action/detail/rotate_absolute__type_support.cpp
[15.905s] -- Installing: /home/molen/Documents/sp_vision_tutorial_27/lecture4/install/turtlesim/lib/libturtlesim__rosidl_typesupport_introspection_cpp.so
[15.905s] -- Set runtime path of "/home/molen/Documents/sp_vision_tutorial_27/lecture4/install/turtlesim/lib/libturtlesim__rosidl_typesupport_introspection_cpp.so" to ""
[15.905s] -- Installing: /home/molen/Documents/sp_vision_tutorial_27/lecture4/install/turtlesim/lib/libturtlesim__rosidl_typesupport_cpp.so
[15.905s] -- Set runtime path of "/home/molen/Documents/sp_vision_tutorial_27/lecture4/install/turtlesim/lib/libturtlesim__rosidl_typesupport_cpp.so" to ""
[15.906s] -- Installing: /home/molen/Documents/sp_vision_tutorial_27/lecture4/install/turtlesim/share/turtlesim/environment/pythonpath.sh
[15.906s] -- Installing: /home/molen/Documents/sp_vision_tutorial_27/lecture4/install/turtlesim/share/turtlesim/environment/pythonpath.dsv
[15.906s] -- Installing: /home/molen/Documents/sp_vision_tutorial_27/lecture4/install/turtlesim/local/lib/python3.10/dist-packages/turtlesim-1.4.3-py3.10.egg-info
[15.906s] -- Installing: /home/molen/Documents/sp_vision_tutorial_27/lecture4/install/turtlesim/local/lib/python3.10/dist-packages/turtlesim-1.4.3-py3.10.egg-info/top_level.txt
[15.906s] -- Installing: /home/molen/Documents/sp_vision_tutorial_27/lecture4/install/turtlesim/local/lib/python3.10/dist-packages/turtlesim-1.4.3-py3.10.egg-info/PKG-INFO
[15.906s] -- Installing: /home/molen/Documents/sp_vision_tutorial_27/lecture4/install/turtlesim/local/lib/python3.10/dist-packages/turtlesim-1.4.3-py3.10.egg-info/SOURCES.txt
[15.906s] -- Installing: /home/molen/Documents/sp_vision_tutorial_27/lecture4/install/turtlesim/local/lib/python3.10/dist-packages/turtlesim-1.4.3-py3.10.egg-info/dependency_links.txt
[15.906s] -- Installing: /home/molen/Documents/sp_vision_tutorial_27/lecture4/install/turtlesim/local/lib/python3.10/dist-packages/turtlesim
[15.906s] -- Installing: /home/molen/Documents/sp_vision_tutorial_27/lecture4/install/turtlesim/local/lib/python3.10/dist-packages/turtlesim/_turtlesim_s.ep.rosidl_typesupport_introspection_c.c
[15.906s] -- Installing: /home/molen/Documents/sp_vision_tutorial_27/lecture4/install/turtlesim/local/lib/python3.10/dist-packages/turtlesim/_turtlesim_s.ep.rosidl_typesupport_fastrtps_c.c
[15.907s] -- Installing: /home/molen/Documents/sp_vision_tutorial_27/lecture4/install/turtlesim/local/lib/python3.10/dist-packages/turtlesim/msg
[15.907s] -- Installing: /home/molen/Documents/sp_vision_tutorial_27/lecture4/install/turtlesim/local/lib/python3.10/dist-packages/turtlesim/msg/_pose_s.c
[15.907s] -- Installing: /home/molen/Documents/sp_vision_tutorial_27/lecture4/install/turtlesim/local/lib/python3.10/dist-packages/turtlesim/msg/_pose.py
[15.907s] -- Installing: /home/molen/Documents/sp_vision_tutorial_27/lecture4/install/turtlesim/local/lib/python3.10/dist-packages/turtlesim/msg/_color.py
[15.907s] -- Installing: /home/molen/Documents/sp_vision_tutorial_27/lecture4/install/turtlesim/local/lib/python3.10/dist-packages/turtlesim/msg/__init__.py
[15.907s] -- Installing: /home/molen/Documents/sp_vision_tutorial_27/lecture4/install/turtlesim/local/lib/python3.10/dist-packages/turtlesim/msg/_color_s.c
[15.907s] -- Installing: /home/molen/Documents/sp_vision_tutorial_27/lecture4/install/turtlesim/local/lib/python3.10/dist-packages/turtlesim/turtlesim_s__rosidl_typesupport_introspection_c.cpython-310-x86_64-linux-gnu.so
[15.907s] -- Installing: /home/molen/Documents/sp_vision_tutorial_27/lecture4/install/turtlesim/local/lib/python3.10/dist-packages/turtlesim/__init__.py
[15.907s] -- Installing: /home/molen/Documents/sp_vision_tutorial_27/lecture4/install/turtlesim/local/lib/python3.10/dist-packages/turtlesim/libturtlesim__rosidl_generator_py.so
[15.907s] -- Installing: /home/molen/Documents/sp_vision_tutorial_27/lecture4/install/turtlesim/local/lib/python3.10/dist-packages/turtlesim/srv
[15.907s] -- Installing: /home/molen/Documents/sp_vision_tutorial_27/lecture4/install/turtlesim/local/lib/python3.10/dist-packages/turtlesim/srv/_teleport_absolute_s.c
[15.907s] -- Installing: /home/molen/Documents/sp_vision_tutorial_27/lecture4/install/turtlesim/local/lib/python3.10/dist-packages/turtlesim/srv/_spawn.py
[15.907s] -- Installing: /home/molen/Documents/sp_vision_tutorial_27/lecture4/install/turtlesim/local/lib/python3.10/dist-packages/turtlesim/srv/_teleport_relative.py
[15.907s] -- Installing: /home/molen/Documents/sp_vision_tutorial_27/lecture4/install/turtlesim/local/lib/python3.10/dist-packages/turtlesim/srv/_spawn_s.c
[15.907s] -- Installing: /home/molen/Documents/sp_vision_tutorial_27/lecture4/install/turtlesim/local/lib/python3.10/dist-packages/turtlesim/srv/_set_pen.py
[15.908s] -- Installing: /home/molen/Documents/sp_vision_tutorial_27/lecture4/install/turtlesim/local/lib/python3.10/dist-packages/turtlesim/srv/_set_pen_s.c
[15.908s] -- Installing: /home/molen/Documents/sp_vision_tutorial_27/lecture4/install/turtlesim/local/lib/python3.10/dist-packages/turtlesim/srv/_kill.py
[15.908s] -- Installing: /home/molen/Documents/sp_vision_tutorial_27/lecture4/install/turtlesim/local/lib/python3.10/dist-packages/turtlesim/srv/__init__.py
[15.908s] -- Installing: /home/molen/Documents/sp_vision_tutorial_27/lecture4/install/turtlesim/local/lib/python3.10/dist-packages/turtlesim/srv/_teleport_relative_s.c
[15.908s] -- Installing: /home/molen/Documents/sp_vision_tutorial_27/lecture4/install/turtlesim/local/lib/python3.10/dist-packages/turtlesim/srv/_kill_s.c
[15.908s] -- Installing: /home/molen/Documents/sp_vision_tutorial_27/lecture4/install/turtlesim/local/lib/python3.10/dist-packages/turtlesim/srv/_teleport_absolute.py
[15.908s] -- Installing: /home/molen/Documents/sp_vision_tutorial_27/lecture4/install/turtlesim/local/lib/python3.10/dist-packages/turtlesim/turtlesim_s__rosidl_typesupport_c.cpython-310-x86_64-linux-gnu.so
[15.908s] -- Installing: /home/molen/Documents/sp_vision_tutorial_27/lecture4/install/turtlesim/local/lib/python3.10/dist-packages/turtlesim/_turtlesim_s.ep.rosidl_typesupport_c.c
[15.908s] -- Installing: /home/molen/Documents/sp_vision_tutorial_27/lecture4/install/turtlesim/local/lib/python3.10/dist-packages/turtlesim/turtlesim_s__rosidl_typesupport_fastrtps_c.cpython-310-x86_64-linux-gnu.so
[15.908s] -- Installing: /home/molen/Documents/sp_vision_tutorial_27/lecture4/install/turtlesim/local/lib/python3.10/dist-packages/turtlesim/action
[15.908s] -- Installing: /home/molen/Documents/sp_vision_tutorial_27/lecture4/install/turtlesim/local/lib/python3.10/dist-packages/turtlesim/action/_rotate_absolute_s.c
[15.908s] -- Installing: /home/molen/Documents/sp_vision_tutorial_27/lecture4/install/turtlesim/local/lib/python3.10/dist-packages/turtlesim/action/_rotate_absolute.py
[15.908s] -- Installing: /home/molen/Documents/sp_vision_tutorial_27/lecture4/install/turtlesim/local/lib/python3.10/dist-packages/turtlesim/action/__init__.py
[15.935s] Listing '/home/molen/Documents/sp_vision_tutorial_27/lecture4/install/turtlesim/local/lib/python3.10/dist-packages/turtlesim'...
[15.935s] Compiling '/home/molen/Documents/sp_vision_tutorial_27/lecture4/install/turtlesim/local/lib/python3.10/dist-packages/turtlesim/__init__.py'...
[15.935s] Listing '/home/molen/Documents/sp_vision_tutorial_27/lecture4/install/turtlesim/local/lib/python3.10/dist-packages/turtlesim/action'...
[15.935s] Compiling '/home/molen/Documents/sp_vision_tutorial_27/lecture4/install/turtlesim/local/lib/python3.10/dist-packages/turtlesim/action/__init__.py'...
[15.935s] Compiling '/home/molen/Documents/sp_vision_tutorial_27/lecture4/install/turtlesim/local/lib/python3.10/dist-packages/turtlesim/action/_rotate_absolute.py'...
[15.935s] Listing '/home/molen/Documents/sp_vision_tutorial_27/lecture4/install/turtlesim/local/lib/python3.10/dist-packages/turtlesim/msg'...
[15.935s] Compiling '/home/molen/Documents/sp_vision_tutorial_27/lecture4/install/turtlesim/local/lib/python3.10/dist-packages/turtlesim/msg/__init__.py'...
[15.935s] Compiling '/home/molen/Documents/sp_vision_tutorial_27/lecture4/install/turtlesim/local/lib/python3.10/dist-packages/turtlesim/msg/_color.py'...
[15.935s] Compiling '/home/molen/Documents/sp_vision_tutorial_27/lecture4/install/turtlesim/local/lib/python3.10/dist-packages/turtlesim/msg/_pose.py'...
[15.935s] Listing '/home/molen/Documents/sp_vision_tutorial_27/lecture4/install/turtlesim/local/lib/python3.10/dist-packages/turtlesim/srv'...
[15.935s] Compiling '/home/molen/Documents/sp_vision_tutorial_27/lecture4/install/turtlesim/local/lib/python3.10/dist-packages/turtlesim/srv/__init__.py'...
[15.935s] Compiling '/home/molen/Documents/sp_vision_tutorial_27/lecture4/install/turtlesim/local/lib/python3.10/dist-packages/turtlesim/srv/_kill.py'...
[15.935s] Compiling '/home/molen/Documents/sp_vision_tutorial_27/lecture4/install/turtlesim/local/lib/python3.10/dist-packages/turtlesim/srv/_set_pen.py'...
[15.935s] Compiling '/home/molen/Documents/sp_vision_tutorial_27/lecture4/install/turtlesim/local/lib/python3.10/dist-packages/turtlesim/srv/_spawn.py'...
[15.935s] Compiling '/home/molen/Documents/sp_vision_tutorial_27/lecture4/install/turtlesim/local/lib/python3.10/dist-packages/turtlesim/srv/_teleport_absolute.py'...
[15.935s] Compiling '/home/molen/Documents/sp_vision_tutorial_27/lecture4/install/turtlesim/local/lib/python3.10/dist-packages/turtlesim/srv/_teleport_relative.py'...
[15.937s] -- Installing: /home/molen/Documents/sp_vision_tutorial_27/lecture4/install/turtlesim/local/lib/python3.10/dist-packages/turtlesim/turtlesim_s__rosidl_typesupport_fastrtps_c.cpython-310-x86_64-linux-gnu.so
[15.938s] -- Set runtime path of "/home/molen/Documents/sp_vision_tutorial_27/lecture4/install/turtlesim/local/lib/python3.10/dist-packages/turtlesim/turtlesim_s__rosidl_typesupport_fastrtps_c.cpython-310-x86_64-linux-gnu.so" to ""
[15.938s] -- Installing: /home/molen/Documents/sp_vision_tutorial_27/lecture4/install/turtlesim/local/lib/python3.10/dist-packages/turtlesim/turtlesim_s__rosidl_typesupport_introspection_c.cpython-310-x86_64-linux-gnu.so
[15.938s] -- Set runtime path of "/home/molen/Documents/sp_vision_tutorial_27/lecture4/install/turtlesim/local/lib/python3.10/dist-packages/turtlesim/turtlesim_s__rosidl_typesupport_introspection_c.cpython-310-x86_64-linux-gnu.so" to ""
[15.938s] -- Installing: /home/molen/Documents/sp_vision_tutorial_27/lecture4/install/turtlesim/local/lib/python3.10/dist-packages/turtlesim/turtlesim_s__rosidl_typesupport_c.cpython-310-x86_64-linux-gnu.so
[15.938s] -- Set runtime path of "/home/molen/Documents/sp_vision_tutorial_27/lecture4/install/turtlesim/local/lib/python3.10/dist-packages/turtlesim/turtlesim_s__rosidl_typesupport_c.cpython-310-x86_64-linux-gnu.so" to ""
[15.939s] -- Installing: /home/molen/Documents/sp_vision_tutorial_27/lecture4/install/turtlesim/lib/libturtlesim__rosidl_generator_py.so
[15.939s] -- Set runtime path of "/home/molen/Documents/sp_vision_tutorial_27/lecture4/install/turtlesim/lib/libturtlesim__rosidl_generator_py.so" to ""
[15.939s] -- Installing: /home/molen/Documents/sp_vision_tutorial_27/lecture4/install/turtlesim/share/turtlesim/rust
[15.939s] -- Installing: /home/molen/Documents/sp_vision_tutorial_27/lecture4/install/turtlesim/share/turtlesim/rust/Cargo.toml
[15.939s] -- Installing: /home/molen/Documents/sp_vision_tutorial_27/lecture4/install/turtlesim/share/turtlesim/rust/src
[15.939s] -- Installing: /home/molen/Documents/sp_vision_tutorial_27/lecture4/install/turtlesim/share/turtlesim/rust/src/srv.rs
[15.939s] -- Installing: /home/molen/Documents/sp_vision_tutorial_27/lecture4/install/turtlesim/share/turtlesim/rust/src/msg
[15.939s] -- Installing: /home/molen/Documents/sp_vision_tutorial_27/lecture4/install/turtlesim/share/turtlesim/rust/src/msg/rmw.rs
[15.939s] -- Installing: /home/molen/Documents/sp_vision_tutorial_27/lecture4/install/turtlesim/share/turtlesim/rust/src/msg.rs
[15.940s] -- Installing: /home/molen/Documents/sp_vision_tutorial_27/lecture4/install/turtlesim/share/turtlesim/rust/src/lib.rs
[15.940s] -- Installing: /home/molen/Documents/sp_vision_tutorial_27/lecture4/install/turtlesim/share/turtlesim/rust/src/srv
[15.940s] -- Installing: /home/molen/Documents/sp_vision_tutorial_27/lecture4/install/turtlesim/share/turtlesim/rust/src/srv/rmw.rs
[15.940s] -- Installing: /home/molen/Documents/sp_vision_tutorial_27/lecture4/install/turtlesim/share/turtlesim/rust/src/action.rs
[15.940s] -- Installing: /home/molen/Documents/sp_vision_tutorial_27/lecture4/install/turtlesim/share/turtlesim/rust/src/action
[15.940s] -- Installing: /home/molen/Documents/sp_vision_tutorial_27/lecture4/install/turtlesim/share/turtlesim/rust/src/action/rmw.rs
[15.940s] -- Installing: /home/molen/Documents/sp_vision_tutorial_27/lecture4/install/turtlesim/share/turtlesim/rust/build.rs
[15.940s] -- Installing: /home/molen/Documents/sp_vision_tutorial_27/lecture4/install/turtlesim/share/turtlesim/action/RotateAbsolute.idl
[15.940s] -- Installing: /home/molen/Documents/sp_vision_tutorial_27/lecture4/install/turtlesim/share/turtlesim/msg/Color.idl
[15.940s] -- Installing: /home/molen/Documents/sp_vision_tutorial_27/lecture4/install/turtlesim/share/turtlesim/msg/Pose.idl
[15.940s] -- Installing: /home/molen/Documents/sp_vision_tutorial_27/lecture4/install/turtlesim/share/turtlesim/srv/Kill.idl
[15.941s] -- Installing: /home/molen/Documents/sp_vision_tutorial_27/lecture4/install/turtlesim/share/turtlesim/srv/SetPen.idl
[15.941s] -- Installing: /home/molen/Documents/sp_vision_tutorial_27/lecture4/install/turtlesim/share/turtlesim/srv/Spawn.idl
[15.941s] -- Installing: /home/molen/Documents/sp_vision_tutorial_27/lecture4/install/turtlesim/share/turtlesim/srv/TeleportAbsolute.idl
[15.941s] -- Installing: /home/molen/Documents/sp_vision_tutorial_27/lecture4/install/turtlesim/share/turtlesim/srv/TeleportRelative.idl
[15.941s] -- Installing: /home/molen/Documents/sp_vision_tutorial_27/lecture4/install/turtlesim/share/turtlesim/action/RotateAbsolute.action
[15.941s] -- Installing: /home/molen/Documents/sp_vision_tutorial_27/lecture4/install/turtlesim/share/turtlesim/msg/Color.msg
[15.941s] -- Installing: /home/molen/Documents/sp_vision_tutorial_27/lecture4/install/turtlesim/share/turtlesim/msg/Pose.msg
[15.941s] -- Installing: /home/molen/Documents/sp_vision_tutorial_27/lecture4/install/turtlesim/share/turtlesim/srv/Kill.srv
[15.941s] -- Installing: /home/molen/Documents/sp_vision_tutorial_27/lecture4/install/turtlesim/share/turtlesim/srv/Kill_Request.msg
[15.941s] -- Installing: /home/molen/Documents/sp_vision_tutorial_27/lecture4/install/turtlesim/share/turtlesim/srv/Kill_Response.msg
[15.941s] -- Installing: /home/molen/Documents/sp_vision_tutorial_27/lecture4/install/turtlesim/share/turtlesim/srv/SetPen.srv
[15.941s] -- Installing: /home/molen/Documents/sp_vision_tutorial_27/lecture4/install/turtlesim/share/turtlesim/srv/SetPen_Request.msg
[15.942s] -- Installing: /home/molen/Documents/sp_vision_tutorial_27/lecture4/install/turtlesim/share/turtlesim/srv/SetPen_Response.msg
[15.942s] -- Installing: /home/molen/Documents/sp_vision_tutorial_27/lecture4/install/turtlesim/share/turtlesim/srv/Spawn.srv
[15.942s] -- Installing: /home/molen/Documents/sp_vision_tutorial_27/lecture4/install/turtlesim/share/turtlesim/srv/Spawn_Request.msg
[15.942s] -- Installing: /home/molen/Documents/sp_vision_tutorial_27/lecture4/install/turtlesim/share/turtlesim/srv/Spawn_Response.msg
[15.942s] -- Installing: /home/molen/Documents/sp_vision_tutorial_27/lecture4/install/turtlesim/share/turtlesim/srv/TeleportAbsolute.srv
[15.942s] -- Installing: /home/molen/Documents/sp_vision_tutorial_27/lecture4/install/turtlesim/share/turtlesim/srv/TeleportAbsolute_Request.msg
[15.942s] -- Installing: /home/molen/Documents/sp_vision_tutorial_27/lecture4/install/turtlesim/share/turtlesim/srv/TeleportAbsolute_Response.msg
[15.942s] -- Installing: /home/molen/Documents/sp_vision_tutorial_27/lecture4/install/turtlesim/share/turtlesim/srv/TeleportRelative.srv
[15.942s] -- Installing: /home/molen/Documents/sp_vision_tutorial_27/lecture4/install/turtlesim/share/turtlesim/srv/TeleportRelative_Request.msg
[15.942s] -- Installing: /home/molen/Documents/sp_vision_tutorial_27/lecture4/install/turtlesim/share/turtlesim/srv/TeleportRelative_Response.msg
[15.942s] -- Installing: /home/molen/Documents/sp_vision_tutorial_27/lecture4/install/turtlesim/lib/turtlesim/turtlesim_node
[15.948s] -- Set runtime path of "/home/molen/Documents/sp_vision_tutorial_27/lecture4/install/turtlesim/lib/turtlesim/turtlesim_node" to ""
[15.948s] -- Installing: /home/molen/Documents/sp_vision_tutorial_27/lecture4/install/turtlesim/lib/turtlesim/turtle_teleop_key
[15.949s] -- Set runtime path of "/home/molen/Documents/sp_vision_tutorial_27/lecture4/install/turtlesim/lib/turtlesim/turtle_teleop_key" to ""
[15.949s] -- Installing: /home/molen/Documents/sp_vision_tutorial_27/lecture4/install/turtlesim/lib/turtlesim/draw_square
[15.953s] -- Set runtime path of "/home/molen/Documents/sp_vision_tutorial_27/lecture4/install/turtlesim/lib/turtlesim/draw_square" to ""
[15.953s] -- Installing: /home/molen/Documents/sp_vision_tutorial_27/lecture4/install/turtlesim/lib/turtlesim/mimic
[15.955s] -- Set runtime path of "/home/molen/Documents/sp_vision_tutorial_27/lecture4/install/turtlesim/lib/turtlesim/mimic" to ""
[15.955s] -- Installing: /home/molen/Documents/sp_vision_tutorial_27/lecture4/install/turtlesim/share/turtlesim/images
[15.955s] -- Installing: /home/molen/Documents/sp_vision_tutorial_27/lecture4/install/turtlesim/share/turtlesim/images/bouncy.png
[15.960s] -- Installing: /home/molen/Documents/sp_vision_tutorial_27/lecture4/install/turtlesim/share/turtlesim/images/eloquent.png
[15.960s] -- Installing: /home/molen/Documents/sp_vision_tutorial_27/lecture4/install/turtlesim/share/turtlesim/images/dashing.png
[15.960s] -- Installing: /home/molen/Documents/sp_vision_tutorial_27/lecture4/install/turtlesim/share/turtlesim/images/galactic.png
[15.961s] -- Installing: /home/molen/Documents/sp_vision_tutorial_27/lecture4/install/turtlesim/share/turtlesim/images/humble.png
[15.961s] -- Installing: /home/molen/Documents/sp_vision_tutorial_27/lecture4/install/turtlesim/share/turtlesim/images/crystal.png
[15.961s] -- Installing: /home/molen/Documents/sp_vision_tutorial_27/lecture4/install/turtlesim/share/turtlesim/images/foxy.png
[15.962s] -- Installing: /home/molen/Documents/sp_vision_tutorial_27/lecture4/install/turtlesim/share/turtlesim/images/ardent.png
[15.962s] -- Installing: /home/molen/Documents/sp_vision_tutorial_27/lecture4/install/turtlesim/share/turtlesim/images/rolling.png
[15.962s] -- Installing: /home/molen/Documents/sp_vision_tutorial_27/lecture4/install/turtlesim/share/turtlesim/launch
[15.963s] -- Installing: /home/molen/Documents/sp_vision_tutorial_27/lecture4/install/turtlesim/share/turtlesim/launch/multisim.launch.py
[15.963s] -- Installing: /home/molen/Documents/sp_vision_tutorial_27/lecture4/install/turtlesim/share/ament_index/resource_index/package_run_dependencies/turtlesim
[15.963s] -- Installing: /home/molen/Documents/sp_vision_tutorial_27/lecture4/install/turtlesim/share/ament_index/resource_index/parent_prefix_path/turtlesim
[15.963s] -- Installing: /home/molen/Documents/sp_vision_tutorial_27/lecture4/install/turtlesim/share/turtlesim/environment/ament_prefix_path.sh
[15.963s] -- Installing: /home/molen/Documents/sp_vision_tutorial_27/lecture4/install/turtlesim/share/turtlesim/environment/ament_prefix_path.dsv
[15.963s] -- Installing: /home/molen/Documents/sp_vision_tutorial_27/lecture4/install/turtlesim/share/turtlesim/environment/path.sh
[15.963s] -- Installing: /home/molen/Documents/sp_vision_tutorial_27/lecture4/install/turtlesim/share/turtlesim/environment/path.dsv
[15.964s] -- Installing: /home/molen/Documents/sp_vision_tutorial_27/lecture4/install/turtlesim/share/turtlesim/local_setup.bash
[15.964s] -- Installing: /home/molen/Documents/sp_vision_tutorial_27/lecture4/install/turtlesim/share/turtlesim/local_setup.sh
[15.964s] -- Installing: /home/molen/Documents/sp_vision_tutorial_27/lecture4/install/turtlesim/share/turtlesim/local_setup.zsh
[15.964s] -- Installing: /home/molen/Documents/sp_vision_tutorial_27/lecture4/install/turtlesim/share/turtlesim/local_setup.dsv
[15.964s] -- Installing: /home/molen/Documents/sp_vision_tutorial_27/lecture4/install/turtlesim/share/turtlesim/package.dsv
[15.964s] -- Installing: /home/molen/Documents/sp_vision_tutorial_27/lecture4/install/turtlesim/share/ament_index/resource_index/packages/turtlesim
[15.964s] -- Installing: /home/molen/Documents/sp_vision_tutorial_27/lecture4/install/turtlesim/share/turtlesim/cmake/export_turtlesim__rosidl_generator_cExport.cmake
[15.964s] -- Installing: /home/molen/Documents/sp_vision_tutorial_27/lecture4/install/turtlesim/share/turtlesim/cmake/export_turtlesim__rosidl_generator_cExport-noconfig.cmake
[15.964s] -- Installing: /home/molen/Documents/sp_vision_tutorial_27/lecture4/install/turtlesim/share/turtlesim/cmake/export_turtlesim__rosidl_typesupport_fastrtps_cExport.cmake
[15.964s] -- Installing: /home/molen/Documents/sp_vision_tutorial_27/lecture4/install/turtlesim/share/turtlesim/cmake/export_turtlesim__rosidl_typesupport_fastrtps_cExport-noconfig.cmake
[15.964s] -- Installing: /home/molen/Documents/sp_vision_tutorial_27/lecture4/install/turtlesim/share/turtlesim/cmake/export_turtlesim__rosidl_generator_cppExport.cmake
[15.965s] -- Installing: /home/molen/Documents/sp_vision_tutorial_27/lecture4/install/turtlesim/share/turtlesim/cmake/export_turtlesim__rosidl_typesupport_fastrtps_cppExport.cmake
[15.965s] -- Installing: /home/molen/Documents/sp_vision_tutorial_27/lecture4/install/turtlesim/share/turtlesim/cmake/export_turtlesim__rosidl_typesupport_fastrtps_cppExport-noconfig.cmake
[15.965s] -- Installing: /home/molen/Documents/sp_vision_tutorial_27/lecture4/install/turtlesim/share/turtlesim/cmake/turtlesim__rosidl_typesupport_introspection_cExport.cmake
[15.965s] -- Installing: /home/molen/Documents/sp_vision_tutorial_27/lecture4/install/turtlesim/share/turtlesim/cmake/turtlesim__rosidl_typesupport_introspection_cExport-noconfig.cmake
[15.965s] -- Installing: /home/molen/Documents/sp_vision_tutorial_27/lecture4/install/turtlesim/share/turtlesim/cmake/turtlesim__rosidl_typesupport_cExport.cmake
[15.965s] -- Installing: /home/molen/Documents/sp_vision_tutorial_27/lecture4/install/turtlesim/share/turtlesim/cmake/turtlesim__rosidl_typesupport_cExport-noconfig.cmake
[15.965s] -- Installing: /home/molen/Documents/sp_vision_tutorial_27/lecture4/install/turtlesim/share/turtlesim/cmake/turtlesim__rosidl_typesupport_introspection_cppExport.cmake
[15.965s] -- Installing: /home/molen/Documents/sp_vision_tutorial_27/lecture4/install/turtlesim/share/turtlesim/cmake/turtlesim__rosidl_typesupport_introspection_cppExport-noconfig.cmake
[15.965s] -- Installing: /home/molen/Documents/sp_vision_tutorial_27/lecture4/install/turtlesim/share/turtlesim/cmake/turtlesim__rosidl_typesupport_cppExport.cmake
[15.965s] -- Installing: /home/molen/Documents/sp_vision_tutorial_27/lecture4/install/turtlesim/share/turtlesim/cmake/turtlesim__rosidl_typesupport_cppExport-noconfig.cmake
[15.965s] -- Installing: /home/molen/Documents/sp_vision_tutorial_27/lecture4/install/turtlesim/share/turtlesim/cmake/export_turtlesim__rosidl_generator_pyExport.cmake
[15.965s] -- Installing: /home/molen/Documents/sp_vision_tutorial_27/lecture4/install/turtlesim/share/turtlesim/cmake/export_turtlesim__rosidl_generator_pyExport-noconfig.cmake
[15.965s] -- Installing: /home/molen/Documents/sp_vision_tutorial_27/lecture4/install/turtlesim/share/turtlesim/cmake/rosidl_cmake-extras.cmake
[15.966s] -- Installing: /home/molen/Documents/sp_vision_tutorial_27/lecture4/install/turtlesim/share/turtlesim/cmake/ament_cmake_export_dependencies-extras.cmake
[15.966s] -- Installing: /home/molen/Documents/sp_vision_tutorial_27/lecture4/install/turtlesim/share/turtlesim/cmake/ament_cmake_export_include_directories-extras.cmake
[15.966s] -- Installing: /home/molen/Documents/sp_vision_tutorial_27/lecture4/install/turtlesim/share/turtlesim/cmake/ament_cmake_export_libraries-extras.cmake
[15.966s] -- Installing: /home/molen/Documents/sp_vision_tutorial_27/lecture4/install/turtlesim/share/turtlesim/cmake/ament_cmake_export_targets-extras.cmake
[15.966s] -- Installing: /home/molen/Documents/sp_vision_tutorial_27/lecture4/install/turtlesim/share/turtlesim/cmake/rosidl_cmake_export_typesupport_targets-extras.cmake
[15.966s] -- Installing: /home/molen/Documents/sp_vision_tutorial_27/lecture4/install/turtlesim/share/turtlesim/cmake/rosidl_cmake_export_typesupport_libraries-extras.cmake
[15.966s] -- Installing: /home/molen/Documents/sp_vision_tutorial_27/lecture4/install/turtlesim/share/turtlesim/cmake/rosidl_cmake_aggregate_target-extras.cmake
[15.966s] -- Installing: /home/molen/Documents/sp_vision_tutorial_27/lecture4/install/turtlesim/share/turtlesim/cmake/turtlesimConfig.cmake
[15.966s] -- Installing: /home/molen/Documents/sp_vision_tutorial_27/lecture4/install/turtlesim/share/turtlesim/cmake/turtlesimConfig-version.cmake
[15.966s] -- Installing: /home/molen/Documents/sp_vision_tutorial_27/lecture4/install/turtlesim/share/turtlesim/package.xml
[15.968s] Invoked command in '/home/molen/Documents/sp_vision_tutorial_27/lecture4/build/turtlesim' returned '0': CMAKE_PREFIX_PATH=/opt/ros/humble /usr/bin/cmake --install /home/molen/Documents/sp_vision_tutorial_27/lecture4/build/turtlesim
