[0.019s] Invoking command in '/home/molen/Documents/sp_vision_tutorial_27/lecture4/build/topic_learning_pub': CMAKE_PREFIX_PATH=/opt/ros/humble /usr/bin/cmake /home/molen/Documents/sp_vision_tutorial_27/lecture4/src/ep2/topic_learning_pub -DCMAKE_INSTALL_PREFIX=/home/molen/Documents/sp_vision_tutorial_27/lecture4/install/topic_learning_pub
[0.164s] -- The C compiler identification is GNU 11.4.0
[0.251s] -- The CXX compiler identification is GNU 11.4.0
[0.262s] -- Detecting C compiler ABI info
[0.325s] -- Detecting C compiler ABI info - done
[0.331s] -- Check for working C compiler: /usr/bin/cc - skipped
[0.331s] -- Detecting C compile features
[0.331s] -- Detecting C compile features - done
[0.332s] -- Detecting CXX compiler ABI info
[0.389s] -- Detecting CXX compiler ABI info - done
[0.394s] -- Check for working CXX compiler: /usr/bin/c++ - skipped
[0.394s] -- Detecting CXX compile features
[0.394s] -- Detecting CXX compile features - done
[0.396s] -- Found ament_cmake: 1.3.14 (/opt/ros/humble/share/ament_cmake/cmake)
[0.489s] -- Found Python3: /usr/bin/python3 (found version "3.10.12") found components: Interpreter 
[0.570s] -- Found rclcpp: 16.0.21 (/opt/ros/humble/share/rclcpp/cmake)
[0.605s] -- Found rosidl_generator_c: 3.1.9 (/opt/ros/humble/share/rosidl_generator_c/cmake)
[0.607s] -- Found rosidl_adapter: 3.1.9 (/opt/ros/humble/share/rosidl_adapter/cmake)
[0.613s] -- Found rosidl_generator_cpp: 3.1.9 (/opt/ros/humble/share/rosidl_generator_cpp/cmake)
[0.626s] -- Using all available rosidl_typesupport_c: rosidl_typesupport_fastrtps_c;rosidl_typesupport_introspection_c
[0.634s] -- Using all available rosidl_typesupport_cpp: rosidl_typesupport_fastrtps_cpp;rosidl_typesupport_introspection_cpp
[0.680s] -- Found rmw_implementation_cmake: 6.1.4 (/opt/ros/humble/share/rmw_implementation_cmake/cmake)
[0.684s] -- Found rmw_fastrtps_cpp: 6.2.10 (/opt/ros/humble/share/rmw_fastrtps_cpp/cmake)
[0.763s] -- Found OpenSSL: /usr/lib/x86_64-linux-gnu/libcrypto.so (found version "3.0.2")  
[0.780s] -- Found FastRTPS: /opt/ros/humble/include  
[0.801s] -- Using RMW implementation 'rmw_fastrtps_cpp' as default
[0.810s] -- Looking for pthread.h
[0.875s] -- Looking for pthread.h - found
[0.876s] -- Performing Test CMAKE_HAVE_LIBC_PTHREAD
[0.927s] -- Performing Test CMAKE_HAVE_LIBC_PTHREAD - Success
[0.928s] -- Found Threads: TRUE  
[0.971s] -- Found ament_lint_auto: 0.12.15 (/opt/ros/humble/share/ament_lint_auto/cmake)
[1.024s] -- Added test 'cppcheck' to perform static code analysis on C / C++ code
[1.025s] -- Configured cppcheck include dirs: 
[1.025s] -- Configured cppcheck exclude dirs and/or files: 
[1.025s] -- Added test 'lint_cmake' to check CMake code style
[1.026s] -- Added test 'uncrustify' to check C / C++ code style
[1.027s] -- Configured uncrustify additional arguments: 
[1.027s] -- Added test 'xmllint' to check XML markup files
[1.029s] -- Configuring done
[1.036s] -- Generating done
[1.039s] -- Build files have been written to: /home/molen/Documents/sp_vision_tutorial_27/lecture4/build/topic_learning_pub
[1.047s] Invoked command in '/home/molen/Documents/sp_vision_tutorial_27/lecture4/build/topic_learning_pub' returned '0': CMAKE_PREFIX_PATH=/opt/ros/humble /usr/bin/cmake /home/molen/Documents/sp_vision_tutorial_27/lecture4/src/ep2/topic_learning_pub -DCMAKE_INSTALL_PREFIX=/home/molen/Documents/sp_vision_tutorial_27/lecture4/install/topic_learning_pub
[1.047s] Invoking command in '/home/molen/Documents/sp_vision_tutorial_27/lecture4/build/topic_learning_pub': CMAKE_PREFIX_PATH=/opt/ros/humble /usr/bin/cmake --build /home/molen/Documents/sp_vision_tutorial_27/lecture4/build/topic_learning_pub -- -j8 -l8
[1.086s] [ 25%] [32mBuilding CXX object CMakeFiles/qos_publisher.dir/src/qos_publisher.cpp.o[0m
[1.086s] [ 50%] [32mBuilding CXX object CMakeFiles/publisher_node.dir/src/publisher_node.cpp.o[0m
[5.754s] [ 75%] [32m[1mLinking CXX executable qos_publisher[0m
[5.767s] [100%] [32m[1mLinking CXX executable publisher_node[0m
[5.879s] [100%] Built target qos_publisher
[5.902s] [100%] Built target publisher_node
[5.910s] Invoked command in '/home/molen/Documents/sp_vision_tutorial_27/lecture4/build/topic_learning_pub' returned '0': CMAKE_PREFIX_PATH=/opt/ros/humble /usr/bin/cmake --build /home/molen/Documents/sp_vision_tutorial_27/lecture4/build/topic_learning_pub -- -j8 -l8
[5.911s] Invoking command in '/home/molen/Documents/sp_vision_tutorial_27/lecture4/build/topic_learning_pub': CMAKE_PREFIX_PATH=/opt/ros/humble /usr/bin/cmake --install /home/molen/Documents/sp_vision_tutorial_27/lecture4/build/topic_learning_pub
[5.923s] -- Install configuration: ""
[5.923s] -- Installing: /home/molen/Documents/sp_vision_tutorial_27/lecture4/install/topic_learning_pub/lib/topic_learning_pub/publisher_node
[5.925s] -- Set runtime path of "/home/molen/Documents/sp_vision_tutorial_27/lecture4/install/topic_learning_pub/lib/topic_learning_pub/publisher_node" to ""
[5.925s] -- Installing: /home/molen/Documents/sp_vision_tutorial_27/lecture4/install/topic_learning_pub/lib/topic_learning_pub/qos_publisher
[5.926s] -- Set runtime path of "/home/molen/Documents/sp_vision_tutorial_27/lecture4/install/topic_learning_pub/lib/topic_learning_pub/qos_publisher" to ""
[5.926s] -- Installing: /home/molen/Documents/sp_vision_tutorial_27/lecture4/install/topic_learning_pub/share/ament_index/resource_index/package_run_dependencies/topic_learning_pub
[5.926s] -- Installing: /home/molen/Documents/sp_vision_tutorial_27/lecture4/install/topic_learning_pub/share/ament_index/resource_index/parent_prefix_path/topic_learning_pub
[5.926s] -- Installing: /home/molen/Documents/sp_vision_tutorial_27/lecture4/install/topic_learning_pub/share/topic_learning_pub/environment/ament_prefix_path.sh
[5.926s] -- Installing: /home/molen/Documents/sp_vision_tutorial_27/lecture4/install/topic_learning_pub/share/topic_learning_pub/environment/ament_prefix_path.dsv
[5.927s] -- Installing: /home/molen/Documents/sp_vision_tutorial_27/lecture4/install/topic_learning_pub/share/topic_learning_pub/environment/path.sh
[5.927s] -- Installing: /home/molen/Documents/sp_vision_tutorial_27/lecture4/install/topic_learning_pub/share/topic_learning_pub/environment/path.dsv
[5.927s] -- Installing: /home/molen/Documents/sp_vision_tutorial_27/lecture4/install/topic_learning_pub/share/topic_learning_pub/local_setup.bash
[5.927s] -- Installing: /home/molen/Documents/sp_vision_tutorial_27/lecture4/install/topic_learning_pub/share/topic_learning_pub/local_setup.sh
[5.927s] -- Installing: /home/molen/Documents/sp_vision_tutorial_27/lecture4/install/topic_learning_pub/share/topic_learning_pub/local_setup.zsh
[5.927s] -- Installing: /home/molen/Documents/sp_vision_tutorial_27/lecture4/install/topic_learning_pub/share/topic_learning_pub/local_setup.dsv
[5.927s] -- Installing: /home/molen/Documents/sp_vision_tutorial_27/lecture4/install/topic_learning_pub/share/topic_learning_pub/package.dsv
[5.927s] -- Installing: /home/molen/Documents/sp_vision_tutorial_27/lecture4/install/topic_learning_pub/share/ament_index/resource_index/packages/topic_learning_pub
[5.928s] -- Installing: /home/molen/Documents/sp_vision_tutorial_27/lecture4/install/topic_learning_pub/share/topic_learning_pub/cmake/topic_learning_pubConfig.cmake
[5.928s] -- Installing: /home/molen/Documents/sp_vision_tutorial_27/lecture4/install/topic_learning_pub/share/topic_learning_pub/cmake/topic_learning_pubConfig-version.cmake
[5.928s] -- Installing: /home/molen/Documents/sp_vision_tutorial_27/lecture4/install/topic_learning_pub/share/topic_learning_pub/package.xml
[5.932s] Invoked command in '/home/molen/Documents/sp_vision_tutorial_27/lecture4/build/topic_learning_pub' returned '0': CMAKE_PREFIX_PATH=/opt/ros/humble /usr/bin/cmake --install /home/molen/Documents/sp_vision_tutorial_27/lecture4/build/topic_learning_pub
