[0.007s] Invoking command in '/home/molen/Documents/sp_vision_tutorial_27/lecture4/homework/build/qos_debugger': AMENT_PREFIX_PATH=/home/molen/Documents/sp_vision_tutorial_27/lecture4/homework/install/nav_hw_interfaces:${AMENT_PREFIX_PATH} CMAKE_PREFIX_PATH=/home/molen/Documents/sp_vision_tutorial_27/lecture4/homework/install/nav_hw_interfaces:/opt/ros/humble LD_LIBRARY_PATH=/home/molen/Documents/sp_vision_tutorial_27/lecture4/homework/install/nav_hw_interfaces/lib:/opt/MVS/lib/64:/opt/MVS/lib/32:/opt/MVS/lib/64:/opt/MVS/lib/32:/opt/ros/humble/opt/rviz_ogre_vendor/lib:/opt/ros/humble/lib/x86_64-linux-gnu:/opt/ros/humble/lib:/opt/MVS/lib/64:/opt/MVS/lib/32:/opt/MVS/lib/64:/opt/MVS/lib/32:/opt/MVS/lib/64:/opt/MVS/lib/32:/opt/MVS/lib/64:/opt/MVS/lib/32 PYTHONPATH=/home/molen/Documents/sp_vision_tutorial_27/lecture4/homework/install/nav_hw_interfaces/local/lib/python3.10/dist-packages:${PYTHONPATH} /usr/bin/cmake /home/molen/Documents/sp_vision_tutorial_27/lecture4/homework/src/qos_debugger -DCMAKE_INSTALL_PREFIX=/home/molen/Documents/sp_vision_tutorial_27/lecture4/homework/install/qos_debugger
[0.043s] -- The C compiler identification is GNU 11.4.0
[0.080s] -- The CXX compiler identification is GNU 11.4.0
[0.086s] -- Detecting C compiler ABI info
[0.133s] -- Detecting C compiler ABI info - done
[0.137s] -- Check for working C compiler: /usr/bin/cc - skipped
[0.137s] -- Detecting C compile features
[0.137s] -- Detecting C compile features - done
[0.139s] -- Detecting CXX compiler ABI info
[0.191s] -- Detecting CXX compiler ABI info - done
[0.195s] -- Check for working CXX compiler: /usr/bin/c++ - skipped
[0.195s] -- Detecting CXX compile features
[0.196s] -- Detecting CXX compile features - done
[0.197s] -- Found ament_cmake: 1.3.14 (/opt/ros/humble/share/ament_cmake/cmake)
[0.285s] -- Found Python3: /usr/bin/python3 (found version "3.10.12") found components: Interpreter 
[0.333s] -- Found rclcpp: 16.0.21 (/opt/ros/humble/share/rclcpp/cmake)
[0.353s] -- Found rosidl_generator_c: 3.1.9 (/opt/ros/humble/share/rosidl_generator_c/cmake)
[0.355s] -- Found rosidl_adapter: 3.1.9 (/opt/ros/humble/share/rosidl_adapter/cmake)
[0.360s] -- Found rosidl_generator_cpp: 3.1.9 (/opt/ros/humble/share/rosidl_generator_cpp/cmake)
[0.367s] -- Using all available rosidl_typesupport_c: rosidl_typesupport_fastrtps_c;rosidl_typesupport_introspection_c
[0.374s] -- Using all available rosidl_typesupport_cpp: rosidl_typesupport_fastrtps_cpp;rosidl_typesupport_introspection_cpp
[0.395s] -- Found rmw_implementation_cmake: 6.1.4 (/opt/ros/humble/share/rmw_implementation_cmake/cmake)
[0.397s] -- Found rmw_fastrtps_cpp: 6.2.10 (/opt/ros/humble/share/rmw_fastrtps_cpp/cmake)
[0.450s] -- Found OpenSSL: /usr/lib/x86_64-linux-gnu/libcrypto.so (found version "3.0.2")  
[0.465s] -- Found FastRTPS: /opt/ros/humble/include  
[0.485s] -- Using RMW implementation 'rmw_fastrtps_cpp' as default
[0.489s] -- Looking for pthread.h
[0.540s] -- Looking for pthread.h - found
[0.540s] -- Performing Test CMAKE_HAVE_LIBC_PTHREAD
[0.588s] -- Performing Test CMAKE_HAVE_LIBC_PTHREAD - Success
[0.589s] -- Found Threads: TRUE  
[0.617s] -- Found nav_hw_interfaces: 0.0.0 (/home/molen/Documents/sp_vision_tutorial_27/lecture4/homework/install/nav_hw_interfaces/share/nav_hw_interfaces/cmake)
[0.661s] -- Configuring done
[0.669s] -- Generating done
[0.672s] -- Build files have been written to: /home/molen/Documents/sp_vision_tutorial_27/lecture4/homework/build/qos_debugger
[0.677s] Invoked command in '/home/molen/Documents/sp_vision_tutorial_27/lecture4/homework/build/qos_debugger' returned '0': AMENT_PREFIX_PATH=/home/molen/Documents/sp_vision_tutorial_27/lecture4/homework/install/nav_hw_interfaces:${AMENT_PREFIX_PATH} CMAKE_PREFIX_PATH=/home/molen/Documents/sp_vision_tutorial_27/lecture4/homework/install/nav_hw_interfaces:/opt/ros/humble LD_LIBRARY_PATH=/home/molen/Documents/sp_vision_tutorial_27/lecture4/homework/install/nav_hw_interfaces/lib:/opt/MVS/lib/64:/opt/MVS/lib/32:/opt/MVS/lib/64:/opt/MVS/lib/32:/opt/ros/humble/opt/rviz_ogre_vendor/lib:/opt/ros/humble/lib/x86_64-linux-gnu:/opt/ros/humble/lib:/opt/MVS/lib/64:/opt/MVS/lib/32:/opt/MVS/lib/64:/opt/MVS/lib/32:/opt/MVS/lib/64:/opt/MVS/lib/32:/opt/MVS/lib/64:/opt/MVS/lib/32 PYTHONPATH=/home/molen/Documents/sp_vision_tutorial_27/lecture4/homework/install/nav_hw_interfaces/local/lib/python3.10/dist-packages:${PYTHONPATH} /usr/bin/cmake /home/molen/Documents/sp_vision_tutorial_27/lecture4/homework/src/qos_debugger -DCMAKE_INSTALL_PREFIX=/home/molen/Documents/sp_vision_tutorial_27/lecture4/homework/install/qos_debugger
[0.678s] Invoking command in '/home/molen/Documents/sp_vision_tutorial_27/lecture4/homework/build/qos_debugger': AMENT_PREFIX_PATH=/home/molen/Documents/sp_vision_tutorial_27/lecture4/homework/install/nav_hw_interfaces:${AMENT_PREFIX_PATH} CMAKE_PREFIX_PATH=/home/molen/Documents/sp_vision_tutorial_27/lecture4/homework/install/nav_hw_interfaces:/opt/ros/humble LD_LIBRARY_PATH=/home/molen/Documents/sp_vision_tutorial_27/lecture4/homework/install/nav_hw_interfaces/lib:/opt/MVS/lib/64:/opt/MVS/lib/32:/opt/MVS/lib/64:/opt/MVS/lib/32:/opt/ros/humble/opt/rviz_ogre_vendor/lib:/opt/ros/humble/lib/x86_64-linux-gnu:/opt/ros/humble/lib:/opt/MVS/lib/64:/opt/MVS/lib/32:/opt/MVS/lib/64:/opt/MVS/lib/32:/opt/MVS/lib/64:/opt/MVS/lib/32:/opt/MVS/lib/64:/opt/MVS/lib/32 PYTHONPATH=/home/molen/Documents/sp_vision_tutorial_27/lecture4/homework/install/nav_hw_interfaces/local/lib/python3.10/dist-packages:${PYTHONPATH} /usr/bin/cmake --build /home/molen/Documents/sp_vision_tutorial_27/lecture4/homework/build/qos_debugger -- -j8 -l8
[0.712s] [ 25%] [32mBuilding CXX object CMakeFiles/qos_debugger_sub.dir/src/qos_debugger_sub.cpp.o[0m
[0.712s] [ 50%] [32mBuilding CXX object CMakeFiles/qos_debugger_pub.dir/src/qos_debugger_pub.cpp.o[0m
[3.028s] [ 75%] [32m[1mLinking CXX executable qos_debugger_pub[0m
[3.144s] [ 75%] Built target qos_debugger_pub
[5.079s] [100%] [32m[1mLinking CXX executable qos_debugger_sub[0m
[5.294s] [100%] Built target qos_debugger_sub
[5.302s] Invoked command in '/home/molen/Documents/sp_vision_tutorial_27/lecture4/homework/build/qos_debugger' returned '0': AMENT_PREFIX_PATH=/home/molen/Documents/sp_vision_tutorial_27/lecture4/homework/install/nav_hw_interfaces:${AMENT_PREFIX_PATH} CMAKE_PREFIX_PATH=/home/molen/Documents/sp_vision_tutorial_27/lecture4/homework/install/nav_hw_interfaces:/opt/ros/humble LD_LIBRARY_PATH=/home/molen/Documents/sp_vision_tutorial_27/lecture4/homework/install/nav_hw_interfaces/lib:/opt/MVS/lib/64:/opt/MVS/lib/32:/opt/MVS/lib/64:/opt/MVS/lib/32:/opt/ros/humble/opt/rviz_ogre_vendor/lib:/opt/ros/humble/lib/x86_64-linux-gnu:/opt/ros/humble/lib:/opt/MVS/lib/64:/opt/MVS/lib/32:/opt/MVS/lib/64:/opt/MVS/lib/32:/opt/MVS/lib/64:/opt/MVS/lib/32:/opt/MVS/lib/64:/opt/MVS/lib/32 PYTHONPATH=/home/molen/Documents/sp_vision_tutorial_27/lecture4/homework/install/nav_hw_interfaces/local/lib/python3.10/dist-packages:${PYTHONPATH} /usr/bin/cmake --build /home/molen/Documents/sp_vision_tutorial_27/lecture4/homework/build/qos_debugger -- -j8 -l8
[5.303s] Invoking command in '/home/molen/Documents/sp_vision_tutorial_27/lecture4/homework/build/qos_debugger': AMENT_PREFIX_PATH=/home/molen/Documents/sp_vision_tutorial_27/lecture4/homework/install/nav_hw_interfaces:${AMENT_PREFIX_PATH} CMAKE_PREFIX_PATH=/home/molen/Documents/sp_vision_tutorial_27/lecture4/homework/install/nav_hw_interfaces:/opt/ros/humble LD_LIBRARY_PATH=/home/molen/Documents/sp_vision_tutorial_27/lecture4/homework/install/nav_hw_interfaces/lib:/opt/MVS/lib/64:/opt/MVS/lib/32:/opt/MVS/lib/64:/opt/MVS/lib/32:/opt/ros/humble/opt/rviz_ogre_vendor/lib:/opt/ros/humble/lib/x86_64-linux-gnu:/opt/ros/humble/lib:/opt/MVS/lib/64:/opt/MVS/lib/32:/opt/MVS/lib/64:/opt/MVS/lib/32:/opt/MVS/lib/64:/opt/MVS/lib/32:/opt/MVS/lib/64:/opt/MVS/lib/32 PYTHONPATH=/home/molen/Documents/sp_vision_tutorial_27/lecture4/homework/install/nav_hw_interfaces/local/lib/python3.10/dist-packages:${PYTHONPATH} /usr/bin/cmake --install /home/molen/Documents/sp_vision_tutorial_27/lecture4/homework/build/qos_debugger
[5.308s] -- Install configuration: ""
[5.308s] -- Installing: /home/molen/Documents/sp_vision_tutorial_27/lecture4/homework/install/qos_debugger/lib/qos_debugger/qos_debugger_pub
[5.309s] -- Set runtime path of "/home/molen/Documents/sp_vision_tutorial_27/lecture4/homework/install/qos_debugger/lib/qos_debugger/qos_debugger_pub" to ""
[5.309s] -- Installing: /home/molen/Documents/sp_vision_tutorial_27/lecture4/homework/install/qos_debugger/lib/qos_debugger/qos_debugger_sub
[5.312s] -- Set runtime path of "/home/molen/Documents/sp_vision_tutorial_27/lecture4/homework/install/qos_debugger/lib/qos_debugger/qos_debugger_sub" to ""
[5.312s] -- Installing: /home/molen/Documents/sp_vision_tutorial_27/lecture4/homework/install/qos_debugger/share/ament_index/resource_index/package_run_dependencies/qos_debugger
[5.312s] -- Installing: /home/molen/Documents/sp_vision_tutorial_27/lecture4/homework/install/qos_debugger/share/ament_index/resource_index/parent_prefix_path/qos_debugger
[5.312s] -- Installing: /home/molen/Documents/sp_vision_tutorial_27/lecture4/homework/install/qos_debugger/share/qos_debugger/environment/ament_prefix_path.sh
[5.312s] -- Installing: /home/molen/Documents/sp_vision_tutorial_27/lecture4/homework/install/qos_debugger/share/qos_debugger/environment/ament_prefix_path.dsv
[5.312s] -- Installing: /home/molen/Documents/sp_vision_tutorial_27/lecture4/homework/install/qos_debugger/share/qos_debugger/environment/path.sh
[5.312s] -- Installing: /home/molen/Documents/sp_vision_tutorial_27/lecture4/homework/install/qos_debugger/share/qos_debugger/environment/path.dsv
[5.312s] -- Installing: /home/molen/Documents/sp_vision_tutorial_27/lecture4/homework/install/qos_debugger/share/qos_debugger/local_setup.bash
[5.312s] -- Installing: /home/molen/Documents/sp_vision_tutorial_27/lecture4/homework/install/qos_debugger/share/qos_debugger/local_setup.sh
[5.313s] -- Installing: /home/molen/Documents/sp_vision_tutorial_27/lecture4/homework/install/qos_debugger/share/qos_debugger/local_setup.zsh
[5.313s] -- Installing: /home/molen/Documents/sp_vision_tutorial_27/lecture4/homework/install/qos_debugger/share/qos_debugger/local_setup.dsv
[5.313s] -- Installing: /home/molen/Documents/sp_vision_tutorial_27/lecture4/homework/install/qos_debugger/share/qos_debugger/package.dsv
[5.313s] -- Installing: /home/molen/Documents/sp_vision_tutorial_27/lecture4/homework/install/qos_debugger/share/ament_index/resource_index/packages/qos_debugger
[5.313s] -- Installing: /home/molen/Documents/sp_vision_tutorial_27/lecture4/homework/install/qos_debugger/share/qos_debugger/cmake/qos_debuggerConfig.cmake
[5.313s] -- Installing: /home/molen/Documents/sp_vision_tutorial_27/lecture4/homework/install/qos_debugger/share/qos_debugger/cmake/qos_debuggerConfig-version.cmake
[5.313s] -- Installing: /home/molen/Documents/sp_vision_tutorial_27/lecture4/homework/install/qos_debugger/share/qos_debugger/package.xml
[5.314s] Invoked command in '/home/molen/Documents/sp_vision_tutorial_27/lecture4/homework/build/qos_debugger' returned '0': AMENT_PREFIX_PATH=/home/molen/Documents/sp_vision_tutorial_27/lecture4/homework/install/nav_hw_interfaces:${AMENT_PREFIX_PATH} CMAKE_PREFIX_PATH=/home/molen/Documents/sp_vision_tutorial_27/lecture4/homework/install/nav_hw_interfaces:/opt/ros/humble LD_LIBRARY_PATH=/home/molen/Documents/sp_vision_tutorial_27/lecture4/homework/install/nav_hw_interfaces/lib:/opt/MVS/lib/64:/opt/MVS/lib/32:/opt/MVS/lib/64:/opt/MVS/lib/32:/opt/ros/humble/opt/rviz_ogre_vendor/lib:/opt/ros/humble/lib/x86_64-linux-gnu:/opt/ros/humble/lib:/opt/MVS/lib/64:/opt/MVS/lib/32:/opt/MVS/lib/64:/opt/MVS/lib/32:/opt/MVS/lib/64:/opt/MVS/lib/32:/opt/MVS/lib/64:/opt/MVS/lib/32 PYTHONPATH=/home/molen/Documents/sp_vision_tutorial_27/lecture4/homework/install/nav_hw_interfaces/local/lib/python3.10/dist-packages:${PYTHONPATH} /usr/bin/cmake --install /home/molen/Documents/sp_vision_tutorial_27/lecture4/homework/build/qos_debugger
