[0.008s] Invoking command in '/home/molen/Documents/sp_vision_tutorial_27/lecture4/homework/build/nav_hw_interfaces': CMAKE_PREFIX_PATH=${CMAKE_PREFIX_PATH}:/opt/ros/humble /usr/bin/cmake --build /home/molen/Documents/sp_vision_tutorial_27/lecture4/homework/build/nav_hw_interfaces -- -j8 -l8
[0.046s] [  9%] Built target nav_hw_interfaces__rosidl_generator_c
[0.046s] [ 12%] Built target nav_hw_interfaces__rs
[0.047s] [ 15%] Built target nav_hw_interfaces__cpp
[0.057s] [ 15%] Built target ament_cmake_python_copy_nav_hw_interfaces
[0.065s] [ 28%] Built target nav_hw_interfaces__rosidl_typesupport_c
[0.066s] [ 34%] Built target nav_hw_interfaces__rosidl_typesupport_introspection_c
[0.066s] [ 43%] Built target nav_hw_interfaces__rosidl_typesupport_fastrtps_c
[0.066s] [ 53%] Built target nav_hw_interfaces__rosidl_typesupport_introspection_cpp
[0.067s] [ 62%] Built target nav_hw_interfaces__rosidl_typesupport_cpp
[0.070s] [ 71%] Built target nav_hw_interfaces__rosidl_typesupport_fastrtps_cpp
[0.086s] [ 71%] Built target nav_hw_interfaces
[0.103s] [ 75%] Built target nav_hw_interfaces__py
[0.124s] [ 81%] Built target nav_hw_interfaces__rosidl_generator_py
[0.140s] [ 87%] Built target nav_hw_interfaces__rosidl_typesupport_fastrtps_c__pyext
[0.148s] [ 93%] Built target nav_hw_interfaces__rosidl_typesupport_c__pyext
[0.164s] [100%] Built target nav_hw_interfaces__rosidl_typesupport_introspection_c__pyext
[0.197s] running egg_info
[0.197s] writing nav_hw_interfaces.egg-info/PKG-INFO
[0.197s] writing dependency_links to nav_hw_interfaces.egg-info/dependency_links.txt
[0.197s] writing top-level names to nav_hw_interfaces.egg-info/top_level.txt
[0.201s] reading manifest file 'nav_hw_interfaces.egg-info/SOURCES.txt'
[0.201s] writing manifest file 'nav_hw_interfaces.egg-info/SOURCES.txt'
[0.215s] [100%] Built target ament_cmake_python_build_nav_hw_interfaces_egg
[0.223s] Invoked command in '/home/molen/Documents/sp_vision_tutorial_27/lecture4/homework/build/nav_hw_interfaces' returned '0': CMAKE_PREFIX_PATH=${CMAKE_PREFIX_PATH}:/opt/ros/humble /usr/bin/cmake --build /home/molen/Documents/sp_vision_tutorial_27/lecture4/homework/build/nav_hw_interfaces -- -j8 -l8
[0.229s] Invoking command in '/home/molen/Documents/sp_vision_tutorial_27/lecture4/homework/build/nav_hw_interfaces': CMAKE_PREFIX_PATH=${CMAKE_PREFIX_PATH}:/opt/ros/humble /usr/bin/cmake --install /home/molen/Documents/sp_vision_tutorial_27/lecture4/homework/build/nav_hw_interfaces
[0.235s] -- Install configuration: ""
[0.235s] -- Up-to-date: /home/molen/Documents/sp_vision_tutorial_27/lecture4/homework/install/nav_hw_interfaces/share/ament_index/resource_index/rosidl_interfaces/nav_hw_interfaces
[0.235s] -- Up-to-date: /home/molen/Documents/sp_vision_tutorial_27/lecture4/homework/install/nav_hw_interfaces/include/nav_hw_interfaces/nav_hw_interfaces
[0.235s] -- Up-to-date: /home/molen/Documents/sp_vision_tutorial_27/lecture4/homework/install/nav_hw_interfaces/include/nav_hw_interfaces/nav_hw_interfaces/msg
[0.235s] -- Up-to-date: /home/molen/Documents/sp_vision_tutorial_27/lecture4/homework/install/nav_hw_interfaces/include/nav_hw_interfaces/nav_hw_interfaces/msg/rosidl_generator_c__visibility_control.h
[0.235s] -- Up-to-date: /home/molen/Documents/sp_vision_tutorial_27/lecture4/homework/install/nav_hw_interfaces/include/nav_hw_interfaces/nav_hw_interfaces/msg/sensor_data.h
[0.235s] -- Up-to-date: /home/molen/Documents/sp_vision_tutorial_27/lecture4/homework/install/nav_hw_interfaces/include/nav_hw_interfaces/nav_hw_interfaces/msg/detail
[0.235s] -- Up-to-date: /home/molen/Documents/sp_vision_tutorial_27/lecture4/homework/install/nav_hw_interfaces/include/nav_hw_interfaces/nav_hw_interfaces/msg/detail/sensor_data__functions.c
[0.235s] -- Up-to-date: /home/molen/Documents/sp_vision_tutorial_27/lecture4/homework/install/nav_hw_interfaces/include/nav_hw_interfaces/nav_hw_interfaces/msg/detail/sensor_data__functions.h
[0.235s] -- Up-to-date: /home/molen/Documents/sp_vision_tutorial_27/lecture4/homework/install/nav_hw_interfaces/include/nav_hw_interfaces/nav_hw_interfaces/msg/detail/sensor_data__type_support.h
[0.235s] -- Up-to-date: /home/molen/Documents/sp_vision_tutorial_27/lecture4/homework/install/nav_hw_interfaces/include/nav_hw_interfaces/nav_hw_interfaces/msg/detail/sensor_data__struct.h
[0.236s] -- Up-to-date: /home/molen/Documents/sp_vision_tutorial_27/lecture4/homework/install/nav_hw_interfaces/share/nav_hw_interfaces/environment/library_path.sh
[0.236s] -- Up-to-date: /home/molen/Documents/sp_vision_tutorial_27/lecture4/homework/install/nav_hw_interfaces/share/nav_hw_interfaces/environment/library_path.dsv
[0.236s] -- Up-to-date: /home/molen/Documents/sp_vision_tutorial_27/lecture4/homework/install/nav_hw_interfaces/lib/libnav_hw_interfaces__rosidl_generator_c.so
[0.236s] -- Up-to-date: /home/molen/Documents/sp_vision_tutorial_27/lecture4/homework/install/nav_hw_interfaces/include/nav_hw_interfaces/nav_hw_interfaces
[0.236s] -- Up-to-date: /home/molen/Documents/sp_vision_tutorial_27/lecture4/homework/install/nav_hw_interfaces/include/nav_hw_interfaces/nav_hw_interfaces/msg
[0.236s] -- Up-to-date: /home/molen/Documents/sp_vision_tutorial_27/lecture4/homework/install/nav_hw_interfaces/include/nav_hw_interfaces/nav_hw_interfaces/msg/rosidl_typesupport_fastrtps_c__visibility_control.h
[0.236s] -- Up-to-date: /home/molen/Documents/sp_vision_tutorial_27/lecture4/homework/install/nav_hw_interfaces/include/nav_hw_interfaces/nav_hw_interfaces/msg/detail
[0.236s] -- Up-to-date: /home/molen/Documents/sp_vision_tutorial_27/lecture4/homework/install/nav_hw_interfaces/include/nav_hw_interfaces/nav_hw_interfaces/msg/detail/sensor_data__rosidl_typesupport_fastrtps_c.h
[0.236s] -- Up-to-date: /home/molen/Documents/sp_vision_tutorial_27/lecture4/homework/install/nav_hw_interfaces/lib/libnav_hw_interfaces__rosidl_typesupport_fastrtps_c.so
[0.237s] -- Up-to-date: /home/molen/Documents/sp_vision_tutorial_27/lecture4/homework/install/nav_hw_interfaces/include/nav_hw_interfaces/nav_hw_interfaces
[0.237s] -- Up-to-date: /home/molen/Documents/sp_vision_tutorial_27/lecture4/homework/install/nav_hw_interfaces/include/nav_hw_interfaces/nav_hw_interfaces/msg
[0.237s] -- Up-to-date: /home/molen/Documents/sp_vision_tutorial_27/lecture4/homework/install/nav_hw_interfaces/include/nav_hw_interfaces/nav_hw_interfaces/msg/rosidl_typesupport_introspection_c__visibility_control.h
[0.237s] -- Up-to-date: /home/molen/Documents/sp_vision_tutorial_27/lecture4/homework/install/nav_hw_interfaces/include/nav_hw_interfaces/nav_hw_interfaces/msg/detail
[0.237s] -- Up-to-date: /home/molen/Documents/sp_vision_tutorial_27/lecture4/homework/install/nav_hw_interfaces/include/nav_hw_interfaces/nav_hw_interfaces/msg/detail/sensor_data__type_support.c
[0.237s] -- Up-to-date: /home/molen/Documents/sp_vision_tutorial_27/lecture4/homework/install/nav_hw_interfaces/include/nav_hw_interfaces/nav_hw_interfaces/msg/detail/sensor_data__rosidl_typesupport_introspection_c.h
[0.237s] -- Up-to-date: /home/molen/Documents/sp_vision_tutorial_27/lecture4/homework/install/nav_hw_interfaces/lib/libnav_hw_interfaces__rosidl_typesupport_introspection_c.so
[0.237s] -- Up-to-date: /home/molen/Documents/sp_vision_tutorial_27/lecture4/homework/install/nav_hw_interfaces/lib/libnav_hw_interfaces__rosidl_typesupport_c.so
[0.237s] -- Up-to-date: /home/molen/Documents/sp_vision_tutorial_27/lecture4/homework/install/nav_hw_interfaces/include/nav_hw_interfaces/nav_hw_interfaces
[0.237s] -- Up-to-date: /home/molen/Documents/sp_vision_tutorial_27/lecture4/homework/install/nav_hw_interfaces/include/nav_hw_interfaces/nav_hw_interfaces/msg
[0.237s] -- Up-to-date: /home/molen/Documents/sp_vision_tutorial_27/lecture4/homework/install/nav_hw_interfaces/include/nav_hw_interfaces/nav_hw_interfaces/msg/sensor_data.hpp
[0.237s] -- Up-to-date: /home/molen/Documents/sp_vision_tutorial_27/lecture4/homework/install/nav_hw_interfaces/include/nav_hw_interfaces/nav_hw_interfaces/msg/rosidl_generator_cpp__visibility_control.hpp
[0.238s] -- Up-to-date: /home/molen/Documents/sp_vision_tutorial_27/lecture4/homework/install/nav_hw_interfaces/include/nav_hw_interfaces/nav_hw_interfaces/msg/detail
[0.238s] -- Up-to-date: /home/molen/Documents/sp_vision_tutorial_27/lecture4/homework/install/nav_hw_interfaces/include/nav_hw_interfaces/nav_hw_interfaces/msg/detail/sensor_data__builder.hpp
[0.238s] -- Up-to-date: /home/molen/Documents/sp_vision_tutorial_27/lecture4/homework/install/nav_hw_interfaces/include/nav_hw_interfaces/nav_hw_interfaces/msg/detail/sensor_data__traits.hpp
[0.238s] -- Up-to-date: /home/molen/Documents/sp_vision_tutorial_27/lecture4/homework/install/nav_hw_interfaces/include/nav_hw_interfaces/nav_hw_interfaces/msg/detail/sensor_data__struct.hpp
[0.238s] -- Up-to-date: /home/molen/Documents/sp_vision_tutorial_27/lecture4/homework/install/nav_hw_interfaces/include/nav_hw_interfaces/nav_hw_interfaces/msg/detail/sensor_data__type_support.hpp
[0.238s] -- Up-to-date: /home/molen/Documents/sp_vision_tutorial_27/lecture4/homework/install/nav_hw_interfaces/include/nav_hw_interfaces/nav_hw_interfaces
[0.238s] -- Up-to-date: /home/molen/Documents/sp_vision_tutorial_27/lecture4/homework/install/nav_hw_interfaces/include/nav_hw_interfaces/nav_hw_interfaces/msg
[0.238s] -- Up-to-date: /home/molen/Documents/sp_vision_tutorial_27/lecture4/homework/install/nav_hw_interfaces/include/nav_hw_interfaces/nav_hw_interfaces/msg/rosidl_typesupport_fastrtps_cpp__visibility_control.h
[0.238s] -- Up-to-date: /home/molen/Documents/sp_vision_tutorial_27/lecture4/homework/install/nav_hw_interfaces/include/nav_hw_interfaces/nav_hw_interfaces/msg/detail
[0.238s] -- Up-to-date: /home/molen/Documents/sp_vision_tutorial_27/lecture4/homework/install/nav_hw_interfaces/include/nav_hw_interfaces/nav_hw_interfaces/msg/detail/sensor_data__rosidl_typesupport_fastrtps_cpp.hpp
[0.238s] -- Up-to-date: /home/molen/Documents/sp_vision_tutorial_27/lecture4/homework/install/nav_hw_interfaces/include/nav_hw_interfaces/nav_hw_interfaces/msg/detail/dds_fastrtps
[0.238s] -- Up-to-date: /home/molen/Documents/sp_vision_tutorial_27/lecture4/homework/install/nav_hw_interfaces/lib/libnav_hw_interfaces__rosidl_typesupport_fastrtps_cpp.so
[0.238s] -- Up-to-date: /home/molen/Documents/sp_vision_tutorial_27/lecture4/homework/install/nav_hw_interfaces/include/nav_hw_interfaces/nav_hw_interfaces
[0.238s] -- Up-to-date: /home/molen/Documents/sp_vision_tutorial_27/lecture4/homework/install/nav_hw_interfaces/include/nav_hw_interfaces/nav_hw_interfaces/msg
[0.239s] -- Up-to-date: /home/molen/Documents/sp_vision_tutorial_27/lecture4/homework/install/nav_hw_interfaces/include/nav_hw_interfaces/nav_hw_interfaces/msg/detail
[0.239s] -- Up-to-date: /home/molen/Documents/sp_vision_tutorial_27/lecture4/homework/install/nav_hw_interfaces/include/nav_hw_interfaces/nav_hw_interfaces/msg/detail/sensor_data__rosidl_typesupport_introspection_cpp.hpp
[0.239s] -- Up-to-date: /home/molen/Documents/sp_vision_tutorial_27/lecture4/homework/install/nav_hw_interfaces/include/nav_hw_interfaces/nav_hw_interfaces/msg/detail/sensor_data__type_support.cpp
[0.239s] -- Up-to-date: /home/molen/Documents/sp_vision_tutorial_27/lecture4/homework/install/nav_hw_interfaces/lib/libnav_hw_interfaces__rosidl_typesupport_introspection_cpp.so
[0.239s] -- Up-to-date: /home/molen/Documents/sp_vision_tutorial_27/lecture4/homework/install/nav_hw_interfaces/lib/libnav_hw_interfaces__rosidl_typesupport_cpp.so
[0.239s] -- Up-to-date: /home/molen/Documents/sp_vision_tutorial_27/lecture4/homework/install/nav_hw_interfaces/share/nav_hw_interfaces/environment/pythonpath.sh
[0.239s] -- Up-to-date: /home/molen/Documents/sp_vision_tutorial_27/lecture4/homework/install/nav_hw_interfaces/share/nav_hw_interfaces/environment/pythonpath.dsv
[0.239s] -- Up-to-date: /home/molen/Documents/sp_vision_tutorial_27/lecture4/homework/install/nav_hw_interfaces/local/lib/python3.10/dist-packages/nav_hw_interfaces-0.0.0-py3.10.egg-info
[0.239s] -- Installing: /home/molen/Documents/sp_vision_tutorial_27/lecture4/homework/install/nav_hw_interfaces/local/lib/python3.10/dist-packages/nav_hw_interfaces-0.0.0-py3.10.egg-info/top_level.txt
[0.239s] -- Installing: /home/molen/Documents/sp_vision_tutorial_27/lecture4/homework/install/nav_hw_interfaces/local/lib/python3.10/dist-packages/nav_hw_interfaces-0.0.0-py3.10.egg-info/PKG-INFO
[0.239s] -- Installing: /home/molen/Documents/sp_vision_tutorial_27/lecture4/homework/install/nav_hw_interfaces/local/lib/python3.10/dist-packages/nav_hw_interfaces-0.0.0-py3.10.egg-info/SOURCES.txt
[0.239s] -- Installing: /home/molen/Documents/sp_vision_tutorial_27/lecture4/homework/install/nav_hw_interfaces/local/lib/python3.10/dist-packages/nav_hw_interfaces-0.0.0-py3.10.egg-info/dependency_links.txt
[0.239s] -- Up-to-date: /home/molen/Documents/sp_vision_tutorial_27/lecture4/homework/install/nav_hw_interfaces/local/lib/python3.10/dist-packages/nav_hw_interfaces
[0.239s] -- Up-to-date: /home/molen/Documents/sp_vision_tutorial_27/lecture4/homework/install/nav_hw_interfaces/local/lib/python3.10/dist-packages/nav_hw_interfaces/nav_hw_interfaces_s__rosidl_typesupport_fastrtps_c.cpython-310-x86_64-linux-gnu.so
[0.239s] -- Up-to-date: /home/molen/Documents/sp_vision_tutorial_27/lecture4/homework/install/nav_hw_interfaces/local/lib/python3.10/dist-packages/nav_hw_interfaces/msg
[0.239s] -- Up-to-date: /home/molen/Documents/sp_vision_tutorial_27/lecture4/homework/install/nav_hw_interfaces/local/lib/python3.10/dist-packages/nav_hw_interfaces/msg/_sensor_data_s.c
[0.239s] -- Up-to-date: /home/molen/Documents/sp_vision_tutorial_27/lecture4/homework/install/nav_hw_interfaces/local/lib/python3.10/dist-packages/nav_hw_interfaces/msg/__init__.py
[0.239s] -- Up-to-date: /home/molen/Documents/sp_vision_tutorial_27/lecture4/homework/install/nav_hw_interfaces/local/lib/python3.10/dist-packages/nav_hw_interfaces/msg/_sensor_data.py
[0.239s] -- Up-to-date: /home/molen/Documents/sp_vision_tutorial_27/lecture4/homework/install/nav_hw_interfaces/local/lib/python3.10/dist-packages/nav_hw_interfaces/_nav_hw_interfaces_s.ep.rosidl_typesupport_c.c
[0.239s] -- Up-to-date: /home/molen/Documents/sp_vision_tutorial_27/lecture4/homework/install/nav_hw_interfaces/local/lib/python3.10/dist-packages/nav_hw_interfaces/_nav_hw_interfaces_s.ep.rosidl_typesupport_introspection_c.c
[0.239s] -- Up-to-date: /home/molen/Documents/sp_vision_tutorial_27/lecture4/homework/install/nav_hw_interfaces/local/lib/python3.10/dist-packages/nav_hw_interfaces/_nav_hw_interfaces_s.ep.rosidl_typesupport_fastrtps_c.c
[0.239s] -- Up-to-date: /home/molen/Documents/sp_vision_tutorial_27/lecture4/homework/install/nav_hw_interfaces/local/lib/python3.10/dist-packages/nav_hw_interfaces/__init__.py
[0.239s] -- Up-to-date: /home/molen/Documents/sp_vision_tutorial_27/lecture4/homework/install/nav_hw_interfaces/local/lib/python3.10/dist-packages/nav_hw_interfaces/libnav_hw_interfaces__rosidl_generator_py.so
[0.239s] -- Up-to-date: /home/molen/Documents/sp_vision_tutorial_27/lecture4/homework/install/nav_hw_interfaces/local/lib/python3.10/dist-packages/nav_hw_interfaces/nav_hw_interfaces_s__rosidl_typesupport_c.cpython-310-x86_64-linux-gnu.so
[0.239s] -- Up-to-date: /home/molen/Documents/sp_vision_tutorial_27/lecture4/homework/install/nav_hw_interfaces/local/lib/python3.10/dist-packages/nav_hw_interfaces/nav_hw_interfaces_s__rosidl_typesupport_introspection_c.cpython-310-x86_64-linux-gnu.so
[0.259s] Listing '/home/molen/Documents/sp_vision_tutorial_27/lecture4/homework/install/nav_hw_interfaces/local/lib/python3.10/dist-packages/nav_hw_interfaces'...
[0.259s] Listing '/home/molen/Documents/sp_vision_tutorial_27/lecture4/homework/install/nav_hw_interfaces/local/lib/python3.10/dist-packages/nav_hw_interfaces/msg'...
[0.260s] -- Up-to-date: /home/molen/Documents/sp_vision_tutorial_27/lecture4/homework/install/nav_hw_interfaces/local/lib/python3.10/dist-packages/nav_hw_interfaces/nav_hw_interfaces_s__rosidl_typesupport_fastrtps_c.cpython-310-x86_64-linux-gnu.so
[0.260s] -- Up-to-date: /home/molen/Documents/sp_vision_tutorial_27/lecture4/homework/install/nav_hw_interfaces/local/lib/python3.10/dist-packages/nav_hw_interfaces/nav_hw_interfaces_s__rosidl_typesupport_introspection_c.cpython-310-x86_64-linux-gnu.so
[0.260s] -- Up-to-date: /home/molen/Documents/sp_vision_tutorial_27/lecture4/homework/install/nav_hw_interfaces/local/lib/python3.10/dist-packages/nav_hw_interfaces/nav_hw_interfaces_s__rosidl_typesupport_c.cpython-310-x86_64-linux-gnu.so
[0.260s] -- Up-to-date: /home/molen/Documents/sp_vision_tutorial_27/lecture4/homework/install/nav_hw_interfaces/lib/libnav_hw_interfaces__rosidl_generator_py.so
[0.261s] -- Up-to-date: /home/molen/Documents/sp_vision_tutorial_27/lecture4/homework/install/nav_hw_interfaces/share/nav_hw_interfaces/rust
[0.261s] -- Up-to-date: /home/molen/Documents/sp_vision_tutorial_27/lecture4/homework/install/nav_hw_interfaces/share/nav_hw_interfaces/rust/Cargo.toml
[0.261s] -- Up-to-date: /home/molen/Documents/sp_vision_tutorial_27/lecture4/homework/install/nav_hw_interfaces/share/nav_hw_interfaces/rust/src
[0.261s] -- Up-to-date: /home/molen/Documents/sp_vision_tutorial_27/lecture4/homework/install/nav_hw_interfaces/share/nav_hw_interfaces/rust/src/msg
[0.261s] -- Up-to-date: /home/molen/Documents/sp_vision_tutorial_27/lecture4/homework/install/nav_hw_interfaces/share/nav_hw_interfaces/rust/src/msg/rmw.rs
[0.261s] -- Up-to-date: /home/molen/Documents/sp_vision_tutorial_27/lecture4/homework/install/nav_hw_interfaces/share/nav_hw_interfaces/rust/src/msg.rs
[0.261s] -- Up-to-date: /home/molen/Documents/sp_vision_tutorial_27/lecture4/homework/install/nav_hw_interfaces/share/nav_hw_interfaces/rust/src/lib.rs
[0.261s] -- Up-to-date: /home/molen/Documents/sp_vision_tutorial_27/lecture4/homework/install/nav_hw_interfaces/share/nav_hw_interfaces/rust/build.rs
[0.261s] -- Up-to-date: /home/molen/Documents/sp_vision_tutorial_27/lecture4/homework/install/nav_hw_interfaces/share/nav_hw_interfaces/msg/SensorData.idl
[0.262s] -- Up-to-date: /home/molen/Documents/sp_vision_tutorial_27/lecture4/homework/install/nav_hw_interfaces/share/nav_hw_interfaces/msg/SensorData.msg
[0.262s] -- Up-to-date: /home/molen/Documents/sp_vision_tutorial_27/lecture4/homework/install/nav_hw_interfaces/share/ament_index/resource_index/package_run_dependencies/nav_hw_interfaces
[0.262s] -- Up-to-date: /home/molen/Documents/sp_vision_tutorial_27/lecture4/homework/install/nav_hw_interfaces/share/ament_index/resource_index/parent_prefix_path/nav_hw_interfaces
[0.262s] -- Up-to-date: /home/molen/Documents/sp_vision_tutorial_27/lecture4/homework/install/nav_hw_interfaces/share/nav_hw_interfaces/environment/ament_prefix_path.sh
[0.262s] -- Up-to-date: /home/molen/Documents/sp_vision_tutorial_27/lecture4/homework/install/nav_hw_interfaces/share/nav_hw_interfaces/environment/ament_prefix_path.dsv
[0.262s] -- Up-to-date: /home/molen/Documents/sp_vision_tutorial_27/lecture4/homework/install/nav_hw_interfaces/share/nav_hw_interfaces/environment/path.sh
[0.262s] -- Up-to-date: /home/molen/Documents/sp_vision_tutorial_27/lecture4/homework/install/nav_hw_interfaces/share/nav_hw_interfaces/environment/path.dsv
[0.262s] -- Up-to-date: /home/molen/Documents/sp_vision_tutorial_27/lecture4/homework/install/nav_hw_interfaces/share/nav_hw_interfaces/local_setup.bash
[0.262s] -- Up-to-date: /home/molen/Documents/sp_vision_tutorial_27/lecture4/homework/install/nav_hw_interfaces/share/nav_hw_interfaces/local_setup.sh
[0.262s] -- Up-to-date: /home/molen/Documents/sp_vision_tutorial_27/lecture4/homework/install/nav_hw_interfaces/share/nav_hw_interfaces/local_setup.zsh
[0.262s] -- Up-to-date: /home/molen/Documents/sp_vision_tutorial_27/lecture4/homework/install/nav_hw_interfaces/share/nav_hw_interfaces/local_setup.dsv
[0.262s] -- Installing: /home/molen/Documents/sp_vision_tutorial_27/lecture4/homework/install/nav_hw_interfaces/share/nav_hw_interfaces/package.dsv
[0.263s] -- Up-to-date: /home/molen/Documents/sp_vision_tutorial_27/lecture4/homework/install/nav_hw_interfaces/share/ament_index/resource_index/packages/nav_hw_interfaces
[0.263s] -- Up-to-date: /home/molen/Documents/sp_vision_tutorial_27/lecture4/homework/install/nav_hw_interfaces/share/nav_hw_interfaces/cmake/export_nav_hw_interfaces__rosidl_generator_cExport.cmake
[0.263s] -- Up-to-date: /home/molen/Documents/sp_vision_tutorial_27/lecture4/homework/install/nav_hw_interfaces/share/nav_hw_interfaces/cmake/export_nav_hw_interfaces__rosidl_generator_cExport-noconfig.cmake
[0.263s] -- Up-to-date: /home/molen/Documents/sp_vision_tutorial_27/lecture4/homework/install/nav_hw_interfaces/share/nav_hw_interfaces/cmake/export_nav_hw_interfaces__rosidl_typesupport_fastrtps_cExport.cmake
[0.263s] -- Up-to-date: /home/molen/Documents/sp_vision_tutorial_27/lecture4/homework/install/nav_hw_interfaces/share/nav_hw_interfaces/cmake/export_nav_hw_interfaces__rosidl_typesupport_fastrtps_cExport-noconfig.cmake
[0.263s] -- Up-to-date: /home/molen/Documents/sp_vision_tutorial_27/lecture4/homework/install/nav_hw_interfaces/share/nav_hw_interfaces/cmake/nav_hw_interfaces__rosidl_typesupport_introspection_cExport.cmake
[0.263s] -- Up-to-date: /home/molen/Documents/sp_vision_tutorial_27/lecture4/homework/install/nav_hw_interfaces/share/nav_hw_interfaces/cmake/nav_hw_interfaces__rosidl_typesupport_introspection_cExport-noconfig.cmake
[0.263s] -- Up-to-date: /home/molen/Documents/sp_vision_tutorial_27/lecture4/homework/install/nav_hw_interfaces/share/nav_hw_interfaces/cmake/nav_hw_interfaces__rosidl_typesupport_cExport.cmake
[0.263s] -- Up-to-date: /home/molen/Documents/sp_vision_tutorial_27/lecture4/homework/install/nav_hw_interfaces/share/nav_hw_interfaces/cmake/nav_hw_interfaces__rosidl_typesupport_cExport-noconfig.cmake
[0.263s] -- Up-to-date: /home/molen/Documents/sp_vision_tutorial_27/lecture4/homework/install/nav_hw_interfaces/share/nav_hw_interfaces/cmake/export_nav_hw_interfaces__rosidl_generator_cppExport.cmake
[0.263s] -- Up-to-date: /home/molen/Documents/sp_vision_tutorial_27/lecture4/homework/install/nav_hw_interfaces/share/nav_hw_interfaces/cmake/export_nav_hw_interfaces__rosidl_typesupport_fastrtps_cppExport.cmake
[0.263s] -- Up-to-date: /home/molen/Documents/sp_vision_tutorial_27/lecture4/homework/install/nav_hw_interfaces/share/nav_hw_interfaces/cmake/export_nav_hw_interfaces__rosidl_typesupport_fastrtps_cppExport-noconfig.cmake
[0.263s] -- Up-to-date: /home/molen/Documents/sp_vision_tutorial_27/lecture4/homework/install/nav_hw_interfaces/share/nav_hw_interfaces/cmake/nav_hw_interfaces__rosidl_typesupport_introspection_cppExport.cmake
[0.263s] -- Up-to-date: /home/molen/Documents/sp_vision_tutorial_27/lecture4/homework/install/nav_hw_interfaces/share/nav_hw_interfaces/cmake/nav_hw_interfaces__rosidl_typesupport_introspection_cppExport-noconfig.cmake
[0.263s] -- Up-to-date: /home/molen/Documents/sp_vision_tutorial_27/lecture4/homework/install/nav_hw_interfaces/share/nav_hw_interfaces/cmake/nav_hw_interfaces__rosidl_typesupport_cppExport.cmake
[0.263s] -- Up-to-date: /home/molen/Documents/sp_vision_tutorial_27/lecture4/homework/install/nav_hw_interfaces/share/nav_hw_interfaces/cmake/nav_hw_interfaces__rosidl_typesupport_cppExport-noconfig.cmake
[0.263s] -- Up-to-date: /home/molen/Documents/sp_vision_tutorial_27/lecture4/homework/install/nav_hw_interfaces/share/nav_hw_interfaces/cmake/export_nav_hw_interfaces__rosidl_generator_pyExport.cmake
[0.263s] -- Up-to-date: /home/molen/Documents/sp_vision_tutorial_27/lecture4/homework/install/nav_hw_interfaces/share/nav_hw_interfaces/cmake/export_nav_hw_interfaces__rosidl_generator_pyExport-noconfig.cmake
[0.263s] -- Up-to-date: /home/molen/Documents/sp_vision_tutorial_27/lecture4/homework/install/nav_hw_interfaces/share/nav_hw_interfaces/cmake/rosidl_cmake-extras.cmake
[0.263s] -- Up-to-date: /home/molen/Documents/sp_vision_tutorial_27/lecture4/homework/install/nav_hw_interfaces/share/nav_hw_interfaces/cmake/ament_cmake_export_dependencies-extras.cmake
[0.263s] -- Up-to-date: /home/molen/Documents/sp_vision_tutorial_27/lecture4/homework/install/nav_hw_interfaces/share/nav_hw_interfaces/cmake/ament_cmake_export_include_directories-extras.cmake
[0.263s] -- Up-to-date: /home/molen/Documents/sp_vision_tutorial_27/lecture4/homework/install/nav_hw_interfaces/share/nav_hw_interfaces/cmake/ament_cmake_export_libraries-extras.cmake
[0.263s] -- Up-to-date: /home/molen/Documents/sp_vision_tutorial_27/lecture4/homework/install/nav_hw_interfaces/share/nav_hw_interfaces/cmake/ament_cmake_export_targets-extras.cmake
[0.263s] -- Up-to-date: /home/molen/Documents/sp_vision_tutorial_27/lecture4/homework/install/nav_hw_interfaces/share/nav_hw_interfaces/cmake/rosidl_cmake_export_typesupport_targets-extras.cmake
[0.263s] -- Up-to-date: /home/molen/Documents/sp_vision_tutorial_27/lecture4/homework/install/nav_hw_interfaces/share/nav_hw_interfaces/cmake/rosidl_cmake_export_typesupport_libraries-extras.cmake
[0.263s] -- Up-to-date: /home/molen/Documents/sp_vision_tutorial_27/lecture4/homework/install/nav_hw_interfaces/share/nav_hw_interfaces/cmake/rosidl_cmake_aggregate_target-extras.cmake
[0.263s] -- Up-to-date: /home/molen/Documents/sp_vision_tutorial_27/lecture4/homework/install/nav_hw_interfaces/share/nav_hw_interfaces/cmake/nav_hw_interfacesConfig.cmake
[0.263s] -- Up-to-date: /home/molen/Documents/sp_vision_tutorial_27/lecture4/homework/install/nav_hw_interfaces/share/nav_hw_interfaces/cmake/nav_hw_interfacesConfig-version.cmake
[0.263s] -- Up-to-date: /home/molen/Documents/sp_vision_tutorial_27/lecture4/homework/install/nav_hw_interfaces/share/nav_hw_interfaces/package.xml
[0.265s] Invoked command in '/home/molen/Documents/sp_vision_tutorial_27/lecture4/homework/build/nav_hw_interfaces' returned '0': CMAKE_PREFIX_PATH=${CMAKE_PREFIX_PATH}:/opt/ros/humble /usr/bin/cmake --install /home/molen/Documents/sp_vision_tutorial_27/lecture4/homework/build/nav_hw_interfaces
