[0.153s] Invoking command in '/home/molen/Documents/sp_vision_tutorial_27/lecture4/build/srv_learning': CMAKE_PREFIX_PATH=/opt/ros/humble /usr/bin/cmake /home/molen/Documents/sp_vision_tutorial_27/lecture4/src/ep2/srv_learning -DCMAKE_INSTALL_PREFIX=/home/molen/Documents/sp_vision_tutorial_27/lecture4/install/srv_learning
[0.194s] -- The C compiler identification is GNU 11.4.0
[0.242s] -- The CXX compiler identification is GNU 11.4.0
[0.253s] -- Detecting C compiler ABI info
[0.308s] -- Detecting C compiler ABI info - done
[0.312s] -- Check for working C compiler: /usr/bin/cc - skipped
[0.313s] -- Detecting C compile features
[0.314s] -- Detecting C compile features - done
[0.317s] -- Detecting CXX compiler ABI info
[0.374s] -- Detecting CXX compiler ABI info - done
[0.378s] -- Check for working CXX compiler: /usr/bin/c++ - skipped
[0.378s] -- Detecting CXX compile features
[0.378s] -- Detecting CXX compile features - done
[0.385s] -- Found ament_cmake: 1.3.14 (/opt/ros/humble/share/ament_cmake/cmake)
[0.479s] -- Found Python3: /usr/bin/python3 (found version "3.10.12") found components: Interpreter 
[0.561s] -- Found rclcpp: 16.0.21 (/opt/ros/humble/share/rclcpp/cmake)
[0.596s] -- Found rosidl_generator_c: 3.1.9 (/opt/ros/humble/share/rosidl_generator_c/cmake)
[0.599s] -- Found rosidl_adapter: 3.1.9 (/opt/ros/humble/share/rosidl_adapter/cmake)
[0.605s] -- Found rosidl_generator_cpp: 3.1.9 (/opt/ros/humble/share/rosidl_generator_cpp/cmake)
[0.617s] -- Using all available rosidl_typesupport_c: rosidl_typesupport_fastrtps_c;rosidl_typesupport_introspection_c
[0.625s] -- Using all available rosidl_typesupport_cpp: rosidl_typesupport_fastrtps_cpp;rosidl_typesupport_introspection_cpp
[0.670s] -- Found rmw_implementation_cmake: 6.1.4 (/opt/ros/humble/share/rmw_implementation_cmake/cmake)
[0.675s] -- Found rmw_fastrtps_cpp: 6.2.10 (/opt/ros/humble/share/rmw_fastrtps_cpp/cmake)
[0.754s] -- Found OpenSSL: /usr/lib/x86_64-linux-gnu/libcrypto.so (found version "3.0.2")  
[0.769s] -- Found FastRTPS: /opt/ros/humble/include  
[0.792s] -- Using RMW implementation 'rmw_fastrtps_cpp' as default
[0.801s] -- Looking for pthread.h
[0.869s] -- Looking for pthread.h - found
[0.869s] -- Performing Test CMAKE_HAVE_LIBC_PTHREAD
[0.917s] -- Performing Test CMAKE_HAVE_LIBC_PTHREAD - Success
[0.918s] -- Found Threads: TRUE  
[0.961s] -- Found example_interfaces: 0.9.3 (/opt/ros/humble/share/example_interfaces/cmake)
[1.005s] -- Found ament_lint_auto: 0.12.15 (/opt/ros/humble/share/ament_lint_auto/cmake)
[1.050s] -- Added test 'cppcheck' to perform static code analysis on C / C++ code
[1.050s] -- Configured cppcheck include dirs: 
[1.050s] -- Configured cppcheck exclude dirs and/or files: 
[1.050s] -- Added test 'lint_cmake' to check CMake code style
[1.050s] -- Added test 'uncrustify' to check C / C++ code style
[1.050s] -- Configured uncrustify additional arguments: 
[1.050s] -- Added test 'xmllint' to check XML markup files
[1.051s] -- Configuring done
[1.059s] -- Generating done
[1.061s] -- Build files have been written to: /home/molen/Documents/sp_vision_tutorial_27/lecture4/build/srv_learning
[1.069s] Invoked command in '/home/molen/Documents/sp_vision_tutorial_27/lecture4/build/srv_learning' returned '0': CMAKE_PREFIX_PATH=/opt/ros/humble /usr/bin/cmake /home/molen/Documents/sp_vision_tutorial_27/lecture4/src/ep2/srv_learning -DCMAKE_INSTALL_PREFIX=/home/molen/Documents/sp_vision_tutorial_27/lecture4/install/srv_learning
[1.069s] Invoking command in '/home/molen/Documents/sp_vision_tutorial_27/lecture4/build/srv_learning': CMAKE_PREFIX_PATH=/opt/ros/humble /usr/bin/cmake --build /home/molen/Documents/sp_vision_tutorial_27/lecture4/build/srv_learning -- -j8 -l8
[1.107s] [ 25%] [32mBuilding CXX object CMakeFiles/add_two_ints_service.dir/src/AddTwoInts_service.cpp.o[0m
[1.108s] [ 50%] [32mBuilding CXX object CMakeFiles/add_two_ints_client.dir/src/AddTwoInts_client.cpp.o[0m
[5.060s] [ 75%] [32m[1mLinking CXX executable add_two_ints_service[0m
[5.261s] [ 75%] Built target add_two_ints_service
[5.367s] [100%] [32m[1mLinking CXX executable add_two_ints_client[0m
[5.585s] [100%] Built target add_two_ints_client
[5.601s] Invoked command in '/home/molen/Documents/sp_vision_tutorial_27/lecture4/build/srv_learning' returned '0': CMAKE_PREFIX_PATH=/opt/ros/humble /usr/bin/cmake --build /home/molen/Documents/sp_vision_tutorial_27/lecture4/build/srv_learning -- -j8 -l8
[5.608s] Invoking command in '/home/molen/Documents/sp_vision_tutorial_27/lecture4/build/srv_learning': CMAKE_PREFIX_PATH=/opt/ros/humble /usr/bin/cmake --install /home/molen/Documents/sp_vision_tutorial_27/lecture4/build/srv_learning
[5.616s] -- Install configuration: ""
[5.617s] -- Installing: /home/molen/Documents/sp_vision_tutorial_27/lecture4/install/srv_learning/lib/srv_learning/add_two_ints_service
[5.622s] -- Set runtime path of "/home/molen/Documents/sp_vision_tutorial_27/lecture4/install/srv_learning/lib/srv_learning/add_two_ints_service" to ""
[5.623s] -- Installing: /home/molen/Documents/sp_vision_tutorial_27/lecture4/install/srv_learning/lib/srv_learning/add_two_ints_client
[5.625s] -- Set runtime path of "/home/molen/Documents/sp_vision_tutorial_27/lecture4/install/srv_learning/lib/srv_learning/add_two_ints_client" to ""
[5.625s] -- Installing: /home/molen/Documents/sp_vision_tutorial_27/lecture4/install/srv_learning/share/ament_index/resource_index/package_run_dependencies/srv_learning
[5.626s] -- Installing: /home/molen/Documents/sp_vision_tutorial_27/lecture4/install/srv_learning/share/ament_index/resource_index/parent_prefix_path/srv_learning
[5.626s] -- Installing: /home/molen/Documents/sp_vision_tutorial_27/lecture4/install/srv_learning/share/srv_learning/environment/ament_prefix_path.sh
[5.626s] -- Installing: /home/molen/Documents/sp_vision_tutorial_27/lecture4/install/srv_learning/share/srv_learning/environment/ament_prefix_path.dsv
[5.626s] -- Installing: /home/molen/Documents/sp_vision_tutorial_27/lecture4/install/srv_learning/share/srv_learning/environment/path.sh
[5.626s] -- Installing: /home/molen/Documents/sp_vision_tutorial_27/lecture4/install/srv_learning/share/srv_learning/environment/path.dsv
[5.626s] -- Installing: /home/molen/Documents/sp_vision_tutorial_27/lecture4/install/srv_learning/share/srv_learning/local_setup.bash
[5.627s] -- Installing: /home/molen/Documents/sp_vision_tutorial_27/lecture4/install/srv_learning/share/srv_learning/local_setup.sh
[5.627s] -- Installing: /home/molen/Documents/sp_vision_tutorial_27/lecture4/install/srv_learning/share/srv_learning/local_setup.zsh
[5.627s] -- Installing: /home/molen/Documents/sp_vision_tutorial_27/lecture4/install/srv_learning/share/srv_learning/local_setup.dsv
[5.627s] -- Installing: /home/molen/Documents/sp_vision_tutorial_27/lecture4/install/srv_learning/share/srv_learning/package.dsv
[5.627s] -- Installing: /home/molen/Documents/sp_vision_tutorial_27/lecture4/install/srv_learning/share/ament_index/resource_index/packages/srv_learning
[5.627s] -- Installing: /home/molen/Documents/sp_vision_tutorial_27/lecture4/install/srv_learning/share/srv_learning/cmake/srv_learningConfig.cmake
[5.628s] -- Installing: /home/molen/Documents/sp_vision_tutorial_27/lecture4/install/srv_learning/share/srv_learning/cmake/srv_learningConfig-version.cmake
[5.628s] -- Installing: /home/molen/Documents/sp_vision_tutorial_27/lecture4/install/srv_learning/share/srv_learning/package.xml
[5.645s] Invoked command in '/home/molen/Documents/sp_vision_tutorial_27/lecture4/build/srv_learning' returned '0': CMAKE_PREFIX_PATH=/opt/ros/humble /usr/bin/cmake --install /home/molen/Documents/sp_vision_tutorial_27/lecture4/build/srv_learning
