[0.007s] Invoking command in '/home/molen/Documents/sp_vision_tutorial_27/lecture4/homework/build/nav_hw_interfaces': CMAKE_PREFIX_PATH=/opt/ros/humble /usr/bin/cmake /home/molen/Documents/sp_vision_tutorial_27/lecture4/homework/src/nav_hw_interfaces -DCMAKE_INSTALL_PREFIX=/home/molen/Documents/sp_vision_tutorial_27/lecture4/homework/install/nav_hw_interfaces
[0.045s] -- The C compiler identification is GNU 11.4.0
[0.079s] -- The CXX compiler identification is GNU 11.4.0
[0.084s] -- Detecting C compiler ABI info
[0.132s] -- Detecting C compiler ABI info - done
[0.136s] -- Check for working C compiler: /usr/bin/cc - skipped
[0.136s] -- Detecting C compile features
[0.136s] -- Detecting C compile features - done
[0.138s] -- Detecting CXX compiler ABI info
[0.191s] -- Detecting CXX compiler ABI info - done
[0.195s] -- Check for working CXX compiler: /usr/bin/c++ - skipped
[0.195s] -- Detecting CXX compile features
[0.195s] -- Detecting CXX compile features - done
[0.197s] -- Found ament_cmake: 1.3.14 (/opt/ros/humble/share/ament_cmake/cmake)
[0.281s] -- Found Python3: /usr/bin/python3 (found version "3.10.12") found components: Interpreter 
[0.327s] -- Found rosidl_default_generators: 1.2.1 (/opt/ros/humble/share/rosidl_default_generators/cmake)
[0.328s] -- Using all available rosidl_typesupport_c: rosidl_typesupport_fastrtps_c;rosidl_typesupport_introspection_c
[0.331s] -- Found rosidl_adapter: 3.1.9 (/opt/ros/humble/share/rosidl_adapter/cmake)
[0.351s] -- Using all available rosidl_typesupport_cpp: rosidl_typesupport_fastrtps_cpp;rosidl_typesupport_introspection_cpp
[0.370s] -- Found std_msgs: 4.9.2 (/opt/ros/humble/share/std_msgs/cmake)
[0.534s] -- Found ament_cmake_ros: 0.10.1 (/opt/ros/humble/share/ament_cmake_ros/cmake)
[0.656s] -- Using all available rosidl_typesupport_c: rosidl_typesupport_fastrtps_c;rosidl_typesupport_introspection_c
[0.820s] -- Using all available rosidl_typesupport_cpp: rosidl_typesupport_fastrtps_cpp;rosidl_typesupport_introspection_cpp
[0.834s] -- Found PythonInterp: /usr/bin/python3 (found suitable version "3.10.12", minimum required is "3.6") 
[0.834s] -- Found python_cmake_module: 0.10.0 (/opt/ros/humble/share/python_cmake_module/cmake)
[0.849s] -- Found PythonLibs: /usr/lib/x86_64-linux-gnu/libpython3.10.so (found suitable version "3.10.12", minimum required is "3.5") 
[0.849s] -- Using PYTHON_EXECUTABLE: /usr/bin/python3
[0.849s] -- Using PYTHON_INCLUDE_DIRS: /usr/include/python3.10
[0.849s] -- Using PYTHON_LIBRARIES: /usr/lib/x86_64-linux-gnu/libpython3.10.so
[0.861s] -- Found PythonExtra: .so  
[0.932s] -- Configuring done
[0.954s] -- Generating done
[0.960s] -- Build files have been written to: /home/molen/Documents/sp_vision_tutorial_27/lecture4/homework/build/nav_hw_interfaces
[0.965s] Invoked command in '/home/molen/Documents/sp_vision_tutorial_27/lecture4/homework/build/nav_hw_interfaces' returned '0': CMAKE_PREFIX_PATH=/opt/ros/humble /usr/bin/cmake /home/molen/Documents/sp_vision_tutorial_27/lecture4/homework/src/nav_hw_interfaces -DCMAKE_INSTALL_PREFIX=/home/molen/Documents/sp_vision_tutorial_27/lecture4/homework/install/nav_hw_interfaces
[0.967s] Invoking command in '/home/molen/Documents/sp_vision_tutorial_27/lecture4/homework/build/nav_hw_interfaces': CMAKE_PREFIX_PATH=/opt/ros/humble /usr/bin/cmake --build /home/molen/Documents/sp_vision_tutorial_27/lecture4/homework/build/nav_hw_interfaces -- -j8 -l8
[0.994s] [  3%] [34m[1mGenerating C code for ROS interfaces[0m
[1.002s] [  6%] [34m[1mGenerating C++ code for ROS interfaces[0m
[1.002s] [  9%] [34m[1mGenerating Rust code for ROS interfaces[0m
[1.009s] [  9%] Built target ament_cmake_python_copy_nav_hw_interfaces
[1.126s] [  9%] Built target nav_hw_interfaces__rs
[1.130s] [ 12%] [32mBuilding C object CMakeFiles/nav_hw_interfaces__rosidl_generator_c.dir/rosidl_generator_c/nav_hw_interfaces/msg/detail/sensor_data__functions.c.o[0m
[1.135s] running egg_info
[1.135s] creating nav_hw_interfaces.egg-info
[1.135s] writing nav_hw_interfaces.egg-info/PKG-INFO
[1.135s] writing dependency_links to nav_hw_interfaces.egg-info/dependency_links.txt
[1.135s] writing top-level names to nav_hw_interfaces.egg-info/top_level.txt
[1.135s] writing manifest file 'nav_hw_interfaces.egg-info/SOURCES.txt'
[1.136s] reading manifest file 'nav_hw_interfaces.egg-info/SOURCES.txt'
[1.137s] writing manifest file 'nav_hw_interfaces.egg-info/SOURCES.txt'
[1.137s] [ 12%] Built target nav_hw_interfaces__cpp
[1.146s] [ 18%] [34m[1mGenerating C++ type support for eProsima Fast-RTPS[0m
[1.146s] [ 18%] [34m[1mGenerating C++ type support dispatch for ROS interfaces[0m
[1.146s] [ 21%] [34m[1mGenerating C++ introspection for ROS interfaces[0m
[1.154s] [ 21%] Built target ament_cmake_python_build_nav_hw_interfaces_egg
[1.162s] [ 25%] [32m[1mLinking C shared library libnav_hw_interfaces__rosidl_generator_c.so[0m
[1.187s] [ 25%] Built target nav_hw_interfaces__rosidl_generator_c
[1.196s] [ 34%] [34m[1mGenerating C type support for eProsima Fast-RTPS[0m
[1.196s] [ 34%] [34m[1mGenerating C introspection for ROS interfaces[0m
[1.196s] [ 34%] [34m[1mGenerating C type support dispatch for ROS interfaces[0m
[1.265s] [ 37%] [32mBuilding CXX object CMakeFiles/nav_hw_interfaces__rosidl_typesupport_cpp.dir/rosidl_typesupport_cpp/nav_hw_interfaces/msg/sensor_data__type_support.cpp.o[0m
[1.274s] [ 43%] [32mBuilding CXX object CMakeFiles/nav_hw_interfaces__rosidl_typesupport_introspection_cpp.dir/rosidl_typesupport_introspection_cpp/nav_hw_interfaces/msg/detail/sensor_data__type_support.cpp.o[0m
[1.274s] [ 43%] [32mBuilding CXX object CMakeFiles/nav_hw_interfaces__rosidl_typesupport_fastrtps_cpp.dir/rosidl_typesupport_fastrtps_cpp/nav_hw_interfaces/msg/detail/dds_fastrtps/sensor_data__type_support.cpp.o[0m
[1.313s] [ 46%] [32mBuilding CXX object CMakeFiles/nav_hw_interfaces__rosidl_typesupport_c.dir/rosidl_typesupport_c/nav_hw_interfaces/msg/sensor_data__type_support.cpp.o[0m
[1.324s] [ 50%] [32mBuilding CXX object CMakeFiles/nav_hw_interfaces__rosidl_typesupport_fastrtps_c.dir/rosidl_typesupport_fastrtps_c/nav_hw_interfaces/msg/detail/sensor_data__type_support_c.cpp.o[0m
[1.326s] [ 53%] [32mBuilding C object CMakeFiles/nav_hw_interfaces__rosidl_typesupport_introspection_c.dir/rosidl_typesupport_introspection_c/nav_hw_interfaces/msg/detail/sensor_data__type_support.c.o[0m
[1.333s] [ 56%] [32m[1mLinking CXX shared library libnav_hw_interfaces__rosidl_typesupport_c.so[0m
[1.356s] [ 59%] [32m[1mLinking C shared library libnav_hw_interfaces__rosidl_typesupport_introspection_c.so[0m
[1.365s] [ 59%] Built target nav_hw_interfaces__rosidl_typesupport_c
[1.376s] [ 59%] Built target nav_hw_interfaces__rosidl_typesupport_introspection_c
[1.402s] [ 62%] [32m[1mLinking CXX shared library libnav_hw_interfaces__rosidl_typesupport_cpp.so[0m
[1.433s] [ 62%] Built target nav_hw_interfaces__rosidl_typesupport_cpp
[1.484s] [ 65%] [32m[1mLinking CXX shared library libnav_hw_interfaces__rosidl_typesupport_introspection_cpp.so[0m
[1.495s] [ 68%] [32m[1mLinking CXX shared library libnav_hw_interfaces__rosidl_typesupport_fastrtps_c.so[0m
[1.496s] [ 71%] [32m[1mLinking CXX shared library libnav_hw_interfaces__rosidl_typesupport_fastrtps_cpp.so[0m
[1.532s] [ 71%] Built target nav_hw_interfaces__rosidl_typesupport_introspection_cpp
[1.544s] [ 71%] Built target nav_hw_interfaces__rosidl_typesupport_fastrtps_c
[1.545s] [ 71%] Built target nav_hw_interfaces__rosidl_typesupport_fastrtps_cpp
[1.560s] [ 71%] Built target nav_hw_interfaces
[1.574s] [ 75%] [34m[1mGenerating Python code for ROS interfaces[0m
[1.725s] [ 75%] Built target nav_hw_interfaces__py
[1.740s] [ 78%] [32mBuilding C object CMakeFiles/nav_hw_interfaces__rosidl_generator_py.dir/rosidl_generator_py/nav_hw_interfaces/msg/_sensor_data_s.c.o[0m
[1.799s] [ 81%] [32m[1mLinking C shared library rosidl_generator_py/nav_hw_interfaces/libnav_hw_interfaces__rosidl_generator_py.so[0m
[1.828s] [ 81%] Built target nav_hw_interfaces__rosidl_generator_py
[1.844s] [ 90%] [32mBuilding C object CMakeFiles/nav_hw_interfaces__rosidl_typesupport_introspection_c__pyext.dir/rosidl_generator_py/nav_hw_interfaces/_nav_hw_interfaces_s.ep.rosidl_typesupport_introspection_c.c.o[0m
[1.844s] [ 90%] [32mBuilding C object CMakeFiles/nav_hw_interfaces__rosidl_typesupport_fastrtps_c__pyext.dir/rosidl_generator_py/nav_hw_interfaces/_nav_hw_interfaces_s.ep.rosidl_typesupport_fastrtps_c.c.o[0m
[1.844s] [ 90%] [32mBuilding C object CMakeFiles/nav_hw_interfaces__rosidl_typesupport_c__pyext.dir/rosidl_generator_py/nav_hw_interfaces/_nav_hw_interfaces_s.ep.rosidl_typesupport_c.c.o[0m
[1.902s] [ 96%] [32m[1mLinking C shared library rosidl_generator_py/nav_hw_interfaces/nav_hw_interfaces_s__rosidl_typesupport_introspection_c.cpython-310-x86_64-linux-gnu.so[0m
[1.902s] [ 96%] [32m[1mLinking C shared library rosidl_generator_py/nav_hw_interfaces/nav_hw_interfaces_s__rosidl_typesupport_c.cpython-310-x86_64-linux-gnu.so[0m
[1.902s] [100%] [32m[1mLinking C shared library rosidl_generator_py/nav_hw_interfaces/nav_hw_interfaces_s__rosidl_typesupport_fastrtps_c.cpython-310-x86_64-linux-gnu.so[0m
[1.930s] [100%] Built target nav_hw_interfaces__rosidl_typesupport_introspection_c__pyext
[1.930s] [100%] Built target nav_hw_interfaces__rosidl_typesupport_fastrtps_c__pyext
[1.930s] [100%] Built target nav_hw_interfaces__rosidl_typesupport_c__pyext
[1.938s] Invoked command in '/home/molen/Documents/sp_vision_tutorial_27/lecture4/homework/build/nav_hw_interfaces' returned '0': CMAKE_PREFIX_PATH=/opt/ros/humble /usr/bin/cmake --build /home/molen/Documents/sp_vision_tutorial_27/lecture4/homework/build/nav_hw_interfaces -- -j8 -l8
[1.945s] Invoking command in '/home/molen/Documents/sp_vision_tutorial_27/lecture4/homework/build/nav_hw_interfaces': CMAKE_PREFIX_PATH=/opt/ros/humble /usr/bin/cmake --install /home/molen/Documents/sp_vision_tutorial_27/lecture4/homework/build/nav_hw_interfaces
[1.951s] -- Install configuration: ""
[1.951s] -- Installing: /home/molen/Documents/sp_vision_tutorial_27/lecture4/homework/install/nav_hw_interfaces/share/ament_index/resource_index/rosidl_interfaces/nav_hw_interfaces
[1.951s] -- Installing: /home/molen/Documents/sp_vision_tutorial_27/lecture4/homework/install/nav_hw_interfaces/include/nav_hw_interfaces/nav_hw_interfaces
[1.951s] -- Installing: /home/molen/Documents/sp_vision_tutorial_27/lecture4/homework/install/nav_hw_interfaces/include/nav_hw_interfaces/nav_hw_interfaces/msg
[1.951s] -- Installing: /home/molen/Documents/sp_vision_tutorial_27/lecture4/homework/install/nav_hw_interfaces/include/nav_hw_interfaces/nav_hw_interfaces/msg/rosidl_generator_c__visibility_control.h
[1.951s] -- Installing: /home/molen/Documents/sp_vision_tutorial_27/lecture4/homework/install/nav_hw_interfaces/include/nav_hw_interfaces/nav_hw_interfaces/msg/sensor_data.h
[1.951s] -- Installing: /home/molen/Documents/sp_vision_tutorial_27/lecture4/homework/install/nav_hw_interfaces/include/nav_hw_interfaces/nav_hw_interfaces/msg/detail
[1.951s] -- Installing: /home/molen/Documents/sp_vision_tutorial_27/lecture4/homework/install/nav_hw_interfaces/include/nav_hw_interfaces/nav_hw_interfaces/msg/detail/sensor_data__functions.c
[1.952s] -- Installing: /home/molen/Documents/sp_vision_tutorial_27/lecture4/homework/install/nav_hw_interfaces/include/nav_hw_interfaces/nav_hw_interfaces/msg/detail/sensor_data__functions.h
[1.952s] -- Installing: /home/molen/Documents/sp_vision_tutorial_27/lecture4/homework/install/nav_hw_interfaces/include/nav_hw_interfaces/nav_hw_interfaces/msg/detail/sensor_data__type_support.h
[1.952s] -- Installing: /home/molen/Documents/sp_vision_tutorial_27/lecture4/homework/install/nav_hw_interfaces/include/nav_hw_interfaces/nav_hw_interfaces/msg/detail/sensor_data__struct.h
[1.952s] -- Installing: /home/molen/Documents/sp_vision_tutorial_27/lecture4/homework/install/nav_hw_interfaces/share/nav_hw_interfaces/environment/library_path.sh
[1.952s] -- Installing: /home/molen/Documents/sp_vision_tutorial_27/lecture4/homework/install/nav_hw_interfaces/share/nav_hw_interfaces/environment/library_path.dsv
[1.952s] -- Installing: /home/molen/Documents/sp_vision_tutorial_27/lecture4/homework/install/nav_hw_interfaces/lib/libnav_hw_interfaces__rosidl_generator_c.so
[1.952s] -- Set runtime path of "/home/molen/Documents/sp_vision_tutorial_27/lecture4/homework/install/nav_hw_interfaces/lib/libnav_hw_interfaces__rosidl_generator_c.so" to ""
[1.952s] -- Up-to-date: /home/molen/Documents/sp_vision_tutorial_27/lecture4/homework/install/nav_hw_interfaces/include/nav_hw_interfaces/nav_hw_interfaces
[1.952s] -- Up-to-date: /home/molen/Documents/sp_vision_tutorial_27/lecture4/homework/install/nav_hw_interfaces/include/nav_hw_interfaces/nav_hw_interfaces/msg
[1.952s] -- Installing: /home/molen/Documents/sp_vision_tutorial_27/lecture4/homework/install/nav_hw_interfaces/include/nav_hw_interfaces/nav_hw_interfaces/msg/rosidl_typesupport_fastrtps_c__visibility_control.h
[1.952s] -- Up-to-date: /home/molen/Documents/sp_vision_tutorial_27/lecture4/homework/install/nav_hw_interfaces/include/nav_hw_interfaces/nav_hw_interfaces/msg/detail
[1.952s] -- Installing: /home/molen/Documents/sp_vision_tutorial_27/lecture4/homework/install/nav_hw_interfaces/include/nav_hw_interfaces/nav_hw_interfaces/msg/detail/sensor_data__rosidl_typesupport_fastrtps_c.h
[1.952s] -- Installing: /home/molen/Documents/sp_vision_tutorial_27/lecture4/homework/install/nav_hw_interfaces/lib/libnav_hw_interfaces__rosidl_typesupport_fastrtps_c.so
[1.953s] -- Set runtime path of "/home/molen/Documents/sp_vision_tutorial_27/lecture4/homework/install/nav_hw_interfaces/lib/libnav_hw_interfaces__rosidl_typesupport_fastrtps_c.so" to ""
[1.953s] -- Up-to-date: /home/molen/Documents/sp_vision_tutorial_27/lecture4/homework/install/nav_hw_interfaces/include/nav_hw_interfaces/nav_hw_interfaces
[1.953s] -- Up-to-date: /home/molen/Documents/sp_vision_tutorial_27/lecture4/homework/install/nav_hw_interfaces/include/nav_hw_interfaces/nav_hw_interfaces/msg
[1.953s] -- Installing: /home/molen/Documents/sp_vision_tutorial_27/lecture4/homework/install/nav_hw_interfaces/include/nav_hw_interfaces/nav_hw_interfaces/msg/rosidl_typesupport_introspection_c__visibility_control.h
[1.953s] -- Up-to-date: /home/molen/Documents/sp_vision_tutorial_27/lecture4/homework/install/nav_hw_interfaces/include/nav_hw_interfaces/nav_hw_interfaces/msg/detail
[1.953s] -- Installing: /home/molen/Documents/sp_vision_tutorial_27/lecture4/homework/install/nav_hw_interfaces/include/nav_hw_interfaces/nav_hw_interfaces/msg/detail/sensor_data__type_support.c
[1.953s] -- Installing: /home/molen/Documents/sp_vision_tutorial_27/lecture4/homework/install/nav_hw_interfaces/include/nav_hw_interfaces/nav_hw_interfaces/msg/detail/sensor_data__rosidl_typesupport_introspection_c.h
[1.953s] -- Installing: /home/molen/Documents/sp_vision_tutorial_27/lecture4/homework/install/nav_hw_interfaces/lib/libnav_hw_interfaces__rosidl_typesupport_introspection_c.so
[1.953s] -- Set runtime path of "/home/molen/Documents/sp_vision_tutorial_27/lecture4/homework/install/nav_hw_interfaces/lib/libnav_hw_interfaces__rosidl_typesupport_introspection_c.so" to ""
[1.953s] -- Installing: /home/molen/Documents/sp_vision_tutorial_27/lecture4/homework/install/nav_hw_interfaces/lib/libnav_hw_interfaces__rosidl_typesupport_c.so
[1.953s] -- Set runtime path of "/home/molen/Documents/sp_vision_tutorial_27/lecture4/homework/install/nav_hw_interfaces/lib/libnav_hw_interfaces__rosidl_typesupport_c.so" to ""
[1.954s] -- Up-to-date: /home/molen/Documents/sp_vision_tutorial_27/lecture4/homework/install/nav_hw_interfaces/include/nav_hw_interfaces/nav_hw_interfaces
[1.954s] -- Up-to-date: /home/molen/Documents/sp_vision_tutorial_27/lecture4/homework/install/nav_hw_interfaces/include/nav_hw_interfaces/nav_hw_interfaces/msg
[1.954s] -- Installing: /home/molen/Documents/sp_vision_tutorial_27/lecture4/homework/install/nav_hw_interfaces/include/nav_hw_interfaces/nav_hw_interfaces/msg/sensor_data.hpp
[1.954s] -- Installing: /home/molen/Documents/sp_vision_tutorial_27/lecture4/homework/install/nav_hw_interfaces/include/nav_hw_interfaces/nav_hw_interfaces/msg/rosidl_generator_cpp__visibility_control.hpp
[1.954s] -- Up-to-date: /home/molen/Documents/sp_vision_tutorial_27/lecture4/homework/install/nav_hw_interfaces/include/nav_hw_interfaces/nav_hw_interfaces/msg/detail
[1.954s] -- Installing: /home/molen/Documents/sp_vision_tutorial_27/lecture4/homework/install/nav_hw_interfaces/include/nav_hw_interfaces/nav_hw_interfaces/msg/detail/sensor_data__builder.hpp
[1.954s] -- Installing: /home/molen/Documents/sp_vision_tutorial_27/lecture4/homework/install/nav_hw_interfaces/include/nav_hw_interfaces/nav_hw_interfaces/msg/detail/sensor_data__traits.hpp
[1.954s] -- Installing: /home/molen/Documents/sp_vision_tutorial_27/lecture4/homework/install/nav_hw_interfaces/include/nav_hw_interfaces/nav_hw_interfaces/msg/detail/sensor_data__struct.hpp
[1.954s] -- Installing: /home/molen/Documents/sp_vision_tutorial_27/lecture4/homework/install/nav_hw_interfaces/include/nav_hw_interfaces/nav_hw_interfaces/msg/detail/sensor_data__type_support.hpp
[1.954s] -- Up-to-date: /home/molen/Documents/sp_vision_tutorial_27/lecture4/homework/install/nav_hw_interfaces/include/nav_hw_interfaces/nav_hw_interfaces
[1.954s] -- Up-to-date: /home/molen/Documents/sp_vision_tutorial_27/lecture4/homework/install/nav_hw_interfaces/include/nav_hw_interfaces/nav_hw_interfaces/msg
[1.954s] -- Installing: /home/molen/Documents/sp_vision_tutorial_27/lecture4/homework/install/nav_hw_interfaces/include/nav_hw_interfaces/nav_hw_interfaces/msg/rosidl_typesupport_fastrtps_cpp__visibility_control.h
[1.954s] -- Up-to-date: /home/molen/Documents/sp_vision_tutorial_27/lecture4/homework/install/nav_hw_interfaces/include/nav_hw_interfaces/nav_hw_interfaces/msg/detail
[1.954s] -- Installing: /home/molen/Documents/sp_vision_tutorial_27/lecture4/homework/install/nav_hw_interfaces/include/nav_hw_interfaces/nav_hw_interfaces/msg/detail/sensor_data__rosidl_typesupport_fastrtps_cpp.hpp
[1.954s] -- Installing: /home/molen/Documents/sp_vision_tutorial_27/lecture4/homework/install/nav_hw_interfaces/include/nav_hw_interfaces/nav_hw_interfaces/msg/detail/dds_fastrtps
[1.954s] -- Installing: /home/molen/Documents/sp_vision_tutorial_27/lecture4/homework/install/nav_hw_interfaces/lib/libnav_hw_interfaces__rosidl_typesupport_fastrtps_cpp.so
[1.955s] -- Set runtime path of "/home/molen/Documents/sp_vision_tutorial_27/lecture4/homework/install/nav_hw_interfaces/lib/libnav_hw_interfaces__rosidl_typesupport_fastrtps_cpp.so" to ""
[1.955s] -- Up-to-date: /home/molen/Documents/sp_vision_tutorial_27/lecture4/homework/install/nav_hw_interfaces/include/nav_hw_interfaces/nav_hw_interfaces
[1.955s] -- Up-to-date: /home/molen/Documents/sp_vision_tutorial_27/lecture4/homework/install/nav_hw_interfaces/include/nav_hw_interfaces/nav_hw_interfaces/msg
[1.955s] -- Up-to-date: /home/molen/Documents/sp_vision_tutorial_27/lecture4/homework/install/nav_hw_interfaces/include/nav_hw_interfaces/nav_hw_interfaces/msg/detail
[1.955s] -- Installing: /home/molen/Documents/sp_vision_tutorial_27/lecture4/homework/install/nav_hw_interfaces/include/nav_hw_interfaces/nav_hw_interfaces/msg/detail/sensor_data__rosidl_typesupport_introspection_cpp.hpp
[1.955s] -- Installing: /home/molen/Documents/sp_vision_tutorial_27/lecture4/homework/install/nav_hw_interfaces/include/nav_hw_interfaces/nav_hw_interfaces/msg/detail/sensor_data__type_support.cpp
[1.955s] -- Installing: /home/molen/Documents/sp_vision_tutorial_27/lecture4/homework/install/nav_hw_interfaces/lib/libnav_hw_interfaces__rosidl_typesupport_introspection_cpp.so
[1.955s] -- Set runtime path of "/home/molen/Documents/sp_vision_tutorial_27/lecture4/homework/install/nav_hw_interfaces/lib/libnav_hw_interfaces__rosidl_typesupport_introspection_cpp.so" to ""
[1.955s] -- Installing: /home/molen/Documents/sp_vision_tutorial_27/lecture4/homework/install/nav_hw_interfaces/lib/libnav_hw_interfaces__rosidl_typesupport_cpp.so
[1.955s] -- Set runtime path of "/home/molen/Documents/sp_vision_tutorial_27/lecture4/homework/install/nav_hw_interfaces/lib/libnav_hw_interfaces__rosidl_typesupport_cpp.so" to ""
[1.956s] -- Installing: /home/molen/Documents/sp_vision_tutorial_27/lecture4/homework/install/nav_hw_interfaces/share/nav_hw_interfaces/environment/pythonpath.sh
[1.956s] -- Installing: /home/molen/Documents/sp_vision_tutorial_27/lecture4/homework/install/nav_hw_interfaces/share/nav_hw_interfaces/environment/pythonpath.dsv
[1.956s] -- Installing: /home/molen/Documents/sp_vision_tutorial_27/lecture4/homework/install/nav_hw_interfaces/local/lib/python3.10/dist-packages/nav_hw_interfaces-0.0.0-py3.10.egg-info
[1.956s] -- Installing: /home/molen/Documents/sp_vision_tutorial_27/lecture4/homework/install/nav_hw_interfaces/local/lib/python3.10/dist-packages/nav_hw_interfaces-0.0.0-py3.10.egg-info/top_level.txt
[1.956s] -- Installing: /home/molen/Documents/sp_vision_tutorial_27/lecture4/homework/install/nav_hw_interfaces/local/lib/python3.10/dist-packages/nav_hw_interfaces-0.0.0-py3.10.egg-info/PKG-INFO
[1.956s] -- Installing: /home/molen/Documents/sp_vision_tutorial_27/lecture4/homework/install/nav_hw_interfaces/local/lib/python3.10/dist-packages/nav_hw_interfaces-0.0.0-py3.10.egg-info/SOURCES.txt
[1.956s] -- Installing: /home/molen/Documents/sp_vision_tutorial_27/lecture4/homework/install/nav_hw_interfaces/local/lib/python3.10/dist-packages/nav_hw_interfaces-0.0.0-py3.10.egg-info/dependency_links.txt
[1.956s] -- Installing: /home/molen/Documents/sp_vision_tutorial_27/lecture4/homework/install/nav_hw_interfaces/local/lib/python3.10/dist-packages/nav_hw_interfaces
[1.956s] -- Installing: /home/molen/Documents/sp_vision_tutorial_27/lecture4/homework/install/nav_hw_interfaces/local/lib/python3.10/dist-packages/nav_hw_interfaces/nav_hw_interfaces_s__rosidl_typesupport_fastrtps_c.cpython-310-x86_64-linux-gnu.so
[1.956s] -- Installing: /home/molen/Documents/sp_vision_tutorial_27/lecture4/homework/install/nav_hw_interfaces/local/lib/python3.10/dist-packages/nav_hw_interfaces/msg
[1.956s] -- Installing: /home/molen/Documents/sp_vision_tutorial_27/lecture4/homework/install/nav_hw_interfaces/local/lib/python3.10/dist-packages/nav_hw_interfaces/msg/_sensor_data_s.c
[1.956s] -- Installing: /home/molen/Documents/sp_vision_tutorial_27/lecture4/homework/install/nav_hw_interfaces/local/lib/python3.10/dist-packages/nav_hw_interfaces/msg/__init__.py
[1.957s] -- Installing: /home/molen/Documents/sp_vision_tutorial_27/lecture4/homework/install/nav_hw_interfaces/local/lib/python3.10/dist-packages/nav_hw_interfaces/msg/_sensor_data.py
[1.957s] -- Installing: /home/molen/Documents/sp_vision_tutorial_27/lecture4/homework/install/nav_hw_interfaces/local/lib/python3.10/dist-packages/nav_hw_interfaces/_nav_hw_interfaces_s.ep.rosidl_typesupport_c.c
[1.957s] -- Installing: /home/molen/Documents/sp_vision_tutorial_27/lecture4/homework/install/nav_hw_interfaces/local/lib/python3.10/dist-packages/nav_hw_interfaces/_nav_hw_interfaces_s.ep.rosidl_typesupport_introspection_c.c
[1.957s] -- Installing: /home/molen/Documents/sp_vision_tutorial_27/lecture4/homework/install/nav_hw_interfaces/local/lib/python3.10/dist-packages/nav_hw_interfaces/_nav_hw_interfaces_s.ep.rosidl_typesupport_fastrtps_c.c
[1.957s] -- Installing: /home/molen/Documents/sp_vision_tutorial_27/lecture4/homework/install/nav_hw_interfaces/local/lib/python3.10/dist-packages/nav_hw_interfaces/__init__.py
[1.957s] -- Installing: /home/molen/Documents/sp_vision_tutorial_27/lecture4/homework/install/nav_hw_interfaces/local/lib/python3.10/dist-packages/nav_hw_interfaces/libnav_hw_interfaces__rosidl_generator_py.so
[1.957s] -- Installing: /home/molen/Documents/sp_vision_tutorial_27/lecture4/homework/install/nav_hw_interfaces/local/lib/python3.10/dist-packages/nav_hw_interfaces/nav_hw_interfaces_s__rosidl_typesupport_c.cpython-310-x86_64-linux-gnu.so
[1.957s] -- Installing: /home/molen/Documents/sp_vision_tutorial_27/lecture4/homework/install/nav_hw_interfaces/local/lib/python3.10/dist-packages/nav_hw_interfaces/nav_hw_interfaces_s__rosidl_typesupport_introspection_c.cpython-310-x86_64-linux-gnu.so
[1.978s] Listing '/home/molen/Documents/sp_vision_tutorial_27/lecture4/homework/install/nav_hw_interfaces/local/lib/python3.10/dist-packages/nav_hw_interfaces'...
[1.978s] Compiling '/home/molen/Documents/sp_vision_tutorial_27/lecture4/homework/install/nav_hw_interfaces/local/lib/python3.10/dist-packages/nav_hw_interfaces/__init__.py'...
[1.978s] Listing '/home/molen/Documents/sp_vision_tutorial_27/lecture4/homework/install/nav_hw_interfaces/local/lib/python3.10/dist-packages/nav_hw_interfaces/msg'...
[1.978s] Compiling '/home/molen/Documents/sp_vision_tutorial_27/lecture4/homework/install/nav_hw_interfaces/local/lib/python3.10/dist-packages/nav_hw_interfaces/msg/__init__.py'...
[1.978s] Compiling '/home/molen/Documents/sp_vision_tutorial_27/lecture4/homework/install/nav_hw_interfaces/local/lib/python3.10/dist-packages/nav_hw_interfaces/msg/_sensor_data.py'...
[1.980s] -- Installing: /home/molen/Documents/sp_vision_tutorial_27/lecture4/homework/install/nav_hw_interfaces/local/lib/python3.10/dist-packages/nav_hw_interfaces/nav_hw_interfaces_s__rosidl_typesupport_fastrtps_c.cpython-310-x86_64-linux-gnu.so
[1.980s] -- Set runtime path of "/home/molen/Documents/sp_vision_tutorial_27/lecture4/homework/install/nav_hw_interfaces/local/lib/python3.10/dist-packages/nav_hw_interfaces/nav_hw_interfaces_s__rosidl_typesupport_fastrtps_c.cpython-310-x86_64-linux-gnu.so" to ""
[1.980s] -- Installing: /home/molen/Documents/sp_vision_tutorial_27/lecture4/homework/install/nav_hw_interfaces/local/lib/python3.10/dist-packages/nav_hw_interfaces/nav_hw_interfaces_s__rosidl_typesupport_introspection_c.cpython-310-x86_64-linux-gnu.so
[1.980s] -- Set runtime path of "/home/molen/Documents/sp_vision_tutorial_27/lecture4/homework/install/nav_hw_interfaces/local/lib/python3.10/dist-packages/nav_hw_interfaces/nav_hw_interfaces_s__rosidl_typesupport_introspection_c.cpython-310-x86_64-linux-gnu.so" to ""
[1.981s] -- Installing: /home/molen/Documents/sp_vision_tutorial_27/lecture4/homework/install/nav_hw_interfaces/local/lib/python3.10/dist-packages/nav_hw_interfaces/nav_hw_interfaces_s__rosidl_typesupport_c.cpython-310-x86_64-linux-gnu.so
[1.981s] -- Set runtime path of "/home/molen/Documents/sp_vision_tutorial_27/lecture4/homework/install/nav_hw_interfaces/local/lib/python3.10/dist-packages/nav_hw_interfaces/nav_hw_interfaces_s__rosidl_typesupport_c.cpython-310-x86_64-linux-gnu.so" to ""
[1.981s] -- Installing: /home/molen/Documents/sp_vision_tutorial_27/lecture4/homework/install/nav_hw_interfaces/lib/libnav_hw_interfaces__rosidl_generator_py.so
[1.981s] -- Set runtime path of "/home/molen/Documents/sp_vision_tutorial_27/lecture4/homework/install/nav_hw_interfaces/lib/libnav_hw_interfaces__rosidl_generator_py.so" to ""
[1.981s] -- Installing: /home/molen/Documents/sp_vision_tutorial_27/lecture4/homework/install/nav_hw_interfaces/share/nav_hw_interfaces/rust
[1.981s] -- Installing: /home/molen/Documents/sp_vision_tutorial_27/lecture4/homework/install/nav_hw_interfaces/share/nav_hw_interfaces/rust/Cargo.toml
[1.981s] -- Installing: /home/molen/Documents/sp_vision_tutorial_27/lecture4/homework/install/nav_hw_interfaces/share/nav_hw_interfaces/rust/src
[1.982s] -- Installing: /home/molen/Documents/sp_vision_tutorial_27/lecture4/homework/install/nav_hw_interfaces/share/nav_hw_interfaces/rust/src/msg
[1.982s] -- Installing: /home/molen/Documents/sp_vision_tutorial_27/lecture4/homework/install/nav_hw_interfaces/share/nav_hw_interfaces/rust/src/msg/rmw.rs
[1.982s] -- Installing: /home/molen/Documents/sp_vision_tutorial_27/lecture4/homework/install/nav_hw_interfaces/share/nav_hw_interfaces/rust/src/msg.rs
[1.982s] -- Installing: /home/molen/Documents/sp_vision_tutorial_27/lecture4/homework/install/nav_hw_interfaces/share/nav_hw_interfaces/rust/src/lib.rs
[1.982s] -- Installing: /home/molen/Documents/sp_vision_tutorial_27/lecture4/homework/install/nav_hw_interfaces/share/nav_hw_interfaces/rust/build.rs
[1.982s] -- Installing: /home/molen/Documents/sp_vision_tutorial_27/lecture4/homework/install/nav_hw_interfaces/share/nav_hw_interfaces/msg/SensorData.idl
[1.982s] -- Installing: /home/molen/Documents/sp_vision_tutorial_27/lecture4/homework/install/nav_hw_interfaces/share/nav_hw_interfaces/msg/SensorData.msg
[1.982s] -- Installing: /home/molen/Documents/sp_vision_tutorial_27/lecture4/homework/install/nav_hw_interfaces/share/ament_index/resource_index/package_run_dependencies/nav_hw_interfaces
[1.982s] -- Installing: /home/molen/Documents/sp_vision_tutorial_27/lecture4/homework/install/nav_hw_interfaces/share/ament_index/resource_index/parent_prefix_path/nav_hw_interfaces
[1.982s] -- Installing: /home/molen/Documents/sp_vision_tutorial_27/lecture4/homework/install/nav_hw_interfaces/share/nav_hw_interfaces/environment/ament_prefix_path.sh
[1.982s] -- Installing: /home/molen/Documents/sp_vision_tutorial_27/lecture4/homework/install/nav_hw_interfaces/share/nav_hw_interfaces/environment/ament_prefix_path.dsv
[1.982s] -- Installing: /home/molen/Documents/sp_vision_tutorial_27/lecture4/homework/install/nav_hw_interfaces/share/nav_hw_interfaces/environment/path.sh
[1.982s] -- Installing: /home/molen/Documents/sp_vision_tutorial_27/lecture4/homework/install/nav_hw_interfaces/share/nav_hw_interfaces/environment/path.dsv
[1.982s] -- Installing: /home/molen/Documents/sp_vision_tutorial_27/lecture4/homework/install/nav_hw_interfaces/share/nav_hw_interfaces/local_setup.bash
[1.983s] -- Installing: /home/molen/Documents/sp_vision_tutorial_27/lecture4/homework/install/nav_hw_interfaces/share/nav_hw_interfaces/local_setup.sh
[1.983s] -- Installing: /home/molen/Documents/sp_vision_tutorial_27/lecture4/homework/install/nav_hw_interfaces/share/nav_hw_interfaces/local_setup.zsh
[1.983s] -- Installing: /home/molen/Documents/sp_vision_tutorial_27/lecture4/homework/install/nav_hw_interfaces/share/nav_hw_interfaces/local_setup.dsv
[1.983s] -- Installing: /home/molen/Documents/sp_vision_tutorial_27/lecture4/homework/install/nav_hw_interfaces/share/nav_hw_interfaces/package.dsv
[1.983s] -- Installing: /home/molen/Documents/sp_vision_tutorial_27/lecture4/homework/install/nav_hw_interfaces/share/ament_index/resource_index/packages/nav_hw_interfaces
[1.983s] -- Installing: /home/molen/Documents/sp_vision_tutorial_27/lecture4/homework/install/nav_hw_interfaces/share/nav_hw_interfaces/cmake/export_nav_hw_interfaces__rosidl_generator_cExport.cmake
[1.983s] -- Installing: /home/molen/Documents/sp_vision_tutorial_27/lecture4/homework/install/nav_hw_interfaces/share/nav_hw_interfaces/cmake/export_nav_hw_interfaces__rosidl_generator_cExport-noconfig.cmake
[1.983s] -- Installing: /home/molen/Documents/sp_vision_tutorial_27/lecture4/homework/install/nav_hw_interfaces/share/nav_hw_interfaces/cmake/export_nav_hw_interfaces__rosidl_typesupport_fastrtps_cExport.cmake
[1.983s] -- Installing: /home/molen/Documents/sp_vision_tutorial_27/lecture4/homework/install/nav_hw_interfaces/share/nav_hw_interfaces/cmake/export_nav_hw_interfaces__rosidl_typesupport_fastrtps_cExport-noconfig.cmake
[1.983s] -- Installing: /home/molen/Documents/sp_vision_tutorial_27/lecture4/homework/install/nav_hw_interfaces/share/nav_hw_interfaces/cmake/nav_hw_interfaces__rosidl_typesupport_introspection_cExport.cmake
[1.983s] -- Installing: /home/molen/Documents/sp_vision_tutorial_27/lecture4/homework/install/nav_hw_interfaces/share/nav_hw_interfaces/cmake/nav_hw_interfaces__rosidl_typesupport_introspection_cExport-noconfig.cmake
[1.983s] -- Installing: /home/molen/Documents/sp_vision_tutorial_27/lecture4/homework/install/nav_hw_interfaces/share/nav_hw_interfaces/cmake/nav_hw_interfaces__rosidl_typesupport_cExport.cmake
[1.983s] -- Installing: /home/molen/Documents/sp_vision_tutorial_27/lecture4/homework/install/nav_hw_interfaces/share/nav_hw_interfaces/cmake/nav_hw_interfaces__rosidl_typesupport_cExport-noconfig.cmake
[1.984s] -- Installing: /home/molen/Documents/sp_vision_tutorial_27/lecture4/homework/install/nav_hw_interfaces/share/nav_hw_interfaces/cmake/export_nav_hw_interfaces__rosidl_generator_cppExport.cmake
[1.984s] -- Installing: /home/molen/Documents/sp_vision_tutorial_27/lecture4/homework/install/nav_hw_interfaces/share/nav_hw_interfaces/cmake/export_nav_hw_interfaces__rosidl_typesupport_fastrtps_cppExport.cmake
[1.984s] -- Installing: /home/molen/Documents/sp_vision_tutorial_27/lecture4/homework/install/nav_hw_interfaces/share/nav_hw_interfaces/cmake/export_nav_hw_interfaces__rosidl_typesupport_fastrtps_cppExport-noconfig.cmake
[1.984s] -- Installing: /home/molen/Documents/sp_vision_tutorial_27/lecture4/homework/install/nav_hw_interfaces/share/nav_hw_interfaces/cmake/nav_hw_interfaces__rosidl_typesupport_introspection_cppExport.cmake
[1.984s] -- Installing: /home/molen/Documents/sp_vision_tutorial_27/lecture4/homework/install/nav_hw_interfaces/share/nav_hw_interfaces/cmake/nav_hw_interfaces__rosidl_typesupport_introspection_cppExport-noconfig.cmake
[1.984s] -- Installing: /home/molen/Documents/sp_vision_tutorial_27/lecture4/homework/install/nav_hw_interfaces/share/nav_hw_interfaces/cmake/nav_hw_interfaces__rosidl_typesupport_cppExport.cmake
[1.984s] -- Installing: /home/molen/Documents/sp_vision_tutorial_27/lecture4/homework/install/nav_hw_interfaces/share/nav_hw_interfaces/cmake/nav_hw_interfaces__rosidl_typesupport_cppExport-noconfig.cmake
[1.984s] -- Installing: /home/molen/Documents/sp_vision_tutorial_27/lecture4/homework/install/nav_hw_interfaces/share/nav_hw_interfaces/cmake/export_nav_hw_interfaces__rosidl_generator_pyExport.cmake
[1.984s] -- Installing: /home/molen/Documents/sp_vision_tutorial_27/lecture4/homework/install/nav_hw_interfaces/share/nav_hw_interfaces/cmake/export_nav_hw_interfaces__rosidl_generator_pyExport-noconfig.cmake
[1.984s] -- Installing: /home/molen/Documents/sp_vision_tutorial_27/lecture4/homework/install/nav_hw_interfaces/share/nav_hw_interfaces/cmake/rosidl_cmake-extras.cmake
[1.984s] -- Installing: /home/molen/Documents/sp_vision_tutorial_27/lecture4/homework/install/nav_hw_interfaces/share/nav_hw_interfaces/cmake/ament_cmake_export_dependencies-extras.cmake
[1.984s] -- Installing: /home/molen/Documents/sp_vision_tutorial_27/lecture4/homework/install/nav_hw_interfaces/share/nav_hw_interfaces/cmake/ament_cmake_export_include_directories-extras.cmake
[1.984s] -- Installing: /home/molen/Documents/sp_vision_tutorial_27/lecture4/homework/install/nav_hw_interfaces/share/nav_hw_interfaces/cmake/ament_cmake_export_libraries-extras.cmake
[1.984s] -- Installing: /home/molen/Documents/sp_vision_tutorial_27/lecture4/homework/install/nav_hw_interfaces/share/nav_hw_interfaces/cmake/ament_cmake_export_targets-extras.cmake
[1.984s] -- Installing: /home/molen/Documents/sp_vision_tutorial_27/lecture4/homework/install/nav_hw_interfaces/share/nav_hw_interfaces/cmake/rosidl_cmake_export_typesupport_targets-extras.cmake
[1.985s] -- Installing: /home/molen/Documents/sp_vision_tutorial_27/lecture4/homework/install/nav_hw_interfaces/share/nav_hw_interfaces/cmake/rosidl_cmake_export_typesupport_libraries-extras.cmake
[1.985s] -- Installing: /home/molen/Documents/sp_vision_tutorial_27/lecture4/homework/install/nav_hw_interfaces/share/nav_hw_interfaces/cmake/rosidl_cmake_aggregate_target-extras.cmake
[1.985s] -- Installing: /home/molen/Documents/sp_vision_tutorial_27/lecture4/homework/install/nav_hw_interfaces/share/nav_hw_interfaces/cmake/nav_hw_interfacesConfig.cmake
[1.985s] -- Installing: /home/molen/Documents/sp_vision_tutorial_27/lecture4/homework/install/nav_hw_interfaces/share/nav_hw_interfaces/cmake/nav_hw_interfacesConfig-version.cmake
[1.985s] -- Installing: /home/molen/Documents/sp_vision_tutorial_27/lecture4/homework/install/nav_hw_interfaces/share/nav_hw_interfaces/package.xml
[1.986s] Invoked command in '/home/molen/Documents/sp_vision_tutorial_27/lecture4/homework/build/nav_hw_interfaces' returned '0': CMAKE_PREFIX_PATH=/opt/ros/humble /usr/bin/cmake --install /home/molen/Documents/sp_vision_tutorial_27/lecture4/homework/build/nav_hw_interfaces
