[0.008s] Invoking command in '/home/molen/Documents/sp_vision_tutorial_27/lecture4/homework/build/qos_debugger': CMAKE_PREFIX_PATH=/home/molen/Documents/sp_vision_tutorial_27/lecture4/homework/install/nav_hw_interfaces:/home/molen/Documents/sp_vision_tutorial_27/lecture4/homework/install/qos_debugger:/opt/ros/humble LD_LIBRARY_PATH=/home/molen/Documents/sp_vision_tutorial_27/lecture4/homework/install/nav_hw_interfaces/lib:/opt/MVS/lib/64:/opt/MVS/lib/32:/opt/MVS/lib/64:/opt/MVS/lib/32:/opt/ros/humble/opt/rviz_ogre_vendor/lib:/opt/ros/humble/lib/x86_64-linux-gnu:/opt/ros/humble/lib:/opt/MVS/lib/64:/opt/MVS/lib/32:/opt/MVS/lib/64:/opt/MVS/lib/32:/opt/MVS/lib/64:/opt/MVS/lib/32:/opt/MVS/lib/64:/opt/MVS/lib/32 /usr/bin/cmake --build /home/molen/Documents/sp_vision_tutorial_27/lecture4/homework/build/qos_debugger -- -j8 -l8
[0.037s] [35m[1mConsolidate compiler generated dependencies of target qos_debugger_pub[0m
[0.046s] [ 25%] [32mBuilding CXX object CMakeFiles/qos_debugger_sub.dir/src/qos_debugger_sub.cpp.o[0m
[0.049s] [ 75%] Built target qos_debugger_pub
[4.617s] [100%] [32m[1mLinking CXX executable qos_debugger_sub[0m
[4.840s] [100%] Built target qos_debugger_sub
[4.849s] Invoked command in '/home/molen/Documents/sp_vision_tutorial_27/lecture4/homework/build/qos_debugger' returned '0': CMAKE_PREFIX_PATH=/home/molen/Documents/sp_vision_tutorial_27/lecture4/homework/install/nav_hw_interfaces:/home/molen/Documents/sp_vision_tutorial_27/lecture4/homework/install/qos_debugger:/opt/ros/humble LD_LIBRARY_PATH=/home/molen/Documents/sp_vision_tutorial_27/lecture4/homework/install/nav_hw_interfaces/lib:/opt/MVS/lib/64:/opt/MVS/lib/32:/opt/MVS/lib/64:/opt/MVS/lib/32:/opt/ros/humble/opt/rviz_ogre_vendor/lib:/opt/ros/humble/lib/x86_64-linux-gnu:/opt/ros/humble/lib:/opt/MVS/lib/64:/opt/MVS/lib/32:/opt/MVS/lib/64:/opt/MVS/lib/32:/opt/MVS/lib/64:/opt/MVS/lib/32:/opt/MVS/lib/64:/opt/MVS/lib/32 /usr/bin/cmake --build /home/molen/Documents/sp_vision_tutorial_27/lecture4/homework/build/qos_debugger -- -j8 -l8
[4.849s] Invoking command in '/home/molen/Documents/sp_vision_tutorial_27/lecture4/homework/build/qos_debugger': CMAKE_PREFIX_PATH=/home/molen/Documents/sp_vision_tutorial_27/lecture4/homework/install/nav_hw_interfaces:/home/molen/Documents/sp_vision_tutorial_27/lecture4/homework/install/qos_debugger:/opt/ros/humble LD_LIBRARY_PATH=/home/molen/Documents/sp_vision_tutorial_27/lecture4/homework/install/nav_hw_interfaces/lib:/opt/MVS/lib/64:/opt/MVS/lib/32:/opt/MVS/lib/64:/opt/MVS/lib/32:/opt/ros/humble/opt/rviz_ogre_vendor/lib:/opt/ros/humble/lib/x86_64-linux-gnu:/opt/ros/humble/lib:/opt/MVS/lib/64:/opt/MVS/lib/32:/opt/MVS/lib/64:/opt/MVS/lib/32:/opt/MVS/lib/64:/opt/MVS/lib/32:/opt/MVS/lib/64:/opt/MVS/lib/32 /usr/bin/cmake --install /home/molen/Documents/sp_vision_tutorial_27/lecture4/homework/build/qos_debugger
[4.854s] -- Install configuration: ""
[4.854s] -- Up-to-date: /home/molen/Documents/sp_vision_tutorial_27/lecture4/homework/install/qos_debugger/lib/qos_debugger/qos_debugger_pub
[4.854s] -- Installing: /home/molen/Documents/sp_vision_tutorial_27/lecture4/homework/install/qos_debugger/lib/qos_debugger/qos_debugger_sub
[4.857s] -- Set runtime path of "/home/molen/Documents/sp_vision_tutorial_27/lecture4/homework/install/qos_debugger/lib/qos_debugger/qos_debugger_sub" to ""
[4.857s] -- Up-to-date: /home/molen/Documents/sp_vision_tutorial_27/lecture4/homework/install/qos_debugger/share/ament_index/resource_index/package_run_dependencies/qos_debugger
[4.858s] -- Up-to-date: /home/molen/Documents/sp_vision_tutorial_27/lecture4/homework/install/qos_debugger/share/ament_index/resource_index/parent_prefix_path/qos_debugger
[4.858s] -- Up-to-date: /home/molen/Documents/sp_vision_tutorial_27/lecture4/homework/install/qos_debugger/share/qos_debugger/environment/ament_prefix_path.sh
[4.858s] -- Up-to-date: /home/molen/Documents/sp_vision_tutorial_27/lecture4/homework/install/qos_debugger/share/qos_debugger/environment/ament_prefix_path.dsv
[4.858s] -- Up-to-date: /home/molen/Documents/sp_vision_tutorial_27/lecture4/homework/install/qos_debugger/share/qos_debugger/environment/path.sh
[4.858s] -- Up-to-date: /home/molen/Documents/sp_vision_tutorial_27/lecture4/homework/install/qos_debugger/share/qos_debugger/environment/path.dsv
[4.858s] -- Up-to-date: /home/molen/Documents/sp_vision_tutorial_27/lecture4/homework/install/qos_debugger/share/qos_debugger/local_setup.bash
[4.858s] -- Up-to-date: /home/molen/Documents/sp_vision_tutorial_27/lecture4/homework/install/qos_debugger/share/qos_debugger/local_setup.sh
[4.858s] -- Up-to-date: /home/molen/Documents/sp_vision_tutorial_27/lecture4/homework/install/qos_debugger/share/qos_debugger/local_setup.zsh
[4.858s] -- Up-to-date: /home/molen/Documents/sp_vision_tutorial_27/lecture4/homework/install/qos_debugger/share/qos_debugger/local_setup.dsv
[4.858s] -- Installing: /home/molen/Documents/sp_vision_tutorial_27/lecture4/homework/install/qos_debugger/share/qos_debugger/package.dsv
[4.858s] -- Up-to-date: /home/molen/Documents/sp_vision_tutorial_27/lecture4/homework/install/qos_debugger/share/ament_index/resource_index/packages/qos_debugger
[4.858s] -- Up-to-date: /home/molen/Documents/sp_vision_tutorial_27/lecture4/homework/install/qos_debugger/share/qos_debugger/cmake/qos_debuggerConfig.cmake
[4.858s] -- Up-to-date: /home/molen/Documents/sp_vision_tutorial_27/lecture4/homework/install/qos_debugger/share/qos_debugger/cmake/qos_debuggerConfig-version.cmake
[4.858s] -- Up-to-date: /home/molen/Documents/sp_vision_tutorial_27/lecture4/homework/install/qos_debugger/share/qos_debugger/package.xml
[4.860s] Invoked command in '/home/molen/Documents/sp_vision_tutorial_27/lecture4/homework/build/qos_debugger' returned '0': CMAKE_PREFIX_PATH=/home/molen/Documents/sp_vision_tutorial_27/lecture4/homework/install/nav_hw_interfaces:/home/molen/Documents/sp_vision_tutorial_27/lecture4/homework/install/qos_debugger:/opt/ros/humble LD_LIBRARY_PATH=/home/molen/Documents/sp_vision_tutorial_27/lecture4/homework/install/nav_hw_interfaces/lib:/opt/MVS/lib/64:/opt/MVS/lib/32:/opt/MVS/lib/64:/opt/MVS/lib/32:/opt/ros/humble/opt/rviz_ogre_vendor/lib:/opt/ros/humble/lib/x86_64-linux-gnu:/opt/ros/humble/lib:/opt/MVS/lib/64:/opt/MVS/lib/32:/opt/MVS/lib/64:/opt/MVS/lib/32:/opt/MVS/lib/64:/opt/MVS/lib/32:/opt/MVS/lib/64:/opt/MVS/lib/32 /usr/bin/cmake --install /home/molen/Documents/sp_vision_tutorial_27/lecture4/homework/build/qos_debugger
