[0.021s] Invoking command in '/home/molen/Documents/sp_vision_tutorial_27/lecture4/build/qos_debugger': AMENT_PREFIX_PATH=/home/molen/Documents/sp_vision_tutorial_27/lecture4/install/nav_hw_interfaces:${AMENT_PREFIX_PATH} CMAKE_PREFIX_PATH=/home/molen/Documents/sp_vision_tutorial_27/lecture4/install/nav_hw_interfaces:/opt/ros/humble LD_LIBRARY_PATH=/home/molen/Documents/sp_vision_tutorial_27/lecture4/install/nav_hw_interfaces/lib:/opt/MVS/lib/64:/opt/MVS/lib/32:/opt/MVS/lib/64:/opt/MVS/lib/32:/opt/ros/humble/opt/rviz_ogre_vendor/lib:/opt/ros/humble/lib/x86_64-linux-gnu:/opt/ros/humble/lib:/opt/MVS/lib/64:/opt/MVS/lib/32:/opt/MVS/lib/64:/opt/MVS/lib/32:/opt/MVS/lib/64:/opt/MVS/lib/32:/opt/MVS/lib/64:/opt/MVS/lib/32 PYTHONPATH=/home/molen/Documents/sp_vision_tutorial_27/lecture4/install/nav_hw_interfaces/local/lib/python3.10/dist-packages:${PYTHONPATH} /usr/bin/cmake /home/molen/Documents/sp_vision_tutorial_27/lecture4/homework/src/qos_debugger -DCMAKE_INSTALL_PREFIX=/home/molen/Documents/sp_vision_tutorial_27/lecture4/install/qos_debugger
[0.153s] -- The C compiler identification is GNU 11.4.0
[0.262s] -- The CXX compiler identification is GNU 11.4.0
[0.284s] -- Detecting C compiler ABI info
[0.468s] -- Detecting C compiler ABI info - done
[0.471s] -- Check for working C compiler: /usr/bin/cc - skipped
[0.472s] -- Detecting C compile features
[0.472s] -- Detecting C compile features - done
[0.476s] -- Detecting CXX compiler ABI info
[0.712s] -- Detecting CXX compiler ABI info - done
[0.719s] -- Check for working CXX compiler: /usr/bin/c++ - skipped
[0.719s] -- Detecting CXX compile features
[0.720s] -- Detecting CXX compile features - done
[0.728s] -- Found ament_cmake: 1.3.14 (/opt/ros/humble/share/ament_cmake/cmake)
[0.951s] -- Found Python3: /usr/bin/python3 (found version "3.10.12") found components: Interpreter 
[1.072s] -- Found rclcpp: 16.0.21 (/opt/ros/humble/share/rclcpp/cmake)
[1.122s] -- Found rosidl_generator_c: 3.1.9 (/opt/ros/humble/share/rosidl_generator_c/cmake)
[1.126s] -- Found rosidl_adapter: 3.1.9 (/opt/ros/humble/share/rosidl_adapter/cmake)
[1.137s] -- Found rosidl_generator_cpp: 3.1.9 (/opt/ros/humble/share/rosidl_generator_cpp/cmake)
[1.156s] -- Using all available rosidl_typesupport_c: rosidl_typesupport_fastrtps_c;rosidl_typesupport_introspection_c
[1.175s] -- Using all available rosidl_typesupport_cpp: rosidl_typesupport_fastrtps_cpp;rosidl_typesupport_introspection_cpp
[1.234s] -- Found rmw_implementation_cmake: 6.1.4 (/opt/ros/humble/share/rmw_implementation_cmake/cmake)
[1.238s] -- Found rmw_fastrtps_cpp: 6.2.10 (/opt/ros/humble/share/rmw_fastrtps_cpp/cmake)
[1.372s] -- Found OpenSSL: /usr/lib/x86_64-linux-gnu/libcrypto.so (found version "3.0.2")  
[1.409s] -- Found FastRTPS: /opt/ros/humble/include  
[1.453s] -- Using RMW implementation 'rmw_fastrtps_cpp' as default
[1.464s] -- Looking for pthread.h
[1.573s] -- Looking for pthread.h - found
[1.573s] -- Performing Test CMAKE_HAVE_LIBC_PTHREAD
[1.682s] -- Performing Test CMAKE_HAVE_LIBC_PTHREAD - Success
[1.683s] -- Found Threads: TRUE  
[1.746s] -- Found nav_hw_interfaces: 0.0.0 (/home/molen/Documents/sp_vision_tutorial_27/lecture4/install/nav_hw_interfaces/share/nav_hw_interfaces/cmake)
[1.810s] -- Configuring done
[1.828s] -- Generating done
[1.834s] -- Build files have been written to: /home/molen/Documents/sp_vision_tutorial_27/lecture4/build/qos_debugger
[1.847s] Invoked command in '/home/molen/Documents/sp_vision_tutorial_27/lecture4/build/qos_debugger' returned '0': AMENT_PREFIX_PATH=/home/molen/Documents/sp_vision_tutorial_27/lecture4/install/nav_hw_interfaces:${AMENT_PREFIX_PATH} CMAKE_PREFIX_PATH=/home/molen/Documents/sp_vision_tutorial_27/lecture4/install/nav_hw_interfaces:/opt/ros/humble LD_LIBRARY_PATH=/home/molen/Documents/sp_vision_tutorial_27/lecture4/install/nav_hw_interfaces/lib:/opt/MVS/lib/64:/opt/MVS/lib/32:/opt/MVS/lib/64:/opt/MVS/lib/32:/opt/ros/humble/opt/rviz_ogre_vendor/lib:/opt/ros/humble/lib/x86_64-linux-gnu:/opt/ros/humble/lib:/opt/MVS/lib/64:/opt/MVS/lib/32:/opt/MVS/lib/64:/opt/MVS/lib/32:/opt/MVS/lib/64:/opt/MVS/lib/32:/opt/MVS/lib/64:/opt/MVS/lib/32 PYTHONPATH=/home/molen/Documents/sp_vision_tutorial_27/lecture4/install/nav_hw_interfaces/local/lib/python3.10/dist-packages:${PYTHONPATH} /usr/bin/cmake /home/molen/Documents/sp_vision_tutorial_27/lecture4/homework/src/qos_debugger -DCMAKE_INSTALL_PREFIX=/home/molen/Documents/sp_vision_tutorial_27/lecture4/install/qos_debugger
[1.853s] Invoking command in '/home/molen/Documents/sp_vision_tutorial_27/lecture4/build/qos_debugger': AMENT_PREFIX_PATH=/home/molen/Documents/sp_vision_tutorial_27/lecture4/install/nav_hw_interfaces:${AMENT_PREFIX_PATH} CMAKE_PREFIX_PATH=/home/molen/Documents/sp_vision_tutorial_27/lecture4/install/nav_hw_interfaces:/opt/ros/humble LD_LIBRARY_PATH=/home/molen/Documents/sp_vision_tutorial_27/lecture4/install/nav_hw_interfaces/lib:/opt/MVS/lib/64:/opt/MVS/lib/32:/opt/MVS/lib/64:/opt/MVS/lib/32:/opt/ros/humble/opt/rviz_ogre_vendor/lib:/opt/ros/humble/lib/x86_64-linux-gnu:/opt/ros/humble/lib:/opt/MVS/lib/64:/opt/MVS/lib/32:/opt/MVS/lib/64:/opt/MVS/lib/32:/opt/MVS/lib/64:/opt/MVS/lib/32:/opt/MVS/lib/64:/opt/MVS/lib/32 PYTHONPATH=/home/molen/Documents/sp_vision_tutorial_27/lecture4/install/nav_hw_interfaces/local/lib/python3.10/dist-packages:${PYTHONPATH} /usr/bin/cmake --build /home/molen/Documents/sp_vision_tutorial_27/lecture4/build/qos_debugger -- -j8 -l8
[1.926s] [ 25%] [32mBuilding CXX object CMakeFiles/qos_debugger_sub.dir/src/qos_debugger_sub.cpp.o[0m
[1.942s] [ 50%] [32mBuilding CXX object CMakeFiles/qos_debugger_pub.dir/src/qos_debugger_pub.cpp.o[0m
[6.989s] [ 75%] [32m[1mLinking CXX executable qos_debugger_pub[0m
[7.120s] [ 75%] Built target qos_debugger_pub
[9.074s] [100%] [32m[1mLinking CXX executable qos_debugger_sub[0m
[9.292s] [100%] Built target qos_debugger_sub
[9.300s] Invoked command in '/home/molen/Documents/sp_vision_tutorial_27/lecture4/build/qos_debugger' returned '0': AMENT_PREFIX_PATH=/home/molen/Documents/sp_vision_tutorial_27/lecture4/install/nav_hw_interfaces:${AMENT_PREFIX_PATH} CMAKE_PREFIX_PATH=/home/molen/Documents/sp_vision_tutorial_27/lecture4/install/nav_hw_interfaces:/opt/ros/humble LD_LIBRARY_PATH=/home/molen/Documents/sp_vision_tutorial_27/lecture4/install/nav_hw_interfaces/lib:/opt/MVS/lib/64:/opt/MVS/lib/32:/opt/MVS/lib/64:/opt/MVS/lib/32:/opt/ros/humble/opt/rviz_ogre_vendor/lib:/opt/ros/humble/lib/x86_64-linux-gnu:/opt/ros/humble/lib:/opt/MVS/lib/64:/opt/MVS/lib/32:/opt/MVS/lib/64:/opt/MVS/lib/32:/opt/MVS/lib/64:/opt/MVS/lib/32:/opt/MVS/lib/64:/opt/MVS/lib/32 PYTHONPATH=/home/molen/Documents/sp_vision_tutorial_27/lecture4/install/nav_hw_interfaces/local/lib/python3.10/dist-packages:${PYTHONPATH} /usr/bin/cmake --build /home/molen/Documents/sp_vision_tutorial_27/lecture4/build/qos_debugger -- -j8 -l8
[9.301s] Invoking command in '/home/molen/Documents/sp_vision_tutorial_27/lecture4/build/qos_debugger': AMENT_PREFIX_PATH=/home/molen/Documents/sp_vision_tutorial_27/lecture4/install/nav_hw_interfaces:${AMENT_PREFIX_PATH} CMAKE_PREFIX_PATH=/home/molen/Documents/sp_vision_tutorial_27/lecture4/install/nav_hw_interfaces:/opt/ros/humble LD_LIBRARY_PATH=/home/molen/Documents/sp_vision_tutorial_27/lecture4/install/nav_hw_interfaces/lib:/opt/MVS/lib/64:/opt/MVS/lib/32:/opt/MVS/lib/64:/opt/MVS/lib/32:/opt/ros/humble/opt/rviz_ogre_vendor/lib:/opt/ros/humble/lib/x86_64-linux-gnu:/opt/ros/humble/lib:/opt/MVS/lib/64:/opt/MVS/lib/32:/opt/MVS/lib/64:/opt/MVS/lib/32:/opt/MVS/lib/64:/opt/MVS/lib/32:/opt/MVS/lib/64:/opt/MVS/lib/32 PYTHONPATH=/home/molen/Documents/sp_vision_tutorial_27/lecture4/install/nav_hw_interfaces/local/lib/python3.10/dist-packages:${PYTHONPATH} /usr/bin/cmake --install /home/molen/Documents/sp_vision_tutorial_27/lecture4/build/qos_debugger
[9.307s] -- Install configuration: ""
[9.307s] -- Installing: /home/molen/Documents/sp_vision_tutorial_27/lecture4/install/qos_debugger/lib/qos_debugger/qos_debugger_pub
[9.307s] -- Set runtime path of "/home/molen/Documents/sp_vision_tutorial_27/lecture4/install/qos_debugger/lib/qos_debugger/qos_debugger_pub" to ""
[9.308s] -- Installing: /home/molen/Documents/sp_vision_tutorial_27/lecture4/install/qos_debugger/lib/qos_debugger/qos_debugger_sub
[9.310s] -- Set runtime path of "/home/molen/Documents/sp_vision_tutorial_27/lecture4/install/qos_debugger/lib/qos_debugger/qos_debugger_sub" to ""
[9.310s] -- Installing: /home/molen/Documents/sp_vision_tutorial_27/lecture4/install/qos_debugger/share/ament_index/resource_index/package_run_dependencies/qos_debugger
[9.310s] -- Installing: /home/molen/Documents/sp_vision_tutorial_27/lecture4/install/qos_debugger/share/ament_index/resource_index/parent_prefix_path/qos_debugger
[9.310s] -- Installing: /home/molen/Documents/sp_vision_tutorial_27/lecture4/install/qos_debugger/share/qos_debugger/environment/ament_prefix_path.sh
[9.310s] -- Installing: /home/molen/Documents/sp_vision_tutorial_27/lecture4/install/qos_debugger/share/qos_debugger/environment/ament_prefix_path.dsv
[9.311s] -- Installing: /home/molen/Documents/sp_vision_tutorial_27/lecture4/install/qos_debugger/share/qos_debugger/environment/path.sh
[9.311s] -- Installing: /home/molen/Documents/sp_vision_tutorial_27/lecture4/install/qos_debugger/share/qos_debugger/environment/path.dsv
[9.311s] -- Installing: /home/molen/Documents/sp_vision_tutorial_27/lecture4/install/qos_debugger/share/qos_debugger/local_setup.bash
[9.311s] -- Installing: /home/molen/Documents/sp_vision_tutorial_27/lecture4/install/qos_debugger/share/qos_debugger/local_setup.sh
[9.311s] -- Installing: /home/molen/Documents/sp_vision_tutorial_27/lecture4/install/qos_debugger/share/qos_debugger/local_setup.zsh
[9.311s] -- Installing: /home/molen/Documents/sp_vision_tutorial_27/lecture4/install/qos_debugger/share/qos_debugger/local_setup.dsv
[9.311s] -- Installing: /home/molen/Documents/sp_vision_tutorial_27/lecture4/install/qos_debugger/share/qos_debugger/package.dsv
[9.311s] -- Installing: /home/molen/Documents/sp_vision_tutorial_27/lecture4/install/qos_debugger/share/ament_index/resource_index/packages/qos_debugger
[9.311s] -- Installing: /home/molen/Documents/sp_vision_tutorial_27/lecture4/install/qos_debugger/share/qos_debugger/cmake/qos_debuggerConfig.cmake
[9.311s] -- Installing: /home/molen/Documents/sp_vision_tutorial_27/lecture4/install/qos_debugger/share/qos_debugger/cmake/qos_debuggerConfig-version.cmake
[9.311s] -- Installing: /home/molen/Documents/sp_vision_tutorial_27/lecture4/install/qos_debugger/share/qos_debugger/package.xml
[9.313s] Invoked command in '/home/molen/Documents/sp_vision_tutorial_27/lecture4/build/qos_debugger' returned '0': AMENT_PREFIX_PATH=/home/molen/Documents/sp_vision_tutorial_27/lecture4/install/nav_hw_interfaces:${AMENT_PREFIX_PATH} CMAKE_PREFIX_PATH=/home/molen/Documents/sp_vision_tutorial_27/lecture4/install/nav_hw_interfaces:/opt/ros/humble LD_LIBRARY_PATH=/home/molen/Documents/sp_vision_tutorial_27/lecture4/install/nav_hw_interfaces/lib:/opt/MVS/lib/64:/opt/MVS/lib/32:/opt/MVS/lib/64:/opt/MVS/lib/32:/opt/ros/humble/opt/rviz_ogre_vendor/lib:/opt/ros/humble/lib/x86_64-linux-gnu:/opt/ros/humble/lib:/opt/MVS/lib/64:/opt/MVS/lib/32:/opt/MVS/lib/64:/opt/MVS/lib/32:/opt/MVS/lib/64:/opt/MVS/lib/32:/opt/MVS/lib/64:/opt/MVS/lib/32 PYTHONPATH=/home/molen/Documents/sp_vision_tutorial_27/lecture4/install/nav_hw_interfaces/local/lib/python3.10/dist-packages:${PYTHONPATH} /usr/bin/cmake --install /home/molen/Documents/sp_vision_tutorial_27/lecture4/build/qos_debugger
