[0.414s] Invoking command in '/home/molen/Documents/sp_vision_tutorial_27/lecture4/src/ep2/topic_learning_sub': PYTHONPATH=/home/molen/Documents/sp_vision_tutorial_27/lecture4/build/topic_learning_sub/prefix_override:/usr/lib/python3/dist-packages/colcon_core/task/python/colcon_distutils_commands:/home/molen/Documents/sp_vision_tutorial_27/lecture4/install/topic_learning_sub/lib/python3.10/site-packages:${PYTHONPATH} /usr/bin/python3 -W ignore:setup.py install is deprecated -W ignore:easy_install command is deprecated setup.py egg_info --egg-base ../../../build/topic_learning_sub build --build-base /home/molen/Documents/sp_vision_tutorial_27/lecture4/build/topic_learning_sub/build install --record /home/molen/Documents/sp_vision_tutorial_27/lecture4/build/topic_learning_sub/install.log --install-scripts $base/lib/topic_learning_sub --single-version-externally-managed install_data
[0.534s] running egg_info
[0.535s] creating ../../../build/topic_learning_sub/topic_learning_sub.egg-info
[0.535s] writing ../../../build/topic_learning_sub/topic_learning_sub.egg-info/PKG-INFO
[0.535s] writing dependency_links to ../../../build/topic_learning_sub/topic_learning_sub.egg-info/dependency_links.txt
[0.535s] writing entry points to ../../../build/topic_learning_sub/topic_learning_sub.egg-info/entry_points.txt
[0.535s] writing requirements to ../../../build/topic_learning_sub/topic_learning_sub.egg-info/requires.txt
[0.535s] writing top-level names to ../../../build/topic_learning_sub/topic_learning_sub.egg-info/top_level.txt
[0.535s] writing manifest file '../../../build/topic_learning_sub/topic_learning_sub.egg-info/SOURCES.txt'
[0.536s] reading manifest file '../../../build/topic_learning_sub/topic_learning_sub.egg-info/SOURCES.txt'
[0.536s] writing manifest file '../../../build/topic_learning_sub/topic_learning_sub.egg-info/SOURCES.txt'
[0.536s] running build
[0.536s] running build_py
[0.536s] creating /home/molen/Documents/sp_vision_tutorial_27/lecture4/build/topic_learning_sub/build
[0.537s] creating /home/molen/Documents/sp_vision_tutorial_27/lecture4/build/topic_learning_sub/build/lib
[0.537s] creating /home/molen/Documents/sp_vision_tutorial_27/lecture4/build/topic_learning_sub/build/lib/topic_learning_sub
[0.537s] copying topic_learning_sub/qos_subscriber.py -> /home/molen/Documents/sp_vision_tutorial_27/lecture4/build/topic_learning_sub/build/lib/topic_learning_sub
[0.537s] copying topic_learning_sub/subscriber_node.py -> /home/molen/Documents/sp_vision_tutorial_27/lecture4/build/topic_learning_sub/build/lib/topic_learning_sub
[0.537s] copying topic_learning_sub/__init__.py -> /home/molen/Documents/sp_vision_tutorial_27/lecture4/build/topic_learning_sub/build/lib/topic_learning_sub
[0.537s] running install
[0.538s] running install_lib
[0.538s] creating /home/molen/Documents/sp_vision_tutorial_27/lecture4/install/topic_learning_sub/lib/python3.10/site-packages/topic_learning_sub
[0.538s] copying /home/molen/Documents/sp_vision_tutorial_27/lecture4/build/topic_learning_sub/build/lib/topic_learning_sub/qos_subscriber.py -> /home/molen/Documents/sp_vision_tutorial_27/lecture4/install/topic_learning_sub/lib/python3.10/site-packages/topic_learning_sub
[0.538s] copying /home/molen/Documents/sp_vision_tutorial_27/lecture4/build/topic_learning_sub/build/lib/topic_learning_sub/subscriber_node.py -> /home/molen/Documents/sp_vision_tutorial_27/lecture4/install/topic_learning_sub/lib/python3.10/site-packages/topic_learning_sub
[0.538s] copying /home/molen/Documents/sp_vision_tutorial_27/lecture4/build/topic_learning_sub/build/lib/topic_learning_sub/__init__.py -> /home/molen/Documents/sp_vision_tutorial_27/lecture4/install/topic_learning_sub/lib/python3.10/site-packages/topic_learning_sub
[0.538s] byte-compiling /home/molen/Documents/sp_vision_tutorial_27/lecture4/install/topic_learning_sub/lib/python3.10/site-packages/topic_learning_sub/qos_subscriber.py to qos_subscriber.cpython-310.pyc
[0.539s] byte-compiling /home/molen/Documents/sp_vision_tutorial_27/lecture4/install/topic_learning_sub/lib/python3.10/site-packages/topic_learning_sub/subscriber_node.py to subscriber_node.cpython-310.pyc
[0.539s] byte-compiling /home/molen/Documents/sp_vision_tutorial_27/lecture4/install/topic_learning_sub/lib/python3.10/site-packages/topic_learning_sub/__init__.py to __init__.cpython-310.pyc
[0.539s] running install_data
[0.539s] creating /home/molen/Documents/sp_vision_tutorial_27/lecture4/install/topic_learning_sub/share/ament_index
[0.539s] creating /home/molen/Documents/sp_vision_tutorial_27/lecture4/install/topic_learning_sub/share/ament_index/resource_index
[0.539s] creating /home/molen/Documents/sp_vision_tutorial_27/lecture4/install/topic_learning_sub/share/ament_index/resource_index/packages
[0.539s] copying resource/topic_learning_sub -> /home/molen/Documents/sp_vision_tutorial_27/lecture4/install/topic_learning_sub/share/ament_index/resource_index/packages
[0.539s] copying package.xml -> /home/molen/Documents/sp_vision_tutorial_27/lecture4/install/topic_learning_sub/share/topic_learning_sub
[0.539s] running install_egg_info
[0.540s] Copying ../../../build/topic_learning_sub/topic_learning_sub.egg-info to /home/molen/Documents/sp_vision_tutorial_27/lecture4/install/topic_learning_sub/lib/python3.10/site-packages/topic_learning_sub-0.0.0-py3.10.egg-info
[0.541s] running install_scripts
[0.553s] Installing qos_subscriber script to /home/molen/Documents/sp_vision_tutorial_27/lecture4/install/topic_learning_sub/lib/topic_learning_sub
[0.553s] Installing subscriber_node script to /home/molen/Documents/sp_vision_tutorial_27/lecture4/install/topic_learning_sub/lib/topic_learning_sub
[0.553s] writing list of installed files to '/home/molen/Documents/sp_vision_tutorial_27/lecture4/build/topic_learning_sub/install.log'
[0.564s] Invoked command in '/home/molen/Documents/sp_vision_tutorial_27/lecture4/src/ep2/topic_learning_sub' returned '0': PYTHONPATH=/home/molen/Documents/sp_vision_tutorial_27/lecture4/build/topic_learning_sub/prefix_override:/usr/lib/python3/dist-packages/colcon_core/task/python/colcon_distutils_commands:/home/molen/Documents/sp_vision_tutorial_27/lecture4/install/topic_learning_sub/lib/python3.10/site-packages:${PYTHONPATH} /usr/bin/python3 -W ignore:setup.py install is deprecated -W ignore:easy_install command is deprecated setup.py egg_info --egg-base ../../../build/topic_learning_sub build --build-base /home/molen/Documents/sp_vision_tutorial_27/lecture4/build/topic_learning_sub/build install --record /home/molen/Documents/sp_vision_tutorial_27/lecture4/build/topic_learning_sub/install.log --install-scripts $base/lib/topic_learning_sub --single-version-externally-managed install_data
